Archive member included to satisfy reference by file (symbol)

.\CortexM3\ARM_GCC_541\Debug\BMP280_CY8CKIT_059.a(UART_1.o)
                              .\CortexM3\ARM_GCC_541\Debug\bsp_uart.o (UART_1_Start)
.\CortexM3\ARM_GCC_541\Debug\BMP280_CY8CKIT_059.a(UART_1_INT.o)
                              .\CortexM3\ARM_GCC_541\Debug\BMP280_CY8CKIT_059.a(UART_1.o) (UART_1_RXISR)
.\CortexM3\ARM_GCC_541\Debug\BMP280_CY8CKIT_059.a(Pin_1.o)
                              .\CortexM3\ARM_GCC_541\Debug\bsp_gpio.o (Pin_1_Write)
.\CortexM3\ARM_GCC_541\Debug\BMP280_CY8CKIT_059.a(UART_1_IntClock.o)
                              .\CortexM3\ARM_GCC_541\Debug\BMP280_CY8CKIT_059.a(UART_1.o) (UART_1_IntClock_Start)
.\CortexM3\ARM_GCC_541\Debug\BMP280_CY8CKIT_059.a(CyLib.o)
                              .\CortexM3\ARM_GCC_541\Debug\Cm3Start.o (CyHalt)
.\CortexM3\ARM_GCC_541\Debug\BMP280_CY8CKIT_059.a(cyPm.o)
                              .\CortexM3\ARM_GCC_541\Debug\BMP280_CY8CKIT_059.a(CyLib.o) (CyPmReadStatus)
.\CortexM3\ARM_GCC_541\Debug\BMP280_CY8CKIT_059.a(SPIM_1.o)
                              .\CortexM3\ARM_GCC_541\Debug\bsp_spi.o (SPIM_1_ReadTxStatus)
.\CortexM3\ARM_GCC_541\Debug\BMP280_CY8CKIT_059.a(SPIM_1_INT.o)
                              .\CortexM3\ARM_GCC_541\Debug\BMP280_CY8CKIT_059.a(SPIM_1.o) (SPIM_1_TX_ISR)
.\CortexM3\ARM_GCC_541\Debug\BMP280_CY8CKIT_059.a(SPIM_1_IntClock.o)
                              .\CortexM3\ARM_GCC_541\Debug\BMP280_CY8CKIT_059.a(SPIM_1.o) (SPIM_1_IntClock_Start)
.\CortexM3\ARM_GCC_541\Debug\BMP280_CY8CKIT_059.a(Pin_2.o)
                              .\CortexM3\ARM_GCC_541\Debug\bsp_gpio.o (Pin_2_Write)
.\CortexM3\ARM_GCC_541\Debug\BMP280_CY8CKIT_059.a(push_button.o)
                              .\CortexM3\ARM_GCC_541\Debug\bsp_gpio.o (push_button_Write)
.\CortexM3\ARM_GCC_541\Debug\BMP280_CY8CKIT_059.a(CyBootAsmGnu.o)
                              .\CortexM3\ARM_GCC_541\Debug\cyfitter_cfg.o (CyDelayCycles)
.\CortexM3\ARM_GCC_541\Debug\BMP280_CY8CKIT_059.a(CyFlash.o)
                              .\CortexM3\ARM_GCC_541\Debug\BMP280_CY8CKIT_059.a(cyPm.o) (CyFlash_SetWaitCycles)
.\CortexM3\ARM_GCC_541\Debug\BMP280_CY8CKIT_059.a(CySpc.o)
                              .\CortexM3\ARM_GCC_541\Debug\BMP280_CY8CKIT_059.a(CyFlash.o) (CySpcStart)
c:/program files (x86)/cypress/psoc creator/4.2/psoc creator/import/gnu/arm/5.4.1/bin/../lib/gcc/arm-none-eabi/5.4.1/armv7-m\libgcc.a(_arm_addsubdf3.o)
                              .\CortexM3\ARM_GCC_541\Debug\bsp_uart.o (__aeabi_i2d)
c:/program files (x86)/cypress/psoc creator/4.2/psoc creator/import/gnu/arm/5.4.1/bin/../lib/gcc/arm-none-eabi/5.4.1/armv7-m\libgcc.a(_arm_muldivdf3.o)
                              .\CortexM3\ARM_GCC_541\Debug\bsp_uart.o (__aeabi_dmul)
c:/program files (x86)/cypress/psoc creator/4.2/psoc creator/import/gnu/arm/5.4.1/bin/../lib/gcc/arm-none-eabi/5.4.1/armv7-m\libgcc.a(_arm_fixdfsi.o)
                              .\CortexM3\ARM_GCC_541\Debug\bsp_uart.o (__aeabi_d2iz)
c:/program files (x86)/cypress/psoc creator/4.2/psoc creator/import/gnu/arm/5.4.1/bin/../lib/gcc/arm-none-eabi/5.4.1/../../../../arm-none-eabi/lib/armv7-m\libg_nano.a(lib_a-ctype_.o)
                              .\CortexM3\ARM_GCC_541\Debug\bsp.o (__ctype_ptr__)
c:/program files (x86)/cypress/psoc creator/4.2/psoc creator/import/gnu/arm/5.4.1/bin/../lib/gcc/arm-none-eabi/5.4.1/../../../../arm-none-eabi/lib/armv7-m\libg_nano.a(lib_a-errno.o)
                              .\CortexM3\ARM_GCC_541\Debug\Cm3Start.o (__errno)
c:/program files (x86)/cypress/psoc creator/4.2/psoc creator/import/gnu/arm/5.4.1/bin/../lib/gcc/arm-none-eabi/5.4.1/../../../../arm-none-eabi/lib/armv7-m\libg_nano.a(lib_a-exit.o)
                              c:/program files (x86)/cypress/psoc creator/4.2/psoc creator/import/gnu/arm/5.4.1/bin/../lib/gcc/arm-none-eabi/5.4.1/../../../../arm-none-eabi/lib/armv7-m/crt0.o (exit)
c:/program files (x86)/cypress/psoc creator/4.2/psoc creator/import/gnu/arm/5.4.1/bin/../lib/gcc/arm-none-eabi/5.4.1/../../../../arm-none-eabi/lib/armv7-m\libg_nano.a(lib_a-impure.o)
                              c:/program files (x86)/cypress/psoc creator/4.2/psoc creator/import/gnu/arm/5.4.1/bin/../lib/gcc/arm-none-eabi/5.4.1/../../../../arm-none-eabi/lib/armv7-m\libg_nano.a(lib_a-exit.o) (_global_impure_ptr)
c:/program files (x86)/cypress/psoc creator/4.2/psoc creator/import/gnu/arm/5.4.1/bin/../lib/gcc/arm-none-eabi/5.4.1/../../../../arm-none-eabi/lib/armv7-m\libg_nano.a(lib_a-init.o)
                              c:/program files (x86)/cypress/psoc creator/4.2/psoc creator/import/gnu/arm/5.4.1/bin/../lib/gcc/arm-none-eabi/5.4.1/../../../../arm-none-eabi/lib/armv7-m/crt0.o (__libc_init_array)
c:/program files (x86)/cypress/psoc creator/4.2/psoc creator/import/gnu/arm/5.4.1/bin/../lib/gcc/arm-none-eabi/5.4.1/../../../../arm-none-eabi/lib/armv7-m\libg_nano.a(lib_a-memcpy-stub.o)
                              .\CortexM3\ARM_GCC_541\Debug\cyfitter_cfg.o (memcpy)
[...]
Memory Configuration

Name             Origin             Length             Attributes
rom              0x00000000         0x00040000         xr
ram              0x1fff8000         0x00010000         xrw
*default*        0x00000000         0xffffffff

Linker script and memory map

LOAD c:/program files (x86)/cypress/psoc creator/4.2/psoc creator/import/gnu/arm/5.4.1/bin/../lib/gcc/arm-none-eabi/5.4.1/armv7-m/crti.o
LOAD c:/program files (x86)/cypress/psoc creator/4.2/psoc creator/import/gnu/arm/5.4.1/bin/../lib/gcc/arm-none-eabi/5.4.1/armv7-m/crtbegin.o
LOAD c:/program files (x86)/cypress/psoc creator/4.2/psoc creator/import/gnu/arm/5.4.1/bin/../lib/gcc/arm-none-eabi/5.4.1/../../../../arm-none-eabi/lib/armv7-m/crt0.o
START GROUP
LOAD .\CortexM3\ARM_GCC_541\Debug\app.o
LOAD .\CortexM3\ARM_GCC_541\Debug\os_app_hooks.o
LOAD .\CortexM3\ARM_GCC_541\Debug\bsp_os.o
LOAD .\CortexM3\ARM_GCC_541\Debug\bsp.o
LOAD .\CortexM3\ARM_GCC_541\Debug\cpu_bsp.o
LOAD .\CortexM3\ARM_GCC_541\Debug\bsp_uart.o
LOAD .\CortexM3\ARM_GCC_541\Debug\bsp_gpio.o
LOAD .\CortexM3\ARM_GCC_541\Debug\bsp_spi.o
LOAD .\CortexM3\ARM_GCC_541\Debug\bmp280.o
LOAD .\CortexM3\ARM_GCC_541\Debug\cpu_c.o
LOAD .\CortexM3\ARM_GCC_541\Debug\cpu_core.o
LOAD .\CortexM3\ARM_GCC_541\Debug\lib_math.o
LOAD .\CortexM3\ARM_GCC_541\Debug\lib_mem.o
LOAD .\CortexM3\ARM_GCC_541\Debug\lib_str.o
LOAD .\CortexM3\ARM_GCC_541\Debug\lib_ascii.o
LOAD .\CortexM3\ARM_GCC_541\Debug\os_cpu_c.o
LOAD .\CortexM3\ARM_GCC_541\Debug\os_pend_multi.o
LOAD .\CortexM3\ARM_GCC_541\Debug\os_prio.o
LOAD .\CortexM3\ARM_GCC_541\Debug\os_q.o
LOAD .\CortexM3\ARM_GCC_541\Debug\os_sem.o
LOAD .\CortexM3\ARM_GCC_541\Debug\os_stat.o
LOAD .\CortexM3\ARM_GCC_541\Debug\os_task.o
LOAD .\CortexM3\ARM_GCC_541\Debug\os_tick.o
LOAD .\CortexM3\ARM_GCC_541\Debug\os_time.o
LOAD .\CortexM3\ARM_GCC_541\Debug\os_tmr.o
LOAD .\CortexM3\ARM_GCC_541\Debug\os_var.o
LOAD .\CortexM3\ARM_GCC_541\Debug\os_cfg_app.o
LOAD .\CortexM3\ARM_GCC_541\Debug\os_core.o
LOAD .\CortexM3\ARM_GCC_541\Debug\os_dbg.o
LOAD .\CortexM3\ARM_GCC_541\Debug\os_flag.o
LOAD .\CortexM3\ARM_GCC_541\Debug\os_int.o
LOAD .\CortexM3\ARM_GCC_541\Debug\os_mem.o
LOAD .\CortexM3\ARM_GCC_541\Debug\os_msg.o
LOAD .\CortexM3\ARM_GCC_541\Debug\os_mutex.o
LOAD .\CortexM3\ARM_GCC_541\Debug\cyfitter_cfg.o
LOAD .\CortexM3\ARM_GCC_541\Debug\cymetadata.o
LOAD .\CortexM3\ARM_GCC_541\Debug\Cm3Start.o
LOAD .\CortexM3\ARM_GCC_541\Debug\cpu_a.o
LOAD .\CortexM3\ARM_GCC_541\Debug\os_cpu_a.o
LOAD .\CortexM3\ARM_GCC_541\Debug\BMP280_CY8CKIT_059.a
LOAD C:\Program Files (x86)\Cypress\PSoC Creator\4.2\PSoC Creator\psoc\content\cycomponentlibrary\CyComponentLibrary.cylib\CortexM3\ARM_GCC_541\Debug\CyComponentLibrary.a
LOAD c:/program files (x86)/cypress/psoc creator/4.2/psoc creator/import/gnu/arm/5.4.1/bin/../lib/gcc/arm-none-eabi/5.4.1/../../../../arm-none-eabi/lib/armv7-m\libm.a
END GROUP
START GROUP
LOAD c:/program files (x86)/cypress/psoc creator/4.2/psoc creator/import/gnu/arm/5.4.1/bin/../lib/gcc/arm-none-eabi/5.4.1/armv7-m\libgcc.a
LOAD c:/program files (x86)/cypress/psoc creator/4.2/psoc creator/import/gnu/arm/5.4.1/bin/../lib/gcc/arm-none-eabi/5.4.1/../../../../arm-none-eabi/lib/armv7-m\libg_nano.a
LOAD c:/program files (x86)/cypress/psoc creator/4.2/psoc creator/import/gnu/arm/5.4.1/bin/../lib/gcc/arm-none-eabi/5.4.1/../../../../arm-none-eabi/lib/armv7-m\libc_nano.a
END GROUP
START GROUP
LOAD c:/program files (x86)/cypress/psoc creator/4.2/psoc creator/import/gnu/arm/5.4.1/bin/../lib/gcc/arm-none-eabi/5.4.1/armv7-m\libgcc.a
LOAD c:/program files (x86)/cypress/psoc creator/4.2/psoc creator/import/gnu/arm/5.4.1/bin/../lib/gcc/arm-none-eabi/5.4.1/../../../../arm-none-eabi/lib/armv7-m\libc_nano.a
END GROUP
LOAD c:/program files (x86)/cypress/psoc creator/4.2/psoc creator/import/gnu/arm/5.4.1/bin/../lib/gcc/arm-none-eabi/5.4.1/armv7-m/crtend.o
LOAD c:/program files (x86)/cypress/psoc creator/4.2/psoc creator/import/gnu/arm/5.4.1/bin/../lib/gcc/arm-none-eabi/5.4.1/armv7-m/crtn.o
START GROUP
LOAD c:/program files (x86)/cypress/psoc creator/4.2/psoc creator/import/gnu/arm/5.4.1/bin/../lib/gcc/arm-none-eabi/5.4.1/armv7-m\libgcc.a
LOAD c:/program files (x86)/cypress/psoc creator/4.2/psoc creator/import/gnu/arm/5.4.1/bin/../lib/gcc/arm-none-eabi/5.4.1/../../../../arm-none-eabi/lib/armv7-m\libc.a
LOAD c:/program files (x86)/cypress/psoc creator/4.2/psoc creator/import/gnu/arm/5.4.1/bin/../lib/gcc/arm-none-eabi/5.4.1/../../../../arm-none-eabi/lib/armv7-m\libnosys.a
END GROUP
                0x00000000                CY_APPL_ORIGIN = 0x0
                0x00000100                CY_FLASH_ROW_SIZE = 0x100
                0x00000020                CY_ECC_ROW_SIZE = 0x20
                0x00000000                CY_EE_IN_BTLDR = 0x0
                0x00000000                CY_APPL_LOADABLE = 0x0
                0x00000800                CY_EE_SIZE = 0x800
                0x00000001                CY_APPL_NUM = 0x1
                0x00000001                CY_APPL_MAX = 0x1
                0x00000040                CY_METADATA_SIZE = 0x40
                0x00000000                CY_APPL_LOADABLE = 0x0
                0x00000000                CY_CHECKSUM_EXCLUDE_SIZE = ALIGN (0x0, CY_FLASH_ROW_SIZE)
                [!provide]                PROVIDE (__cy_heap_start, _end)
                0x00000001                PROVIDE (__cy_region_num, ((__cy_regions_end - __cy_regions) / 0x10))
                0x20008000                PROVIDE (__cy_stack, (ORIGIN (ram) + LENGTH (ram)))
                [!provide]                PROVIDE (__cy_heap_end, (__cy_stack - 0x800))

.cybootloader   0x00000000        0x0
 *(.cybootloader)
                0x00000000                appl1_start = CY_APPL_ORIGIN?CY_APPL_ORIGIN:ALIGN (CY_FLASH_ROW_SIZE)
                0x0001ff00                appl2_start = (appl1_start + ALIGN ((((LENGTH (rom) - appl1_start) - (0x2 * CY_FLASH_ROW_SIZE)) / 0x2), CY_FLASH_ROW_SIZE))
                0x00000000                appl_start = (CY_APPL_NUM == 0x1)?appl1_start:appl2_start
                0x00000000                ecc_offset = ((appl_start / CY_FLASH_ROW_SIZE) * CY_ECC_ROW_SIZE)
                0x00000000                ee_offset = (CY_APPL_LOADABLE && ! (CY_EE_IN_BTLDR))?((CY_EE_SIZE / CY_APPL_MAX) * (CY_APPL_NUM - 0x1)):0x0
                0x00000800                ee_size = (CY_APPL_LOADABLE && ! (CY_EE_IN_BTLDR))?(CY_EE_SIZE / CY_APPL_MAX):CY_EE_SIZE
                [!provide]                PROVIDE (CY_ECC_OFFSET, ecc_offset)

.text           0x00000000     0x63ec
 CREATE_OBJECT_SYMBOLS
                0x00000000                PROVIDE (__cy_interrupt_vector, RomVectors)
 *(.romvectors)
 .romvectors    0x00000000       0x10 .\CortexM3\ARM_GCC_541\Debug\Cm3Start.o
                0x00000000                RomVectors
                0x00000001                ASSERT ((. != __cy_interrupt_vector), No interrupt vector)
                0x00000001                ASSERT (CY_APPL_ORIGIN?(SIZEOF (.cybootloader) <= CY_APPL_ORIGIN):0x1, Wrong image location)
                0x00000010                PROVIDE (__cy_reset, Reset)
 *(.text.Reset)
 .text.Reset    0x00000010       0x18 .\CortexM3\ARM_GCC_541\Debug\Cm3Start.o
                0x00000010                Reset
                0x00000001                ASSERT ((. != __cy_reset), No reset code)
 *(.dma_init)
                0x00000001                ASSERT ((((appl_start + .) <= 0x10000) || 0x1), DMA Init must be within the first 64k of flash)
 *(.text .text.* .gnu.linkonce.t.*)
 .text          0x00000028       0x5c c:/program files (x86)/cypress/psoc creator/4.2/psoc creator/import/gnu/arm/5.4.1/bin/../lib/gcc/arm-none-eabi/5.4.1/armv7-m/crtbegin.o
 .text.App_TaskCreate
                0x00000084       0x88 .\CortexM3\ARM_GCC_541\Debug\app.o
 .text.App_TaskStart
                0x0000010c       0x34 .\CortexM3\ARM_GCC_541\Debug\app.o
 .text.App_TaskPRESS
                0x00000140       0x54 .\CortexM3\ARM_GCC_541\Debug\app.o
 .text.App_TaskCOM
                0x00000194       0x28 .\CortexM3\ARM_GCC_541\Debug\app.o
 .text.main     0x000001bc       0x60 .\CortexM3\ARM_GCC_541\Debug\app.o
                0x000001bc                main
 .text.BSP_PreInit
                0x0000021c       0x20 .\CortexM3\ARM_GCC_541\Debug\bsp.o
                0x0000021c                BSP_PreInit
 .text.BSP_PostInit
                0x0000023c       0x10 .\CortexM3\ARM_GCC_541\Debug\bsp.o
                0x0000023c                BSP_PostInit
 .text.BSP_CPU_ClkFreq
                0x0000024c        0x8 .\CortexM3\ARM_GCC_541\Debug\bsp.o
                0x0000024c                BSP_CPU_ClkFreq
 .text.BSP_CPU_TickInit
                0x00000254       0x18 .\CortexM3\ARM_GCC_541\Debug\bsp.o
                0x00000254                BSP_CPU_TickInit
 .text.CPU_TS_TmrInit
                0x0000026c       0x28 .\CortexM3\ARM_GCC_541\Debug\cpu_bsp.o
                0x0000026c                CPU_TS_TmrInit
 .text.CPU_TS_TmrRd
                0x00000294        0xc .\CortexM3\ARM_GCC_541\Debug\cpu_bsp.o
                0x00000294                CPU_TS_TmrRd
 .text.init_uart
                0x000002a0        0x8 .\CortexM3\ARM_GCC_541\Debug\bsp_uart.o
                0x000002a0                init_uart
 .text.uart_send_array
                0x000002a8        0x8 .\CortexM3\ARM_GCC_541\Debug\bsp_uart.o
                0x000002a8                uart_send_array
 .text.uart_send_press_temp
                0x000002b0       0xe0 .\CortexM3\ARM_GCC_541\Debug\bsp_uart.o
                0x000002b0                uart_send_press_temp
 .text.init_gpio
                0x00000390       0x1c .\CortexM3\ARM_GCC_541\Debug\bsp_gpio.o
                0x00000390                init_gpio
 .text.init_spi
                0x000003ac        0x8 .\CortexM3\ARM_GCC_541\Debug\bsp_spi.o
                0x000003ac                init_spi
 .text.prepare_and_wait_spi_send
                0x000003b4       0x18 .\CortexM3\ARM_GCC_541\Debug\bsp_spi.o
                0x000003b4                prepare_and_wait_spi_send
 .text.spi_send_n_bytes
                0x000003cc       0x1c .\CortexM3\ARM_GCC_541\Debug\bsp_spi.o
                0x000003cc                spi_send_n_bytes
 .text.wait_spi_tx
                0x000003e8       0x10 .\CortexM3\ARM_GCC_541\Debug\bsp_spi.o
                0x000003e8                wait_spi_tx
 .text.spi_get_n_bytes
                0x000003f8       0x28 .\CortexM3\ARM_GCC_541\Debug\bsp_spi.o
                0x000003f8                spi_get_n_bytes
 .text.bmp280_spi_read_multiple
                0x00000420       0x28 .\CortexM3\ARM_GCC_541\Debug\bmp280.o
                0x00000420                bmp280_spi_read_multiple
 .text.bmp280_spi_write
                0x00000448       0x18 .\CortexM3\ARM_GCC_541\Debug\bmp280.o
                0x00000448                bmp280_spi_write
 .text.set_bmp280_config
                0x00000460       0x5c .\CortexM3\ARM_GCC_541\Debug\bmp280.o
                0x00000460                set_bmp280_config
 .text.wait_bmp280_connecting
                0x000004bc       0x2c .\CortexM3\ARM_GCC_541\Debug\bmp280.o
                0x000004bc                wait_bmp280_connecting
 .text.read_bmp280_press_temp
                0x000004e8       0x10 .\CortexM3\ARM_GCC_541\Debug\bmp280.o
                0x000004e8                read_bmp280_press_temp
 .text.read_bmp280_calib
                0x000004f8       0x10 .\CortexM3\ARM_GCC_541\Debug\bmp280.o
                0x000004f8                read_bmp280_calib
 .text.get_bmp280_press_temp
                0x00000508      0x240 .\CortexM3\ARM_GCC_541\Debug\bmp280.o
                0x00000508                get_bmp280_press_temp
 .text.CPU_TS_Init
                0x00000748       0x14 .\CortexM3\ARM_GCC_541\Debug\cpu_core.o
 .text.CPU_NameClr
                0x0000075c       0x1c .\CortexM3\ARM_GCC_541\Debug\cpu_core.o
                0x0000075c                CPU_NameClr
 .text.CPU_NameInit
                0x00000778        0x8 .\CortexM3\ARM_GCC_541\Debug\cpu_core.o
 .text.CPU_Init
                0x00000780        0xc .\CortexM3\ARM_GCC_541\Debug\cpu_core.o
                0x00000780                CPU_Init
 .text.CPU_TS_TmrFreqSet
                0x0000078c        0xc .\CortexM3\ARM_GCC_541\Debug\cpu_core.o
                0x0000078c                CPU_TS_TmrFreqSet
 .text.Mem_Set  0x00000798       0x44 .\CortexM3\ARM_GCC_541\Debug\lib_mem.o
                0x00000798                Mem_Set
 .text.Mem_Clr  0x000007dc        0xc .\CortexM3\ARM_GCC_541\Debug\lib_mem.o
                0x000007dc                Mem_Clr
 .text.OSIdleTaskHook
                0x000007e8       0x10 .\CortexM3\ARM_GCC_541\Debug\os_cpu_c.o
                0x000007e8                OSIdleTaskHook
 .text.OSInitHook
                0x000007f8       0x3c .\CortexM3\ARM_GCC_541\Debug\os_cpu_c.o
                0x000007f8                OSInitHook
 .text.OSStatTaskHook
                0x00000834       0x10 .\CortexM3\ARM_GCC_541\Debug\os_cpu_c.o
                0x00000834                OSStatTaskHook
 .text.OSTaskCreateHook
                0x00000844       0x10 .\CortexM3\ARM_GCC_541\Debug\os_cpu_c.o
                0x00000844                OSTaskCreateHook
 .text.OSTaskDelHook
                0x00000854       0x10 .\CortexM3\ARM_GCC_541\Debug\os_cpu_c.o
                0x00000854                OSTaskDelHook
 .text.OSTaskReturnHook
                0x00000864       0x10 .\CortexM3\ARM_GCC_541\Debug\os_cpu_c.o
                0x00000864                OSTaskReturnHook
 .text.OSTaskStkInit
                0x00000874       0x88 .\CortexM3\ARM_GCC_541\Debug\os_cpu_c.o
                0x00000874                OSTaskStkInit
 .text.OSTaskSwHook
                0x000008fc       0x40 .\CortexM3\ARM_GCC_541\Debug\os_cpu_c.o
                0x000008fc                OSTaskSwHook
 .text.OSTimeTickHook
                0x0000093c       0x10 .\CortexM3\ARM_GCC_541\Debug\os_cpu_c.o
                0x0000093c                OSTimeTickHook
 .text.OS_CPU_SysTickHandler
                0x0000094c       0x20 .\CortexM3\ARM_GCC_541\Debug\os_cpu_c.o
                0x0000094c                OS_CPU_SysTickHandler
 .text.OS_CPU_SysTickInit
                0x0000096c       0x30 .\CortexM3\ARM_GCC_541\Debug\os_cpu_c.o
                0x0000096c                OS_CPU_SysTickInit
 .text.OS_PrioInit
                0x0000099c       0x18 .\CortexM3\ARM_GCC_541\Debug\os_prio.o
                0x0000099c                OS_PrioInit
 .text.OS_PrioGetHighest
                0x000009b4       0x24 .\CortexM3\ARM_GCC_541\Debug\os_prio.o
                0x000009b4                OS_PrioGetHighest
 .text.OS_PrioInsert
                0x000009d8       0x24 .\CortexM3\ARM_GCC_541\Debug\os_prio.o
                0x000009d8                OS_PrioInsert
 .text.OS_PrioRemove
                0x000009fc       0x24 .\CortexM3\ARM_GCC_541\Debug\os_prio.o
                0x000009fc                OS_PrioRemove
 .text.OS_QInit
                0x00000a20       0x18 .\CortexM3\ARM_GCC_541\Debug\os_q.o
                0x00000a20                OS_QInit
 .text.OS_SemInit
                0x00000a38       0x18 .\CortexM3\ARM_GCC_541\Debug\os_sem.o
                0x00000a38                OS_SemInit
 .text.OSStatReset
                0x00000a50       0xb8 .\CortexM3\ARM_GCC_541\Debug\os_stat.o
                0x00000a50                OSStatReset
 .text.OS_StatTask
                0x00000b08      0x230 .\CortexM3\ARM_GCC_541\Debug\os_stat.o
                0x00000b08                OS_StatTask
 .text.OSStatTaskCPUUsageInit
                0x00000d38       0xbc .\CortexM3\ARM_GCC_541\Debug\os_stat.o
                0x00000d38                OSStatTaskCPUUsageInit
 .text.OS_StatTaskInit
                0x00000df4       0xa8 .\CortexM3\ARM_GCC_541\Debug\os_stat.o
                0x00000df4                OS_StatTaskInit
 .text.OSTaskQPend
                0x00000e9c      0x160 .\CortexM3\ARM_GCC_541\Debug\os_task.o
                0x00000e9c                OSTaskQPend
 .text.OSTaskSemPend
                0x00000ffc      0x130 .\CortexM3\ARM_GCC_541\Debug\os_task.o
                0x00000ffc                OSTaskSemPend
 .text.OSTaskStkChk
                0x0000112c       0x90 .\CortexM3\ARM_GCC_541\Debug\os_task.o
                0x0000112c                OSTaskStkChk
 .text.OS_TaskDbgListAdd
                0x000011bc       0x24 .\CortexM3\ARM_GCC_541\Debug\os_task.o
                0x000011bc                OS_TaskDbgListAdd
 .text.OS_TaskDbgListRemove
                0x000011e0       0x44 .\CortexM3\ARM_GCC_541\Debug\os_task.o
                0x000011e0                OS_TaskDbgListRemove
 .text.OS_TaskInit
                0x00001224       0x20 .\CortexM3\ARM_GCC_541\Debug\os_task.o
                0x00001224                OS_TaskInit
 .text.OS_TaskInitTCB
                0x00001244       0xcc .\CortexM3\ARM_GCC_541\Debug\os_task.o
                0x00001244                OS_TaskInitTCB
 .text.OSTaskCreate
                0x00001310      0x1a8 .\CortexM3\ARM_GCC_541\Debug\os_task.o
                0x00001310                OSTaskCreate
 .text.OSTaskDel
                0x000014b8       0xcc .\CortexM3\ARM_GCC_541\Debug\os_task.o
                0x000014b8                OSTaskDel
 .text.OS_TaskQPost
                0x00001584       0xac .\CortexM3\ARM_GCC_541\Debug\os_task.o
                0x00001584                OS_TaskQPost
 .text.OSTaskQPost
                0x00001630       0x48 .\CortexM3\ARM_GCC_541\Debug\os_task.o
                0x00001630                OSTaskQPost
 .text.OS_TaskResume
                0x00001678       0xb8 .\CortexM3\ARM_GCC_541\Debug\os_task.o
                0x00001678                OS_TaskResume
 .text.OSTaskResume
                0x00001730       0x44 .\CortexM3\ARM_GCC_541\Debug\os_task.o
                0x00001730                OSTaskResume
 .text.OS_TaskReturn
                0x00001774       0x20 .\CortexM3\ARM_GCC_541\Debug\os_task.o
                0x00001774                OS_TaskReturn
 .text.OS_TaskSemPost
                0x00001794       0xc0 .\CortexM3\ARM_GCC_541\Debug\os_task.o
                0x00001794                OS_TaskSemPost
 .text.OSTaskSemPost
                0x00001854       0x2c .\CortexM3\ARM_GCC_541\Debug\os_task.o
                0x00001854                OSTaskSemPost
 .text.OS_TaskSuspend
                0x00001880       0xcc .\CortexM3\ARM_GCC_541\Debug\os_task.o
                0x00001880                OS_TaskSuspend
 .text.OSTaskSuspend
                0x0000194c       0x2c .\CortexM3\ARM_GCC_541\Debug\os_task.o
                0x0000194c                OSTaskSuspend
 .text.OS_TickListInit
                0x00001978       0x2c .\CortexM3\ARM_GCC_541\Debug\os_tick.o
                0x00001978                OS_TickListInit
 .text.OS_TickTaskInit
                0x000019a4       0x98 .\CortexM3\ARM_GCC_541\Debug\os_tick.o
                0x000019a4                OS_TickTaskInit
 .text.OS_TickListInsert
                0x00001a3c      0x120 .\CortexM3\ARM_GCC_541\Debug\os_tick.o
                0x00001a3c                OS_TickListInsert
 .text.OS_TickListRemove
                0x00001b5c       0x38 .\CortexM3\ARM_GCC_541\Debug\os_tick.o
                0x00001b5c                OS_TickListRemove
 .text.OS_TickListResetPeak
                0x00001b94       0x24 .\CortexM3\ARM_GCC_541\Debug\os_tick.o
                0x00001b94                OS_TickListResetPeak
 .text.OS_TickListUpdate
                0x00001bb8      0x144 .\CortexM3\ARM_GCC_541\Debug\os_tick.o
                0x00001bb8                OS_TickListUpdate
 .text.OS_TickTask
                0x00001cfc       0x2c .\CortexM3\ARM_GCC_541\Debug\os_tick.o
                0x00001cfc                OS_TickTask
 .text.OSTimeDly
                0x00001d28       0x94 .\CortexM3\ARM_GCC_541\Debug\os_time.o
                0x00001d28                OSTimeDly
 .text.OSTimeDlyHMSM
                0x00001dbc      0x164 .\CortexM3\ARM_GCC_541\Debug\os_time.o
                0x00001dbc                OSTimeDlyHMSM
 .text.OSTimeTick
                0x00001f20       0x64 .\CortexM3\ARM_GCC_541\Debug\os_time.o
                0x00001f20                OSTimeTick
 .text.OS_TmrInit
                0x00001f84      0x100 .\CortexM3\ARM_GCC_541\Debug\os_tmr.o
                0x00001f84                OS_TmrInit
 .text.OS_TmrLink
                0x00002084       0xe8 .\CortexM3\ARM_GCC_541\Debug\os_tmr.o
                0x00002084                OS_TmrLink
 .text.OS_TmrResetPeak
                0x0000216c       0x24 .\CortexM3\ARM_GCC_541\Debug\os_tmr.o
                0x0000216c                OS_TmrResetPeak
 .text.OS_TmrUnlink
                0x00002190       0x58 .\CortexM3\ARM_GCC_541\Debug\os_tmr.o
                0x00002190                OS_TmrUnlink
 .text.OS_TmrTask
                0x000021e8       0xb0 .\CortexM3\ARM_GCC_541\Debug\os_tmr.o
                0x000021e8                OS_TmrTask
 .text.OSCfg_Init
                0x00002298        0x4 .\CortexM3\ARM_GCC_541\Debug\os_cfg_app.o
                0x00002298                OSCfg_Init
 .text.OS_IdleTask
                0x0000229c       0x28 .\CortexM3\ARM_GCC_541\Debug\os_core.o
                0x0000229c                OS_IdleTask
 .text.OSIntExit
                0x000022c4       0xa8 .\CortexM3\ARM_GCC_541\Debug\os_core.o
                0x000022c4                OSIntExit
 .text.OSSched  0x0000236c       0x80 .\CortexM3\ARM_GCC_541\Debug\os_core.o
                0x0000236c                OSSched
 .text.OSSchedLock
                0x000023ec       0x54 .\CortexM3\ARM_GCC_541\Debug\os_core.o
                0x000023ec                OSSchedLock
 .text.OSSchedUnlock
                0x00002440       0x68 .\CortexM3\ARM_GCC_541\Debug\os_core.o
                0x00002440                OSSchedUnlock
 .text.OSStart  0x000024a8       0x5c .\CortexM3\ARM_GCC_541\Debug\os_core.o
                0x000024a8                OSStart
 .text.OS_IdleTaskInit
                0x00002504       0x58 .\CortexM3\ARM_GCC_541\Debug\os_core.o
                0x00002504                OS_IdleTaskInit
 .text.OS_PendDataInit
                0x0000255c       0x28 .\CortexM3\ARM_GCC_541\Debug\os_core.o
                0x0000255c                OS_PendDataInit
 .text.OS_PendDbgNameAdd
                0x00002584       0x44 .\CortexM3\ARM_GCC_541\Debug\os_core.o
                0x00002584                OS_PendDbgNameAdd
 .text.OS_PendDbgNameRemove
                0x000025c8       0x1c .\CortexM3\ARM_GCC_541\Debug\os_core.o
                0x000025c8                OS_PendDbgNameRemove
 .text.OS_PendListInsertPrio
                0x000025e4       0x5c .\CortexM3\ARM_GCC_541\Debug\os_core.o
                0x000025e4                OS_PendListInsertPrio
 .text.OS_PendListRemove1
                0x00002640       0x38 .\CortexM3\ARM_GCC_541\Debug\os_core.o
                0x00002640                OS_PendListRemove1
 .text.OS_PendListRemove
                0x00002678       0x28 .\CortexM3\ARM_GCC_541\Debug\os_core.o
                0x00002678                OS_PendListRemove
 .text.OS_Post1
                0x000026a0       0x28 .\CortexM3\ARM_GCC_541\Debug\os_core.o
                0x000026a0                OS_Post1
 .text.OS_RdyListInit
                0x000026c8       0x28 .\CortexM3\ARM_GCC_541\Debug\os_core.o
                0x000026c8                OS_RdyListInit
 .text.OSInit   0x000026f0      0x154 .\CortexM3\ARM_GCC_541\Debug\os_core.o
                0x000026f0                OSInit
 .text.OS_RdyListInsertHead
                0x00002844       0x54 .\CortexM3\ARM_GCC_541\Debug\os_core.o
                0x00002844                OS_RdyListInsertHead
 .text.OS_RdyListInsertTail
                0x00002898       0x54 .\CortexM3\ARM_GCC_541\Debug\os_core.o
                0x00002898                OS_RdyListInsertTail
 .text.OS_RdyListInsert
                0x000028ec       0x2c .\CortexM3\ARM_GCC_541\Debug\os_core.o
                0x000028ec                OS_RdyListInsert
 .text.OS_RdyListMoveHeadToTail
                0x00002918       0x38 .\CortexM3\ARM_GCC_541\Debug\os_core.o
                0x00002918                OS_RdyListMoveHeadToTail
 .text.OS_RdyListRemove
                0x00002950       0x78 .\CortexM3\ARM_GCC_541\Debug\os_core.o
                0x00002950                OS_RdyListRemove
 .text.OS_SchedRoundRobin
                0x000029c8       0x88 .\CortexM3\ARM_GCC_541\Debug\os_core.o
                0x000029c8                OS_SchedRoundRobin
 .text.OS_TaskBlock
                0x00002a50       0x3c .\CortexM3\ARM_GCC_541\Debug\os_core.o
                0x00002a50                OS_TaskBlock
 .text.OS_Pend  0x00002a8c       0x54 .\CortexM3\ARM_GCC_541\Debug\os_core.o
                0x00002a8c                OS_Pend
 .text.OS_TaskRdy
                0x00002ae0       0x1c .\CortexM3\ARM_GCC_541\Debug\os_core.o
                0x00002ae0                OS_TaskRdy
 .text.OS_Post  0x00002afc       0xac .\CortexM3\ARM_GCC_541\Debug\os_core.o
                0x00002afc                OS_Post
 .text.OS_Dbg_Init
                0x00002ba8        0x4 .\CortexM3\ARM_GCC_541\Debug\os_dbg.o
                0x00002ba8                OS_Dbg_Init
 .text.OS_FlagInit
                0x00002bac       0x18 .\CortexM3\ARM_GCC_541\Debug\os_flag.o
                0x00002bac                OS_FlagInit
 .text.OS_MemInit
                0x00002bc4       0x18 .\CortexM3\ARM_GCC_541\Debug\os_mem.o
                0x00002bc4                OS_MemInit
 .text.OS_MsgPoolInit
                0x00002bdc       0x68 .\CortexM3\ARM_GCC_541\Debug\os_msg.o
                0x00002bdc                OS_MsgPoolInit
 .text.OS_MsgQFreeAll
                0x00002c44       0x34 .\CortexM3\ARM_GCC_541\Debug\os_msg.o
                0x00002c44                OS_MsgQFreeAll
 .text.OS_MsgQInit
                0x00002c78       0x10 .\CortexM3\ARM_GCC_541\Debug\os_msg.o
                0x00002c78                OS_MsgQInit
 .text.OS_MsgQGet
                0x00002c88       0x5c .\CortexM3\ARM_GCC_541\Debug\os_msg.o
                0x00002c88                OS_MsgQGet
 .text.OS_MsgQPut
                0x00002ce4       0x94 .\CortexM3\ARM_GCC_541\Debug\os_msg.o
                0x00002ce4                OS_MsgQPut
 .text.OS_MutexInit
                0x00002d78       0x18 .\CortexM3\ARM_GCC_541\Debug\os_mutex.o
                0x00002d78                OS_MutexInit
 .text.CyClockStartupError
                0x00002d90        0x4 .\CortexM3\ARM_GCC_541\Debug\cyfitter_cfg.o
 .text.cfg_write_bytes32
                0x00002d94       0x34 .\CortexM3\ARM_GCC_541\Debug\cyfitter_cfg.o
 .text.AnalogSetDefault
                0x00002dc8       0x28 .\CortexM3\ARM_GCC_541\Debug\cyfitter_cfg.o
 .text.CYMEMZERO
                0x00002df0        0xc .\CortexM3\ARM_GCC_541\Debug\cyfitter_cfg.o
 .text.ClockSetup
                0x00002dfc       0xc4 .\CortexM3\ARM_GCC_541\Debug\cyfitter_cfg.o
 .text.CYCONFIGCPY
                0x00002ec0        0x8 .\CortexM3\ARM_GCC_541\Debug\cyfitter_cfg.o
 .text.cyfitter_cfg
                0x00002ec8      0x110 .\CortexM3\ARM_GCC_541\Debug\cyfitter_cfg.o
                0x00002ec8                cyfitter_cfg
 .text.IntDefaultHandler
                0x00002fd8       0x10 .\CortexM3\ARM_GCC_541\Debug\Cm3Start.o
                0x00002fd8                IntDefaultHandler
 .text._sbrk    0x00002fe8       0x30 .\CortexM3\ARM_GCC_541\Debug\Cm3Start.o
                0x00002fe8                _sbrk
 .text.Start_c  0x00003018       0x4c .\CortexM3\ARM_GCC_541\Debug\Cm3Start.o
                0x00003018                Start_c
 .text.initialize_psoc
                0x00003064       0x68 .\CortexM3\ARM_GCC_541\Debug\Cm3Start.o
                0x00003064                initialize_psoc
 .text          0x000030cc       0x34 .\CortexM3\ARM_GCC_541\Debug\cpu_a.o
                0x000030cc                CPU_IntDis
                0x000030d0                CPU_IntEn
                0x000030d4                CPU_SR_Save
                0x000030dc                CPU_SR_Restore
                0x000030e2                CPU_WaitForInt
                0x000030e6                CPU_WaitForExcept
                0x000030ea                CPU_CntLeadZeros
                0x000030f0                CPU_CntTrailZeros
                0x000030fa                CPU_RevBits
 .text          0x00003100       0x84 .\CortexM3\ARM_GCC_541\Debug\os_cpu_a.o
                0x00003100                OSStartHighRdy
                0x00003120                OS_CPU_PendSVHandler
 .text.UART_1_Init
                0x00003184       0x60 .\CortexM3\ARM_GCC_541\Debug\BMP280_CY8CKIT_059.a(UART_1.o)
                0x00003184                UART_1_Init
 .text.UART_1_Enable
                0x000031e4       0x50 .\CortexM3\ARM_GCC_541\Debug\BMP280_CY8CKIT_059.a(UART_1.o)
                0x000031e4                UART_1_Enable
 .text.UART_1_Start
                0x00003234       0x1c .\CortexM3\ARM_GCC_541\Debug\BMP280_CY8CKIT_059.a(UART_1.o)
                0x00003234                UART_1_Start
 .text.UART_1_PutChar
                0x00003250       0x70 .\CortexM3\ARM_GCC_541\Debug\BMP280_CY8CKIT_059.a(UART_1.o)
                0x00003250                UART_1_PutChar
 .text.UART_1_PutArray
                0x000032c0       0x28 .\CortexM3\ARM_GCC_541\Debug\BMP280_CY8CKIT_059.a(UART_1.o)
                0x000032c0                UART_1_PutArray
 .text.UART_1_RXISR
                0x000032e8       0x98 .\CortexM3\ARM_GCC_541\Debug\BMP280_CY8CKIT_059.a(UART_1_INT.o)
                0x000032e8                UART_1_RXISR
 .text.UART_1_TXISR
                0x00003380       0x58 .\CortexM3\ARM_GCC_541\Debug\BMP280_CY8CKIT_059.a(UART_1_INT.o)
                0x00003380                UART_1_TXISR
 .text.Pin_1_SetDriveMode
                0x000033d8       0x18 .\CortexM3\ARM_GCC_541\Debug\BMP280_CY8CKIT_059.a(Pin_1.o)
                0x000033d8                Pin_1_SetDriveMode
 .text.UART_1_IntClock_Start
                0x000033f0       0x1c .\CortexM3\ARM_GCC_541\Debug\BMP280_CY8CKIT_059.a(UART_1_IntClock.o)
                0x000033f0                UART_1_IntClock_Start
 .text.CyHalt   0x0000340c        0x4 .\CortexM3\ARM_GCC_541\Debug\BMP280_CY8CKIT_059.a(CyLib.o)
                0x0000340c                CyHalt
 .text.CyIntSetVector
                0x00003410       0x28 .\CortexM3\ARM_GCC_541\Debug\BMP280_CY8CKIT_059.a(CyLib.o)
                0x00003410                CyIntSetVector
 .text.CyIntSetPriority
                0x00003438       0x30 .\CortexM3\ARM_GCC_541\Debug\BMP280_CY8CKIT_059.a(CyLib.o)
                0x00003438                CyIntSetPriority
 .text.SPIM_1_EnableTxInt
                0x00003468        0xc .\CortexM3\ARM_GCC_541\Debug\BMP280_CY8CKIT_059.a(SPIM_1.o)
                0x00003468                SPIM_1_EnableTxInt
 .text.SPIM_1_EnableRxInt
                0x00003474        0xc .\CortexM3\ARM_GCC_541\Debug\BMP280_CY8CKIT_059.a(SPIM_1.o)
                0x00003474                SPIM_1_EnableRxInt
 .text.SPIM_1_Enable
                0x00003480       0x3c .\CortexM3\ARM_GCC_541\Debug\BMP280_CY8CKIT_059.a(SPIM_1.o)
                0x00003480                SPIM_1_Enable
 .text.SPIM_1_DisableTxInt
                0x000034bc        0xc .\CortexM3\ARM_GCC_541\Debug\BMP280_CY8CKIT_059.a(SPIM_1.o)
                0x000034bc                SPIM_1_DisableTxInt
 .text.SPIM_1_DisableRxInt
                0x000034c8        0xc .\CortexM3\ARM_GCC_541\Debug\BMP280_CY8CKIT_059.a(SPIM_1.o)
                0x000034c8                SPIM_1_DisableRxInt
 .text.SPIM_1_ReadTxStatus
                0x000034d4       0x28 .\CortexM3\ARM_GCC_541\Debug\BMP280_CY8CKIT_059.a(SPIM_1.o)
                0x000034d4                SPIM_1_ReadTxStatus
 .text.SPIM_1_ReadRxStatus
                0x000034fc       0x28 .\CortexM3\ARM_GCC_541\Debug\BMP280_CY8CKIT_059.a(SPIM_1.o)
                0x000034fc                SPIM_1_ReadRxStatus
 .text.SPIM_1_WriteTxData
                0x00003524       0xd4 .\CortexM3\ARM_GCC_541\Debug\BMP280_CY8CKIT_059.a(SPIM_1.o)
                0x00003524                SPIM_1_WriteTxData
 .text.SPIM_1_ReadRxData
                0x000035f8       0x64 .\CortexM3\ARM_GCC_541\Debug\BMP280_CY8CKIT_059.a(SPIM_1.o)
                0x000035f8                SPIM_1_ReadRxData
 .text.SPIM_1_GetRxBufferSize
                0x0000365c       0x58 .\CortexM3\ARM_GCC_541\Debug\BMP280_CY8CKIT_059.a(SPIM_1.o)
                0x0000365c                SPIM_1_GetRxBufferSize
 .text.SPIM_1_ClearRxBuffer
                0x000036b4       0x40 .\CortexM3\ARM_GCC_541\Debug\BMP280_CY8CKIT_059.a(SPIM_1.o)
                0x000036b4                SPIM_1_ClearRxBuffer
 .text.SPIM_1_ClearTxBuffer
                0x000036f4       0x54 .\CortexM3\ARM_GCC_541\Debug\BMP280_CY8CKIT_059.a(SPIM_1.o)
                0x000036f4                SPIM_1_ClearTxBuffer
 .text.SPIM_1_ClearFIFO
                0x00003748       0x3c .\CortexM3\ARM_GCC_541\Debug\BMP280_CY8CKIT_059.a(SPIM_1.o)
                0x00003748                SPIM_1_ClearFIFO
 .text.SPIM_1_Init
                0x00003784       0x94 .\CortexM3\ARM_GCC_541\Debug\BMP280_CY8CKIT_059.a(SPIM_1.o)
                0x00003784                SPIM_1_Init
 .text.SPIM_1_Start
                0x00003818       0x1c .\CortexM3\ARM_GCC_541\Debug\BMP280_CY8CKIT_059.a(SPIM_1.o)
                0x00003818                SPIM_1_Start
 .text.SPIM_1_TX_ISR
                0x00003834       0xa0 .\CortexM3\ARM_GCC_541\Debug\BMP280_CY8CKIT_059.a(SPIM_1_INT.o)
                0x00003834                SPIM_1_TX_ISR
 .text.SPIM_1_RX_ISR
                0x000038d4       0xa0 .\CortexM3\ARM_GCC_541\Debug\BMP280_CY8CKIT_059.a(SPIM_1_INT.o)
                0x000038d4                SPIM_1_RX_ISR
 .text.SPIM_1_IntClock_Start
                0x00003974       0x1c .\CortexM3\ARM_GCC_541\Debug\BMP280_CY8CKIT_059.a(SPIM_1_IntClock.o)
                0x00003974                SPIM_1_IntClock_Start
 .text.Pin_2_SetDriveMode
                0x00003990       0x24 .\CortexM3\ARM_GCC_541\Debug\BMP280_CY8CKIT_059.a(Pin_2.o)
                0x00003990                Pin_2_SetDriveMode
 .text.push_button_Write
                0x000039b4       0x18 .\CortexM3\ARM_GCC_541\Debug\BMP280_CY8CKIT_059.a(push_button.o)
                0x000039b4                push_button_Write
 .text.push_button_SetDriveMode
                0x000039cc       0x18 .\CortexM3\ARM_GCC_541\Debug\BMP280_CY8CKIT_059.a(push_button.o)
                0x000039cc                push_button_SetDriveMode
 *fill*         0x000039e4        0x4 
 .text          0x000039e8       0x20 .\CortexM3\ARM_GCC_541\Debug\BMP280_CY8CKIT_059.a(CyBootAsmGnu.o)
                0x000039e8                CyDelayCycles
                0x000039f8                CyEnterCriticalSection
                0x00003a00                CyExitCriticalSection
 .text          0x00003a08      0x370 c:/program files (x86)/cypress/psoc creator/4.2/psoc creator/import/gnu/arm/5.4.1/bin/../lib/gcc/arm-none-eabi/5.4.1/armv7-m\libgcc.a(_arm_addsubdf3.o)
                0x00003a08                __aeabi_drsub
                0x00003a10                __aeabi_dsub
                0x00003a10                __subdf3
                0x00003a14                __aeabi_dadd
                0x00003a14                __adddf3
                0x00003c8c                __floatunsidf
                0x00003c8c                __aeabi_ui2d
                0x00003cac                __floatsidf
                0x00003cac                __aeabi_i2d
                0x00003cd0                __aeabi_f2d
                0x00003cd0                __extendsfdf2
                0x00003d0c                __floatundidf
                0x00003d0c                __aeabi_ul2d
                0x00003d1c                __floatdidf
                0x00003d1c                __aeabi_l2d
 .text          0x00003d78      0x424 c:/program files (x86)/cypress/psoc creator/4.2/psoc creator/import/gnu/arm/5.4.1/bin/../lib/gcc/arm-none-eabi/5.4.1/armv7-m\libgcc.a(_arm_muldivdf3.o)
                0x00003d78                __aeabi_dmul
                0x00003d78                __muldf3
                0x00003fcc                __divdf3
                0x00003fcc                __aeabi_ddiv
 .text          0x0000419c       0x50 c:/program files (x86)/cypress/psoc creator/4.2/psoc creator/import/gnu/arm/5.4.1/bin/../lib/gcc/arm-none-eabi/5.4.1/armv7-m\libgcc.a(_arm_fixdfsi.o)
                0x0000419c                __aeabi_d2iz
                0x0000419c                __fixdfsi
 .text.__errno  0x000041ec        0xc c:/program files (x86)/cypress/psoc creator/4.2/psoc creator/import/gnu/arm/5.4.1/bin/../lib/gcc/arm-none-eabi/5.4.1/../../../../arm-none-eabi/lib/armv7-m\libg_nano.a(lib_a-errno.o)
                0x000041ec                __errno
 .text.__libc_init_array
                0x000041f8       0x4c c:/program files (x86)/cypress/psoc creator/4.2/psoc creator/import/gnu/arm/5.4.1/bin/../lib/gcc/arm-none-eabi/5.4.1/../../../../arm-none-eabi/lib/armv7-m\libg_nano.a(lib_a-init.o)
                0x000041f8                __libc_init_array
 .text.memcpy   0x00004244       0x16 c:/program files (x86)/cypress/psoc creator/4.2/psoc creator/import/gnu/arm/5.4.1/bin/../lib/gcc/arm-none-eabi/5.4.1/../../../../arm-none-eabi/lib/armv7-m\libg_nano.a(lib_a-memcpy-stub.o)
                0x00004244                memcpy
 .text.memset   0x0000425a       0x10 c:/program files (x86)/cypress/psoc creator/4.2/psoc creator/import/gnu/arm/5.4.1/bin/../lib/gcc/arm-none-eabi/5.4.1/../../../../arm-none-eabi/lib/armv7-m\libg_nano.a(lib_a-memset.o)
                0x0000425a                memset
 .text.__cvt    0x0000426a       0xc0 c:/program files (x86)/cypress/psoc creator/4.2/psoc creator/import/gnu/arm/5.4.1/bin/../lib/gcc/arm-none-eabi/5.4.1/../../../../arm-none-eabi/lib/armv7-m\libg_nano.a(lib_a-nano-vfprintf_float.o)
                0x0000426a                __cvt
 .text.__exponent
                0x0000432a       0x62 c:/program files (x86)/cypress/psoc creator/4.2/psoc creator/import/gnu/arm/5.4.1/bin/../lib/gcc/arm-none-eabi/5.4.1/../../../../arm-none-eabi/lib/armv7-m\libg_nano.a(lib_a-nano-vfprintf_float.o)
                0x0000432a                __exponent
 .text._printf_float
                0x0000438c      0x488 c:/program files (x86)/cypress/psoc creator/4.2/psoc creator/import/gnu/arm/5.4.1/bin/../lib/gcc/arm-none-eabi/5.4.1/../../../../arm-none-eabi/lib/armv7-m\libg_nano.a(lib_a-nano-vfprintf_float.o)
                0x0000438c                _printf_float
 .text._printf_common
                0x00004814       0xec c:/program files (x86)/cypress/psoc creator/4.2/psoc creator/import/gnu/arm/5.4.1/bin/../lib/gcc/arm-none-eabi/5.4.1/../../../../arm-none-eabi/lib/armv7-m\libg_nano.a(lib_a-nano-vfprintf_i.o)
                0x00004814                _printf_common
 .text._printf_i
                0x00004900      0x24c c:/program files (x86)/cypress/psoc creator/4.2/psoc creator/import/gnu/arm/5.4.1/bin/../lib/gcc/arm-none-eabi/5.4.1/../../../../arm-none-eabi/lib/armv7-m\libg_nano.a(lib_a-nano-vfprintf_i.o)
                0x00004900                _printf_i
 .text.snprintf
                0x00004b4c       0x64 c:/program files (x86)/cypress/psoc creator/4.2/psoc creator/import/gnu/arm/5.4.1/bin/../lib/gcc/arm-none-eabi/5.4.1/../../../../arm-none-eabi/lib/armv7-m\libg_nano.a(lib_a-snprintf.o)
                0x00004b4c                sniprintf
                0x00004b4c                snprintf
 .text          0x00004bb0       0x10 c:/program files (x86)/cypress/psoc creator/4.2/psoc creator/import/gnu/arm/5.4.1/bin/../lib/gcc/arm-none-eabi/5.4.1/../../../../arm-none-eabi/lib/armv7-m\libg_nano.a(lib_a-strlen.o)
                0x00004bb0                strlen
 .text.quorem   0x00004bc0      0x116 c:/program files (x86)/cypress/psoc creator/4.2/psoc creator/import/gnu/arm/5.4.1/bin/../lib/gcc/arm-none-eabi/5.4.1/../../../../arm-none-eabi/lib/armv7-m\libg_nano.a(lib_a-dtoa.o)
 *fill*         0x00004cd6        0x2 
 .text._dtoa_r  0x00004cd8      0xb30 c:/program files (x86)/cypress/psoc creator/4.2/psoc creator/import/gnu/arm/5.4.1/bin/../lib/gcc/arm-none-eabi/5.4.1/../../../../arm-none-eabi/lib/armv7-m\libg_nano.a(lib_a-dtoa.o)
                0x00004cd8                _dtoa_r
 .text._localeconv_r
                0x00005808        0x8 c:/program files (x86)/cypress/psoc creator/4.2/psoc creator/import/gnu/arm/5.4.1/bin/../lib/gcc/arm-none-eabi/5.4.1/../../../../arm-none-eabi/lib/armv7-m\libg_nano.a(lib_a-locale.o)
                0x00005808                _localeconv_r
 .text.malloc   0x00005810       0x10 c:/program files (x86)/cypress/psoc creator/4.2/psoc creator/import/gnu/arm/5.4.1/bin/../lib/gcc/arm-none-eabi/5.4.1/../../../../arm-none-eabi/lib/armv7-m\libg_nano.a(lib_a-malloc.o)
                0x00005810                malloc
 .text.memchr   0x00005820       0x1c c:/program files (x86)/cypress/psoc creator/4.2/psoc creator/import/gnu/arm/5.4.1/bin/../lib/gcc/arm-none-eabi/5.4.1/../../../../arm-none-eabi/lib/armv7-m\libg_nano.a(lib_a-memchr-stub.o)
                0x00005820                memchr
 .text._Balloc  0x0000583c       0x6a c:/program files (x86)/cypress/psoc creator/4.2/psoc creator/import/gnu/arm/5.4.1/bin/../lib/gcc/arm-none-eabi/5.4.1/../../../../arm-none-eabi/lib/armv7-m\libg_nano.a(lib_a-mprec.o)
                0x0000583c                _Balloc
 .text._Bfree   0x000058a6       0x2e c:/program files (x86)/cypress/psoc creator/4.2/psoc creator/import/gnu/arm/5.4.1/bin/../lib/gcc/arm-none-eabi/5.4.1/../../../../arm-none-eabi/lib/armv7-m\libg_nano.a(lib_a-mprec.o)
                0x000058a6                _Bfree
 .text.__multadd
                0x000058d4       0x76 c:/program files (x86)/cypress/psoc creator/4.2/psoc creator/import/gnu/arm/5.4.1/bin/../lib/gcc/arm-none-eabi/5.4.1/../../../../arm-none-eabi/lib/armv7-m\libg_nano.a(lib_a-mprec.o)
                0x000058d4                __multadd
 .text.__hi0bits
                0x0000594a       0x40 c:/program files (x86)/cypress/psoc creator/4.2/psoc creator/import/gnu/arm/5.4.1/bin/../lib/gcc/arm-none-eabi/5.4.1/../../../../arm-none-eabi/lib/armv7-m\libg_nano.a(lib_a-mprec.o)
                0x0000594a                __hi0bits
 .text.__lo0bits
                0x0000598a       0x5a c:/program files (x86)/cypress/psoc creator/4.2/psoc creator/import/gnu/arm/5.4.1/bin/../lib/gcc/arm-none-eabi/5.4.1/../../../../arm-none-eabi/lib/armv7-m\libg_nano.a(lib_a-mprec.o)
                0x0000598a                __lo0bits
 .text.__i2b    0x000059e4       0x12 c:/program files (x86)/cypress/psoc creator/4.2/psoc creator/import/gnu/arm/5.4.1/bin/../lib/gcc/arm-none-eabi/5.4.1/../../../../arm-none-eabi/lib/armv7-m\libg_nano.a(lib_a-mprec.o)
                0x000059e4                __i2b
 .text.__multiply
                0x000059f6      0x120 c:/program files (x86)/cypress/psoc creator/4.2/psoc creator/import/gnu/arm/5.4.1/bin/../lib/gcc/arm-none-eabi/5.4.1/../../../../arm-none-eabi/lib/armv7-m\libg_nano.a(lib_a-mprec.o)
                0x000059f6                __multiply
 *fill*         0x00005b16        0x2 
 .text.__pow5mult
                0x00005b18       0x9c c:/program files (x86)/cypress/psoc creator/4.2/psoc creator/import/gnu/arm/5.4.1/bin/../lib/gcc/arm-none-eabi/5.4.1/../../../../arm-none-eabi/lib/armv7-m\libg_nano.a(lib_a-mprec.o)
                0x00005b18                __pow5mult
 .text.__lshift
                0x00005bb4       0xa2 c:/program files (x86)/cypress/psoc creator/4.2/psoc creator/import/gnu/arm/5.4.1/bin/../lib/gcc/arm-none-eabi/5.4.1/../../../../arm-none-eabi/lib/armv7-m\libg_nano.a(lib_a-mprec.o)
                0x00005bb4                __lshift
 .text.__mcmp   0x00005c56       0x38 c:/program files (x86)/cypress/psoc creator/4.2/psoc creator/import/gnu/arm/5.4.1/bin/../lib/gcc/arm-none-eabi/5.4.1/../../../../arm-none-eabi/lib/armv7-m\libg_nano.a(lib_a-mprec.o)
                0x00005c56                __mcmp
 .text.__mdiff  0x00005c8e       0xbe c:/program files (x86)/cypress/psoc creator/4.2/psoc creator/import/gnu/arm/5.4.1/bin/../lib/gcc/arm-none-eabi/5.4.1/../../../../arm-none-eabi/lib/armv7-m\libg_nano.a(lib_a-mprec.o)
                0x00005c8e                __mdiff
 .text.__d2b    0x00005d4c       0x9c c:/program files (x86)/cypress/psoc creator/4.2/psoc creator/import/gnu/arm/5.4.1/bin/../lib/gcc/arm-none-eabi/5.4.1/../../../../arm-none-eabi/lib/armv7-m\libg_nano.a(lib_a-mprec.o)
                0x00005d4c                __d2b
 .text._calloc_r
                0x00005de8       0x1c c:/program files (x86)/cypress/psoc creator/4.2/psoc creator/import/gnu/arm/5.4.1/bin/../lib/gcc/arm-none-eabi/5.4.1/../../../../arm-none-eabi/lib/armv7-m\libg_nano.a(lib_a-nano-callocr.o)
                0x00005de8                _calloc_r
 .text._free_r  0x00005e04       0x98 c:/program files (x86)/cypress/psoc creator/4.2/psoc creator/import/gnu/arm/5.4.1/bin/../lib/gcc/arm-none-eabi/5.4.1/../../../../arm-none-eabi/lib/armv7-m\libg_nano.a(lib_a-nano-freer.o)
                0x00005e04                _free_r
 .text._malloc_r
                0x00005e9c       0xbc c:/program files (x86)/cypress/psoc creator/4.2/psoc creator/import/gnu/arm/5.4.1/bin/../lib/gcc/arm-none-eabi/5.4.1/../../../../arm-none-eabi/lib/armv7-m\libg_nano.a(lib_a-nano-mallocr.o)
                0x00005e9c                _malloc_r
 .text.__ssputs_r
                0x00005f58       0xb2 c:/program files (x86)/cypress/psoc creator/4.2/psoc creator/import/gnu/arm/5.4.1/bin/../lib/gcc/arm-none-eabi/5.4.1/../../../../arm-none-eabi/lib/armv7-m\libg_nano.a(lib_a-nano-svfprintf.o)
                0x00005f58                __ssputs_r
 *fill*         0x0000600a        0x2 
 .text._svfprintf_r
                0x0000600c      0x1e8 c:/program files (x86)/cypress/psoc creator/4.2/psoc creator/import/gnu/arm/5.4.1/bin/../lib/gcc/arm-none-eabi/5.4.1/../../../../arm-none-eabi/lib/armv7-m\libg_nano.a(lib_a-nano-svfprintf.o)
                0x0000600c                _svfiprintf_r
                0x0000600c                _svfprintf_r
 .text._sbrk_r  0x000061f4       0x20 c:/program files (x86)/cypress/psoc creator/4.2/psoc creator/import/gnu/arm/5.4.1/bin/../lib/gcc/arm-none-eabi/5.4.1/../../../../arm-none-eabi/lib/armv7-m\libg_nano.a(lib_a-sbrkr.o)
                0x000061f4                _sbrk_r
 .text.memmove  0x00006214       0x36 c:/program files (x86)/cypress/psoc creator/4.2/psoc creator/import/gnu/arm/5.4.1/bin/../lib/gcc/arm-none-eabi/5.4.1/../../../../arm-none-eabi/lib/armv7-m\libg_nano.a(lib_a-memmove.o)
                0x00006214                memmove
 .text.__malloc_lock
                0x0000624a        0x2 c:/program files (x86)/cypress/psoc creator/4.2/psoc creator/import/gnu/arm/5.4.1/bin/../lib/gcc/arm-none-eabi/5.4.1/../../../../arm-none-eabi/lib/armv7-m\libg_nano.a(lib_a-mlock.o)
                0x0000624a                __malloc_lock
 .text.__malloc_unlock
                0x0000624c        0x2 c:/program files (x86)/cypress/psoc creator/4.2/psoc creator/import/gnu/arm/5.4.1/bin/../lib/gcc/arm-none-eabi/5.4.1/../../../../arm-none-eabi/lib/armv7-m\libg_nano.a(lib_a-mlock.o)
                0x0000624c                __malloc_unlock
 .text._realloc_r
                0x0000624e       0x4c c:/program files (x86)/cypress/psoc creator/4.2/psoc creator/import/gnu/arm/5.4.1/bin/../lib/gcc/arm-none-eabi/5.4.1/../../../../arm-none-eabi/lib/armv7-m\libg_nano.a(lib_a-nano-reallocr.o)
                0x0000624e                _realloc_r
 .text._malloc_usable_size_r
                0x0000629a       0x14 c:/program files (x86)/cypress/psoc creator/4.2/psoc creator/import/gnu/arm/5.4.1/bin/../lib/gcc/arm-none-eabi/5.4.1/../../../../arm-none-eabi/lib/armv7-m\libg_nano.a(lib_a-nano-msizer.o)
                0x0000629a                _malloc_usable_size_r
 *fill*         0x000062ae        0x2 
 .text          0x000062b0      0x110 c:/program files (x86)/cypress/psoc creator/4.2/psoc creator/import/gnu/arm/5.4.1/bin/../lib/gcc/arm-none-eabi/5.4.1/armv7-m\libgcc.a(_arm_cmpdf2.o)
                0x000062b0                __gtdf2
                0x000062b0                __gedf2
                0x000062b8                __ltdf2
                0x000062b8                __ledf2
                0x000062c0                __nedf2
                0x000062c0                __eqdf2
                0x000062c0                __cmpdf2
                0x0000633c                __aeabi_cdrcmple
                0x0000634c                __aeabi_cdcmpeq
                0x0000634c                __aeabi_cdcmple
                0x0000635c                __aeabi_dcmpeq
                0x00006370                __aeabi_dcmplt
                0x00006384                __aeabi_dcmple
                0x00006398                __aeabi_dcmpge
                0x000063ac                __aeabi_dcmpgt
 .text          0x000063c0       0x2c c:/program files (x86)/cypress/psoc creator/4.2/psoc creator/import/gnu/arm/5.4.1/bin/../lib/gcc/arm-none-eabi/5.4.1/armv7-m\libgcc.a(_arm_unorddf2.o)
                0x000063c0                __unorddf2
                0x000063c0                __aeabi_dcmpun
 *(.plt)
 *(.gnu.warning)
 *(.glue_7t)
 .glue_7t       0x000063ec        0x0 linker stubs
 *(.glue_7)
 .glue_7        0x000063ec        0x0 linker stubs
 *(.vfp11_veneer)
 .vfp11_veneer  0x000063ec        0x0 linker stubs
 *(.bootloader)
 *(.ARM.extab* .gnu.linkonce.armextab.*)
 *(.gcc_except_table)

.v4_bx          0x000063ec        0x0
 .v4_bx         0x000063ec        0x0 linker stubs

.iplt           0x000063ec        0x0
 .iplt          0x000063ec        0x0 c:/program files (x86)/cypress/psoc creator/4.2/psoc creator/import/gnu/arm/5.4.1/bin/../lib/gcc/arm-none-eabi/5.4.1/armv7-m/crtbegin.o

.eh_frame_hdr
 *(.eh_frame_hdr)

.eh_frame       0x000063ec        0x4
 *(.eh_frame)
 .eh_frame      0x000063ec        0x0 c:/program files (x86)/cypress/psoc creator/4.2/psoc creator/import/gnu/arm/5.4.1/bin/../lib/gcc/arm-none-eabi/5.4.1/armv7-m/crtbegin.o
 .eh_frame      0x000063ec        0x4 c:/program files (x86)/cypress/psoc creator/4.2/psoc creator/import/gnu/arm/5.4.1/bin/../lib/gcc/arm-none-eabi/5.4.1/armv7-m/crtend.o
                [!provide]                PROVIDE (__exidx_start, .)

.ARM.exidx
 *(.ARM.exidx* .gnu.linkonce.armexidx.*)
                0x000063f0                __exidx_end = .

.rodata         0x000063f0      0x320
 *(.rodata .rodata.* .gnu.linkonce.r.*)
 .rodata.str1.4
                0x000063f0       0x1a .\CortexM3\ARM_GCC_541\Debug\app.o
 *fill*         0x0000640a        0x2 
 .rodata.str1.4
                0x0000640c       0x14 .\CortexM3\ARM_GCC_541\Debug\bsp_uart.o
 .rodata.str1.4
                0x00006420       0x14 .\CortexM3\ARM_GCC_541\Debug\os_stat.o
 .rodata.str1.4
                0x00006434        0xa .\CortexM3\ARM_GCC_541\Debug\os_task.o
 *fill*         0x0000643e        0x2 
 .rodata.str1.4
                0x00006440       0x14 .\CortexM3\ARM_GCC_541\Debug\os_tick.o
 .rodata.str1.4
                0x00006454       0x1d .\CortexM3\ARM_GCC_541\Debug\os_tmr.o
 *fill*         0x00006471        0x3 
 .rodata        0x00006474       0xa4 .\CortexM3\ARM_GCC_541\Debug\os_cfg_app.o
                0x00006474                OSCfg_DataSizeRAM
                0x00006478                OSCfg_TmrWheelSizeRAM
                0x0000647c                OSCfg_TmrWheelSize
                0x00006480                OSCfg_TmrTaskStkSizeRAM
                0x00006484                OSCfg_TmrTaskStkSize
                0x00006488                OSCfg_TmrTaskStkLimit
                0x0000648c                OSCfg_TmrTaskStkBasePtr
                0x00006490                OSCfg_TmrTaskRate_Hz
                0x00006494                OSCfg_TmrTaskPrio
                0x00006498                OSCfg_TickWheelSizeRAM
                0x0000649c                OSCfg_TickWheelSize
                0x000064a0                OSCfg_TickTaskStkSizeRAM
                0x000064a4                OSCfg_TickTaskStkSize
                0x000064a8                OSCfg_TickTaskStkLimit
                0x000064ac                OSCfg_TickTaskStkBasePtr
                0x000064b0                OSCfg_TickTaskPrio
                0x000064b4                OSCfg_TickRate_Hz
                0x000064b8                OSCfg_StkSizeMin
                0x000064bc                OSCfg_StatTaskStkSizeRAM
                0x000064c0                OSCfg_StatTaskStkSize
                0x000064c4                OSCfg_StatTaskStkLimit
                0x000064c8                OSCfg_StatTaskStkBasePtr
                0x000064cc                OSCfg_StatTaskRate_Hz
                0x000064d0                OSCfg_StatTaskPrio
                0x000064d4                OSCfg_MsgPoolBasePtr
                0x000064d8                OSCfg_MsgPoolSizeRAM
                0x000064dc                OSCfg_MsgPoolSize
                0x000064e0                OSCfg_ISRStkSizeRAM
                0x000064e4                OSCfg_ISRStkSize
                0x000064e8                OSCfg_ISRStkBasePtr
                0x000064ec                OSCfg_IntQTaskStkSizeRAM
                0x000064f0                OSCfg_IntQTaskStkSize
                0x000064f4                OSCfg_IntQTaskStkLimit
                0x000064f8                OSCfg_IntQTaskStkBasePtr
                0x000064fc                OSCfg_IntQSizeRAM
                0x00006500                OSCfg_IntQSize
                0x00006504                OSCfg_IntQBasePtr
                0x00006508                OSCfg_IdleTaskStkSizeRAM
                0x0000650c                OSCfg_IdleTaskStkSize
                0x00006510                OSCfg_IdleTaskStkLimit
                0x00006514                OSCfg_IdleTaskStkBasePtr
 .rodata.str1.4
                0x00006518       0x28 .\CortexM3\ARM_GCC_541\Debug\os_core.o
                                 0x2a (size before relaxing)
 .rodata        0x00006540       0x3a .\CortexM3\ARM_GCC_541\Debug\cyfitter_cfg.o
 .rodata.str1.1
                0x0000657a        0x2 c:/program files (x86)/cypress/psoc creator/4.2/psoc creator/import/gnu/arm/5.4.1/bin/../lib/gcc/arm-none-eabi/5.4.1/../../../../arm-none-eabi/lib/armv7-m\libg_nano.a(lib_a-impure.o)
 .rodata.str1.1
                0x0000657c       0x12 c:/program files (x86)/cypress/psoc creator/4.2/psoc creator/import/gnu/arm/5.4.1/bin/../lib/gcc/arm-none-eabi/5.4.1/../../../../arm-none-eabi/lib/armv7-m\libg_nano.a(lib_a-nano-vfprintf_float.o)
 .rodata.str1.1
                0x0000658e       0x22 c:/program files (x86)/cypress/psoc creator/4.2/psoc creator/import/gnu/arm/5.4.1/bin/../lib/gcc/arm-none-eabi/5.4.1/../../../../arm-none-eabi/lib/armv7-m\libg_nano.a(lib_a-nano-vfprintf_i.o)
 .rodata.str1.1
                0x000065b0        0xd c:/program files (x86)/cypress/psoc creator/4.2/psoc creator/import/gnu/arm/5.4.1/bin/../lib/gcc/arm-none-eabi/5.4.1/../../../../arm-none-eabi/lib/armv7-m\libg_nano.a(lib_a-dtoa.o)
                                  0xf (size before relaxing)
 .rodata.str1.1
                0x000065bd        0x8 c:/program files (x86)/cypress/psoc creator/4.2/psoc creator/import/gnu/arm/5.4.1/bin/../lib/gcc/arm-none-eabi/5.4.1/../../../../arm-none-eabi/lib/armv7-m\libg_nano.a(lib_a-locale.o)
                                  0xb (size before relaxing)
 *fill*         0x000065c5        0x3 
 .rodata.__mprec_tens
                0x000065c8       0xc8 c:/program files (x86)/cypress/psoc creator/4.2/psoc creator/import/gnu/arm/5.4.1/bin/../lib/gcc/arm-none-eabi/5.4.1/../../../../arm-none-eabi/lib/armv7-m\libg_nano.a(lib_a-mprec.o)
                0x000065c8                __mprec_tens
 .rodata.p05.5408
                0x00006690        0xc c:/program files (x86)/cypress/psoc creator/4.2/psoc creator/import/gnu/arm/5.4.1/bin/../lib/gcc/arm-none-eabi/5.4.1/../../../../arm-none-eabi/lib/armv7-m\libg_nano.a(lib_a-mprec.o)
 *fill*         0x0000669c        0x4 
 .rodata.__mprec_bigtens
                0x000066a0       0x28 c:/program files (x86)/cypress/psoc creator/4.2/psoc creator/import/gnu/arm/5.4.1/bin/../lib/gcc/arm-none-eabi/5.4.1/../../../../arm-none-eabi/lib/armv7-m\libg_nano.a(lib_a-mprec.o)
                0x000066a0                __mprec_bigtens
 .rodata.str1.1
                0x000066c8       0x11 c:/program files (x86)/cypress/psoc creator/4.2/psoc creator/import/gnu/arm/5.4.1/bin/../lib/gcc/arm-none-eabi/5.4.1/../../../../arm-none-eabi/lib/armv7-m\libg_nano.a(lib_a-nano-svfprintf.o)
                0x000066dc                . = ALIGN (0x4)
 *fill*         0x000066d9        0x3 
 *(.init)
 .init          0x000066dc        0x4 c:/program files (x86)/cypress/psoc creator/4.2/psoc creator/import/gnu/arm/5.4.1/bin/../lib/gcc/arm-none-eabi/5.4.1/armv7-m/crti.o
                0x000066dc                _init
 .init          0x000066e0        0x8 c:/program files (x86)/cypress/psoc creator/4.2/psoc creator/import/gnu/arm/5.4.1/bin/../lib/gcc/arm-none-eabi/5.4.1/armv7-m/crtn.o
                0x000066e8                . = ALIGN (0x4)
                0x000066e8                __preinit_array_start = .
 *(.preinit_array)
                0x000066e8                __preinit_array_end = .
                0x000066e8                . = ALIGN (0x4)
                0x000066e8                __init_array_start = .
 *(SORT(.init_array.*))
 *(.init_array)
 .init_array    0x000066e8        0x4 c:/program files (x86)/cypress/psoc creator/4.2/psoc creator/import/gnu/arm/5.4.1/bin/../lib/gcc/arm-none-eabi/5.4.1/armv7-m/crtbegin.o
 .init_array    0x000066ec        0x4 .\CortexM3\ARM_GCC_541\Debug\Cm3Start.o
                0x000066f0                __init_array_end = .
                0x000066f0                . = ALIGN (0x4)
 *(.fini)
 .fini          0x000066f0        0x4 c:/program files (x86)/cypress/psoc creator/4.2/psoc creator/import/gnu/arm/5.4.1/bin/../lib/gcc/arm-none-eabi/5.4.1/armv7-m/crti.o
                0x000066f0                _fini
 .fini          0x000066f4        0x8 c:/program files (x86)/cypress/psoc creator/4.2/psoc creator/import/gnu/arm/5.4.1/bin/../lib/gcc/arm-none-eabi/5.4.1/armv7-m/crtn.o
                0x000066fc                . = ALIGN (0x4)
                0x000066fc                __fini_array_start = .
 *(.fini_array)
 .fini_array    0x000066fc        0x4 c:/program files (x86)/cypress/psoc creator/4.2/psoc creator/import/gnu/arm/5.4.1/bin/../lib/gcc/arm-none-eabi/5.4.1/armv7-m/crtbegin.o
 *(SORT(.fini_array.*))
                0x00006700                __fini_array_end = .
                0x00006700                . = ALIGN (0x4)
 *crtbegin.o(.ctors)
 *(EXCLUDE_FILE(*crtend.o) .ctors)
 *(SORT(.ctors.*))
 *crtend.o(.ctors)
                0x00006700                . = ALIGN (0x4)
 *crtbegin.o(.dtors)
 *(EXCLUDE_FILE(*crtend.o) .dtors)
 *(SORT(.dtors.*))
 *crtend.o(.dtors)
                0x00006700                . = ALIGN (0x4)
                0x00006700                __cy_regions = .
                0x00006700        0x4 LONG 0x6710 __cy_region_init_ram
                0x00006704        0x4 LONG 0x1fff80c8 __cy_region_start_data
                0x00006708        0x4 LONG 0xa8 __cy_region_init_size_ram
                0x0000670c        0x4 LONG 0x2788 __cy_region_zero_size_ram
                0x00006710                __cy_regions_end = .
                0x00006710                . = ALIGN (0x8)
                0x00006710                _etext = .

.cy_checksum_exclude
                0x00006710        0x0
 *(.cy_checksum_exclude)

.ramvectors     0x1fff8000       0xc0
                0x1fff8000                __cy_region_start_ram = .
 *(.ramvectors)
 .ramvectors    0x1fff8000       0xc0 .\CortexM3\ARM_GCC_541\Debug\Cm3Start.o
                0x1fff8000                CyRamVectors

.noinit         0x1fff80c0        0x1
 *(.noinit)
 .noinit        0x1fff80c0        0x1 .\CortexM3\ARM_GCC_541\Debug\BMP280_CY8CKIT_059.a(CyLib.o)
                0x1fff80c0                CyResetStatus

.data           0x1fff80c8       0xa8 load address 0x00006710
                0x1fff80c8                __cy_region_start_data = .
 *(.jcr)
 .jcr           0x1fff80c8        0x0 c:/program files (x86)/cypress/psoc creator/4.2/psoc creator/import/gnu/arm/5.4.1/bin/../lib/gcc/arm-none-eabi/5.4.1/armv7-m/crtbegin.o
 .jcr           0x1fff80c8        0x4 c:/program files (x86)/cypress/psoc creator/4.2/psoc creator/import/gnu/arm/5.4.1/bin/../lib/gcc/arm-none-eabi/5.4.1/armv7-m/crtend.o
 *(.got.plt)
 *(.got)
 *(.shdata)
 *(.data .data.* .gnu.linkonce.d.*)
 .data          0x1fff80cc        0x4 .\CortexM3\ARM_GCC_541\Debug\Cm3Start.o
 .data.impure_data
                0x1fff80d0       0x60 c:/program files (x86)/cypress/psoc creator/4.2/psoc creator/import/gnu/arm/5.4.1/bin/../lib/gcc/arm-none-eabi/5.4.1/../../../../arm-none-eabi/lib/armv7-m\libg_nano.a(lib_a-impure.o)
 .data._impure_ptr
                0x1fff8130        0x4 c:/program files (x86)/cypress/psoc creator/4.2/psoc creator/import/gnu/arm/5.4.1/bin/../lib/gcc/arm-none-eabi/5.4.1/../../../../arm-none-eabi/lib/armv7-m\libg_nano.a(lib_a-impure.o)
                0x1fff8130                _impure_ptr
 .data.lconv    0x1fff8134       0x38 c:/program files (x86)/cypress/psoc creator/4.2/psoc creator/import/gnu/arm/5.4.1/bin/../lib/gcc/arm-none-eabi/5.4.1/../../../../arm-none-eabi/lib/armv7-m\libg_nano.a(lib_a-locale.o)
                0x1fff8170                . = ALIGN (0x8)
 *fill*         0x1fff816c        0x4 
 *(.ram)
                0x1fff8170                _edata = .

.igot.plt       0x1fff8170        0x0 load address 0x000067b8
 .igot.plt      0x1fff8170        0x0 c:/program files (x86)/cypress/psoc creator/4.2/psoc creator/import/gnu/arm/5.4.1/bin/../lib/gcc/arm-none-eabi/5.4.1/armv7-m/crtbegin.o

.bss            0x1fff8170     0x2788 load address 0x000067b8
                0x1fff8170                PROVIDE (__bss_start__, .)
 *(.shbss)
 *(.bss .bss.* .gnu.linkonce.b.*)
 .bss           0x1fff8170       0x1c c:/program files (x86)/cypress/psoc creator/4.2/psoc creator/import/gnu/arm/5.4.1/bin/../lib/gcc/arm-none-eabi/5.4.1/armv7-m/crtbegin.o
 .bss           0x1fff818c     0x1040 .\CortexM3\ARM_GCC_541\Debug\app.o
 .bss           0x1fff91cc        0x9 .\CortexM3\ARM_GCC_541\Debug\BMP280_CY8CKIT_059.a(UART_1.o)
                0x1fff91cc                UART_1_errorStatus
                0x1fff91cd                UART_1_initVar
                0x1fff91ce                UART_1_rxBufferRead
                0x1fff91cf                UART_1_rxBufferWrite
                0x1fff91d0                UART_1_rxBufferLoopDetect
                0x1fff91d1                UART_1_rxBufferOverflow
                0x1fff91d2                UART_1_txBufferRead
                0x1fff91d3                UART_1_txBufferWrite
 .bss           0x1fff91d5        0x1 .\CortexM3\ARM_GCC_541\Debug\BMP280_CY8CKIT_059.a(SPIM_1.o)
                0x1fff91d5                SPIM_1_initVar
 *fill*         0x1fff91d6        0x2 
 .bss.__malloc_sbrk_start
                0x1fff91d8        0x4 c:/program files (x86)/cypress/psoc creator/4.2/psoc creator/import/gnu/arm/5.4.1/bin/../lib/gcc/arm-none-eabi/5.4.1/../../../../arm-none-eabi/lib/armv7-m\libg_nano.a(lib_a-nano-mallocr.o)
                0x1fff91d8                __malloc_sbrk_start
 .bss.__malloc_free_list
                0x1fff91dc        0x4 c:/program files (x86)/cypress/psoc creator/4.2/psoc creator/import/gnu/arm/5.4.1/bin/../lib/gcc/arm-none-eabi/5.4.1/../../../../arm-none-eabi/lib/armv7-m\libg_nano.a(lib_a-nano-mallocr.o)
                0x1fff91dc                __malloc_free_list
 *(COMMON)
 COMMON         0x1fff91e0       0x14 .\CortexM3\ARM_GCC_541\Debug\cpu_core.o
                0x1fff91e0                CPU_TS_TmrFreq_Hz
                0x1fff91e4                CPU_Name
 COMMON         0x1fff91f4        0x4 .\CortexM3\ARM_GCC_541\Debug\os_cpu_c.o
                0x1fff91f4                OS_CPU_ExceptStkBase
 COMMON         0x1fff91f8        0x4 .\CortexM3\ARM_GCC_541\Debug\os_prio.o
                0x1fff91f8                OSPrioTbl
 COMMON         0x1fff91fc      0x418 .\CortexM3\ARM_GCC_541\Debug\os_var.o
                0x1fff91fc                OSSchedLockNestingCtr
                0x1fff9200                OS_AppTaskReturnHookPtr
                0x1fff9204                OSStatTaskTimeMax
                0x1fff9208                OSStatTaskCtr
                0x1fff920c                OSTaskRegNextAvailID
                0x1fff920d                OSRunning
                0x1fff9210                OSRdyList
                0x1fff9270                OSPrioHighRdy
                0x1fff9271                OSStatTaskRdy
                0x1fff9274                OSSemDbgListPtr
                0x1fff9278                OS_AppTaskCreateHookPtr
                0x1fff927c                OSPrioCur
                0x1fff9280                OSTickTaskTCB
                0x1fff9340                OSTmrTickCtr
                0x1fff9344                OSTCBCurPtr
                0x1fff9348                OSQQty
                0x1fff934a                OSStatTaskCPUUsageMax
                0x1fff934c                OSPrioSaved
                0x1fff9350                OSTCBHighRdyPtr
                0x1fff9354                OSTaskDbgListPtr
                0x1fff9358                OSTmrTaskTimeMax
                0x1fff935c                OS_AppTaskDelHookPtr
                0x1fff9360                OS_AppTimeTickHookPtr
                0x1fff9364                OSTaskCtxSwCtr
                0x1fff9368                OSStatTaskCPUUsage
                0x1fff936a                OSIntNestingCtr
                0x1fff936c                OSTaskQty
                0x1fff9370                OSTmrTaskTCB
                0x1fff9430                OSMsgPool
                0x1fff943c                OSIdleTaskTCB
                0x1fff94fc                OSQDbgListPtr
                0x1fff9500                OSSemQty
                0x1fff9504                OSMemDbgListPtr
                0x1fff9508                OSSchedRoundRobinDfltTimeQuanta
                0x1fff950c                OS_AppIdleTaskHookPtr
                0x1fff9510                OSStatTaskCtrMax
                0x1fff9514                OSTickCtr
                0x1fff9518                OS_AppTaskSwHookPtr
                0x1fff951c                OSTmrQty
                0x1fff9520                OSIdleTaskCtr
                0x1fff9524                OSStatTaskCtrRun
                0x1fff9528                OS_AppStatTaskHookPtr
                0x1fff952c                OSFlagQty
                0x1fff9530                OSFlagDbgListPtr
                0x1fff9534                OSStatResetFlag
                0x1fff9536                OSMemQty
                0x1fff9538                OSMutexQty
                0x1fff953c                OSStatTaskTCB
                0x1fff95fc                OSTmrDbgListPtr
                0x1fff9600                OSTickTaskTimeMax
                0x1fff9604                OSTmrUpdateCnt
                0x1fff9608                OSSchedRoundRobinEn
                0x1fff960c                OSMutexDbgListPtr
                0x1fff9610                OSTmrUpdateCtr
 COMMON         0x1fff9614     0x1150 .\CortexM3\ARM_GCC_541\Debug\os_cfg_app.o
                0x1fff9614                OSCfg_StatTaskStk
                0x1fff9814                OSCfg_TickWheel
                0x1fff989c                OSCfg_MsgPool
                0x1fff9edc                OSCfg_TmrTaskStk
                0x1fffa0dc                OSCfg_TmrWheel
                0x1fffa164                OSCfg_ISRStk
                0x1fffa364                OSCfg_TickTaskStk
                0x1fffa564                OSCfg_IdleTaskStk
 COMMON         0x1fffa764      0x140 .\CortexM3\ARM_GCC_541\Debug\BMP280_CY8CKIT_059.a(UART_1.o)
                0x1fffa764                UART_1_txBuffer
                0x1fffa864                UART_1_rxBuffer
 COMMON         0x1fffa8a4       0x4a .\CortexM3\ARM_GCC_541\Debug\BMP280_CY8CKIT_059.a(SPIM_1.o)
                0x1fffa8a4                SPIM_1_swStatusTx
                0x1fffa8a8                SPIM_1_txBuffer
                0x1fffa8c6                SPIM_1_txBufferFull
                0x1fffa8c7                SPIM_1_rxBufferWrite
                0x1fffa8c8                SPIM_1_rxBufferFull
                0x1fffa8c9                SPIM_1_rxBufferRead
                0x1fffa8ca                SPIM_1_txBufferWrite
                0x1fffa8cb                SPIM_1_swStatusRx
                0x1fffa8cc                SPIM_1_txBufferRead
                0x1fffa8d0                SPIM_1_rxBuffer
 *fill*         0x1fffa8ee        0x2 
 COMMON         0x1fffa8f0        0x4 c:/program files (x86)/cypress/psoc creator/4.2/psoc creator/import/gnu/arm/5.4.1/bin/../lib/gcc/arm-none-eabi/5.4.1/../../../../arm-none-eabi/lib/armv7-m\libg_nano.a(lib_a-reent.o)
                0x1fffa8f0                errno
                0x1fffa8f8                . = ALIGN (0x8)
 *fill*         0x1fffa8f4        0x4 
 *(.ram.b)
                0x1fffa8f8                _end = .
                0x1fffa8f8                __end = .
                0x1fffa8f8                PROVIDE (end, .)
                0x1fffa8f8                PROVIDE (__bss_end__, .)
                0x00006710                __cy_region_init_ram = LOADADDR (.data)
                0x000000a8                __cy_region_init_size_ram = (_edata - ADDR (.data))
                0x00002788                __cy_region_zero_size_ram = (_end - _edata)

.heap           0x1fffa8f8       0x80 load address 0x000067b8
                0x1fffa8f8                . = _end
                0x1fffa978                . = (. + 0x80)
 *fill*         0x1fffa8f8       0x80 
                0x1fffa978                __cy_heap_limit = .

.stack          0x20007800      0x800
                0x20007800                __cy_stack_limit = .
                0x20008000                . = (. + 0x800)
 *fill*         0x20007800      0x800 
                0x00000001                ASSERT ((__cy_stack_limit >= __cy_heap_limit), region RAM overflowed with stack)
                0x00000000                cy_checksum_exclude_size = (CY_APPL_LOADABLE == 0x1)?SIZEOF (.cy_checksum_exclude):0x0
                0x00000001                ASSERT ((cy_checksum_exclude_size <= CY_CHECKSUM_EXCLUDE_SIZE), CY_BOOT: Section .cy_checksum_exclude size exceedes specified limit.)

.cyloadermeta
 *(.cyloadermeta)

.cyloadablemeta
 *(.cyloadablemeta)

.cyconfigecc    0x80000000      0x598
 *(.cyconfigecc)
 .cyconfigecc   0x80000000      0x598 .\CortexM3\ARM_GCC_541\Debug\cymetadata.o
                0x80000000                cy_meta_configecc

.cycustnvl      0x90000000        0x4
 *(.cycustnvl)
 .cycustnvl     0x90000000        0x4 .\CortexM3\ARM_GCC_541\Debug\cymetadata.o
                0x90000000                cy_meta_custnvl

.cywolatch      0x90100000        0x4
 *(.cywolatch)
 .cywolatch     0x90100000        0x4 .\CortexM3\ARM_GCC_541\Debug\cymetadata.o
                0x90100000                cy_meta_wonvl

.cyeeprom       0x90200000        0x0
 *(.cyeeprom)
                0x00000001                ASSERT ((. <= ((0x90200000 + ee_offset) + ee_size)), .cyeeprom data will not fit in EEPROM)

.cyflashprotect
                0x90400000      0x100
 *(.cyflashprotect)
 .cyflashprotect
                0x90400000      0x100 .\CortexM3\ARM_GCC_541\Debug\cymetadata.o
                0x90400000                cy_meta_flashprotect

.cymeta         0x90500000        0xc
 *(.cymeta)
 .cymeta        0x90500000        0xc .\CortexM3\ARM_GCC_541\Debug\cymetadata.o
                0x90500000                cy_metadata

.rel.dyn        0x000067b8        0x0 load address 0x9050000c
 .rel.iplt      0x000067b8        0x0 c:/program files (x86)/cypress/psoc creator/4.2/psoc creator/import/gnu/arm/5.4.1/bin/../lib/gcc/arm-none-eabi/5.4.1/armv7-m/crtbegin.o

.stab
 *(.stab)

.stabstr
 *(.stabstr)

.debug
 *(.debug)

.line
 *(.line)

.debug_srcinfo
 *(.debug_srcinfo)

.debug_sfnames
 *(.debug_sfnames)

.debug_aranges  0x00000000     0x1580
 *(.debug_aranges)
 .debug_aranges
                0x00000000       0x40 .\CortexM3\ARM_GCC_541\Debug\app.o
 .debug_aranges
                0x00000040       0x68 .\CortexM3\ARM_GCC_541\Debug\os_app_hooks.o
 .debug_aranges
                0x000000a8       0x38 .\CortexM3\ARM_GCC_541\Debug\bsp_os.o
 .debug_aranges
                0x000000e0       0x48 .\CortexM3\ARM_GCC_541\Debug\bsp.o
 .debug_aranges
                0x00000128       0x30 .\CortexM3\ARM_GCC_541\Debug\cpu_bsp.o
 .debug_aranges
                0x00000158       0x48 .\CortexM3\ARM_GCC_541\Debug\bsp_uart.o
 .debug_aranges
                0x000001a0       0x38 .\CortexM3\ARM_GCC_541\Debug\bsp_gpio.o
 .debug_aranges
                0x000001d8       0x48 .\CortexM3\ARM_GCC_541\Debug\bsp_spi.o
 .debug_aranges
                0x00000220       0x60 .\CortexM3\ARM_GCC_541\Debug\bmp280.o
 .debug_aranges
                0x00000280       0x50 .\CortexM3\ARM_GCC_541\Debug\cpu_c.o
 .debug_aranges
                0x000002d0       0xb0 .\CortexM3\ARM_GCC_541\Debug\cpu_core.o
 .debug_aranges
                0x00000380       0x38 .\CortexM3\ARM_GCC_541\Debug\lib_math.o
 .debug_aranges
                0x000003b8       0x48 .\CortexM3\ARM_GCC_541\Debug\lib_mem.o
 .debug_aranges
                0x00000400       0xd8 .\CortexM3\ARM_GCC_541\Debug\lib_str.o
 .debug_aranges
                0x000004d8       0x98 .\CortexM3\ARM_GCC_541\Debug\lib_ascii.o
 .debug_aranges
                0x00000570       0x70 .\CortexM3\ARM_GCC_541\Debug\os_cpu_c.o
 .debug_aranges
                0x000005e0       0x38 .\CortexM3\ARM_GCC_541\Debug\os_pend_multi.o
 .debug_aranges
                0x00000618       0x38 .\CortexM3\ARM_GCC_541\Debug\os_prio.o
 .debug_aranges
                0x00000650       0x70 .\CortexM3\ARM_GCC_541\Debug\os_q.o
 .debug_aranges
                0x000006c0       0x70 .\CortexM3\ARM_GCC_541\Debug\os_sem.o
 .debug_aranges
                0x00000730       0x38 .\CortexM3\ARM_GCC_541\Debug\os_stat.o
 .debug_aranges
                0x00000768       0xf0 .\CortexM3\ARM_GCC_541\Debug\os_task.o
 .debug_aranges
                0x00000858       0x50 .\CortexM3\ARM_GCC_541\Debug\os_tick.o
 .debug_aranges
                0x000008a8       0x48 .\CortexM3\ARM_GCC_541\Debug\os_time.o
 .debug_aranges
                0x000008f0       0x88 .\CortexM3\ARM_GCC_541\Debug\os_tmr.o
 .debug_aranges
                0x00000978       0x18 .\CortexM3\ARM_GCC_541\Debug\os_var.o
 .debug_aranges
                0x00000990       0x20 .\CortexM3\ARM_GCC_541\Debug\os_cfg_app.o
 .debug_aranges
                0x000009b0      0x140 .\CortexM3\ARM_GCC_541\Debug\os_core.o
 .debug_aranges
                0x00000af0       0x20 .\CortexM3\ARM_GCC_541\Debug\os_dbg.o
 .debug_aranges
                0x00000b10       0x80 .\CortexM3\ARM_GCC_541\Debug\os_flag.o
 .debug_aranges
                0x00000b90       0x18 .\CortexM3\ARM_GCC_541\Debug\os_int.o
 .debug_aranges
                0x00000ba8       0x40 .\CortexM3\ARM_GCC_541\Debug\os_mem.o
 .debug_aranges
                0x00000be8       0x40 .\CortexM3\ARM_GCC_541\Debug\os_msg.o
 .debug_aranges
                0x00000c28       0x60 .\CortexM3\ARM_GCC_541\Debug\os_mutex.o
 .debug_aranges
                0x00000c88       0x58 .\CortexM3\ARM_GCC_541\Debug\cyfitter_cfg.o
 .debug_aranges
                0x00000ce0       0x18 .\CortexM3\ARM_GCC_541\Debug\cymetadata.o
 .debug_aranges
                0x00000cf8       0x48 .\CortexM3\ARM_GCC_541\Debug\Cm3Start.o
 .debug_aranges
                0x00000d40       0x20 .\CortexM3\ARM_GCC_541\Debug\cpu_a.o
 .debug_aranges
                0x00000d60       0x20 .\CortexM3\ARM_GCC_541\Debug\os_cpu_a.o
 .debug_aranges
                0x00000d80       0xf0 .\CortexM3\ARM_GCC_541\Debug\BMP280_CY8CKIT_059.a(UART_1.o)
 .debug_aranges
                0x00000e70       0x28 .\CortexM3\ARM_GCC_541\Debug\BMP280_CY8CKIT_059.a(UART_1_INT.o)
 .debug_aranges
                0x00000e98       0x38 .\CortexM3\ARM_GCC_541\Debug\BMP280_CY8CKIT_059.a(Pin_1.o)
 .debug_aranges
                0x00000ed0       0x70 .\CortexM3\ARM_GCC_541\Debug\BMP280_CY8CKIT_059.a(UART_1_IntClock.o)
 .debug_aranges
                0x00000f40      0x2a0 .\CortexM3\ARM_GCC_541\Debug\BMP280_CY8CKIT_059.a(CyLib.o)
 .debug_aranges
                0x000011e0       0x98 .\CortexM3\ARM_GCC_541\Debug\BMP280_CY8CKIT_059.a(cyPm.o)
 .debug_aranges
                0x00001278       0xd8 .\CortexM3\ARM_GCC_541\Debug\BMP280_CY8CKIT_059.a(SPIM_1.o)
 .debug_aranges
                0x00001350       0x28 .\CortexM3\ARM_GCC_541\Debug\BMP280_CY8CKIT_059.a(SPIM_1_INT.o)
 .debug_aranges
                0x00001378       0x70 .\CortexM3\ARM_GCC_541\Debug\BMP280_CY8CKIT_059.a(SPIM_1_IntClock.o)
 .debug_aranges
                0x000013e8       0x38 .\CortexM3\ARM_GCC_541\Debug\BMP280_CY8CKIT_059.a(Pin_2.o)
 .debug_aranges
                0x00001420       0x38 .\CortexM3\ARM_GCC_541\Debug\BMP280_CY8CKIT_059.a(push_button.o)
 .debug_aranges
                0x00001458       0x20 .\CortexM3\ARM_GCC_541\Debug\BMP280_CY8CKIT_059.a(CyBootAsmGnu.o)
 .debug_aranges
                0x00001478       0x88 .\CortexM3\ARM_GCC_541\Debug\BMP280_CY8CKIT_059.a(CyFlash.o)
 .debug_aranges
                0x00001500       0x80 .\CortexM3\ARM_GCC_541\Debug\BMP280_CY8CKIT_059.a(CySpc.o)

.debug_pubnames
 *(.debug_pubnames)

.debug_info     0x00000000    0x1ec94
 *(.debug_info .gnu.linkonce.wi.*)
 .debug_info    0x00000000     0x108b .\CortexM3\ARM_GCC_541\Debug\app.o
 .debug_info    0x0000108b      0x894 .\CortexM3\ARM_GCC_541\Debug\os_app_hooks.o
 .debug_info    0x0000191f      0xe09 .\CortexM3\ARM_GCC_541\Debug\bsp_os.o
 .debug_info    0x00002728      0x297 .\CortexM3\ARM_GCC_541\Debug\bsp.o
 .debug_info    0x000029bf      0x178 .\CortexM3\ARM_GCC_541\Debug\cpu_bsp.o
 .debug_info    0x00002b37      0x393 .\CortexM3\ARM_GCC_541\Debug\bsp_uart.o
 .debug_info    0x00002eca      0x28c .\CortexM3\ARM_GCC_541\Debug\bsp_gpio.o
 .debug_info    0x00003156      0x265 .\CortexM3\ARM_GCC_541\Debug\bsp_spi.o
 .debug_info    0x000033bb      0x648 .\CortexM3\ARM_GCC_541\Debug\bmp280.o
 .debug_info    0x00003a03      0x5f2 .\CortexM3\ARM_GCC_541\Debug\cpu_c.o
 .debug_info    0x00003ff5      0x71b .\CortexM3\ARM_GCC_541\Debug\cpu_core.o
 .debug_info    0x00004710      0x1e9 .\CortexM3\ARM_GCC_541\Debug\lib_math.o
 .debug_info    0x000048f9      0x4df .\CortexM3\ARM_GCC_541\Debug\lib_mem.o
 .debug_info    0x00004dd8     0x10d7 .\CortexM3\ARM_GCC_541\Debug\lib_str.o
 .debug_info    0x00005eaf      0x43b .\CortexM3\ARM_GCC_541\Debug\lib_ascii.o
 .debug_info    0x000062ea      0xa1f .\CortexM3\ARM_GCC_541\Debug\os_cpu_c.o
 .debug_info    0x00006d09     0x1032 .\CortexM3\ARM_GCC_541\Debug\os_pend_multi.o
 .debug_info    0x00007d3b      0x1f0 .\CortexM3\ARM_GCC_541\Debug\os_prio.o
 .debug_info    0x00007f2b     0x14dd .\CortexM3\ARM_GCC_541\Debug\os_q.o
 .debug_info    0x00009408     0x13bd .\CortexM3\ARM_GCC_541\Debug\os_sem.o
 .debug_info    0x0000a7c5     0x1219 .\CortexM3\ARM_GCC_541\Debug\os_stat.o
 .debug_info    0x0000b9de     0x20a8 .\CortexM3\ARM_GCC_541\Debug\os_task.o
 .debug_info    0x0000da86      0xfe0 .\CortexM3\ARM_GCC_541\Debug\os_tick.o
 .debug_info    0x0000ea66     0x10d8 .\CortexM3\ARM_GCC_541\Debug\os_time.o
 .debug_info    0x0000fb3e     0x16b7 .\CortexM3\ARM_GCC_541\Debug\os_tmr.o
 .debug_info    0x000111f5      0xf4c .\CortexM3\ARM_GCC_541\Debug\os_var.o
 .debug_info    0x00012141      0xbda .\CortexM3\ARM_GCC_541\Debug\os_cfg_app.o
 .debug_info    0x00012d1b     0x1f24 .\CortexM3\ARM_GCC_541\Debug\os_core.o
 .debug_info    0x00014c3f     0x1379 .\CortexM3\ARM_GCC_541\Debug\os_dbg.o
 .debug_info    0x00015fb8     0x178f .\CortexM3\ARM_GCC_541\Debug\os_flag.o
 .debug_info    0x00017747       0x87 .\CortexM3\ARM_GCC_541\Debug\os_int.o
 .debug_info    0x000177ce      0x89b .\CortexM3\ARM_GCC_541\Debug\os_mem.o
 .debug_info    0x00018069      0x87b .\CortexM3\ARM_GCC_541\Debug\os_msg.o
 .debug_info    0x000188e4     0x13bd .\CortexM3\ARM_GCC_541\Debug\os_mutex.o
 .debug_info    0x00019ca1      0x594 .\CortexM3\ARM_GCC_541\Debug\cyfitter_cfg.o
 .debug_info    0x0001a235      0x136 .\CortexM3\ARM_GCC_541\Debug\cymetadata.o
 .debug_info    0x0001a36b      0x3bb .\CortexM3\ARM_GCC_541\Debug\Cm3Start.o
 .debug_info    0x0001a726       0x9a .\CortexM3\ARM_GCC_541\Debug\cpu_a.o
 .debug_info    0x0001a7c0       0xad .\CortexM3\ARM_GCC_541\Debug\os_cpu_a.o
 .debug_info    0x0001a86d      0x7be .\CortexM3\ARM_GCC_541\Debug\BMP280_CY8CKIT_059.a(UART_1.o)
 .debug_info    0x0001b02b      0x196 .\CortexM3\ARM_GCC_541\Debug\BMP280_CY8CKIT_059.a(UART_1_INT.o)
 .debug_info    0x0001b1c1      0x11f .\CortexM3\ARM_GCC_541\Debug\BMP280_CY8CKIT_059.a(Pin_1.o)
 .debug_info    0x0001b2e0      0x283 .\CortexM3\ARM_GCC_541\Debug\BMP280_CY8CKIT_059.a(UART_1_IntClock.o)
 .debug_info    0x0001b563     0x1374 .\CortexM3\ARM_GCC_541\Debug\BMP280_CY8CKIT_059.a(CyLib.o)
 .debug_info    0x0001c8d7      0xa2a .\CortexM3\ARM_GCC_541\Debug\BMP280_CY8CKIT_059.a(cyPm.o)
 .debug_info    0x0001d301      0x709 .\CortexM3\ARM_GCC_541\Debug\BMP280_CY8CKIT_059.a(SPIM_1.o)
 .debug_info    0x0001da0a      0x18d .\CortexM3\ARM_GCC_541\Debug\BMP280_CY8CKIT_059.a(SPIM_1_INT.o)
 .debug_info    0x0001db97      0x283 .\CortexM3\ARM_GCC_541\Debug\BMP280_CY8CKIT_059.a(SPIM_1_IntClock.o)
 .debug_info    0x0001de1a      0x11f .\CortexM3\ARM_GCC_541\Debug\BMP280_CY8CKIT_059.a(Pin_2.o)
 .debug_info    0x0001df39      0x11f .\CortexM3\ARM_GCC_541\Debug\BMP280_CY8CKIT_059.a(push_button.o)
 .debug_info    0x0001e058       0x9f .\CortexM3\ARM_GCC_541\Debug\BMP280_CY8CKIT_059.a(CyBootAsmGnu.o)
 .debug_info    0x0001e0f7      0x64d .\CortexM3\ARM_GCC_541\Debug\BMP280_CY8CKIT_059.a(CyFlash.o)
 .debug_info    0x0001e744      0x550 .\CortexM3\ARM_GCC_541\Debug\BMP280_CY8CKIT_059.a(CySpc.o)

.debug_abbrev   0x00000000     0x47b9
 *(.debug_abbrev)
 .debug_abbrev  0x00000000      0x202 .\CortexM3\ARM_GCC_541\Debug\app.o
 .debug_abbrev  0x00000202      0x127 .\CortexM3\ARM_GCC_541\Debug\os_app_hooks.o
 .debug_abbrev  0x00000329      0x187 .\CortexM3\ARM_GCC_541\Debug\bsp_os.o
 .debug_abbrev  0x000004b0      0x179 .\CortexM3\ARM_GCC_541\Debug\bsp.o
 .debug_abbrev  0x00000629       0xce .\CortexM3\ARM_GCC_541\Debug\cpu_bsp.o
 .debug_abbrev  0x000006f7      0x149 .\CortexM3\ARM_GCC_541\Debug\bsp_uart.o
 .debug_abbrev  0x00000840       0xe7 .\CortexM3\ARM_GCC_541\Debug\bsp_gpio.o
 .debug_abbrev  0x00000927       0xf7 .\CortexM3\ARM_GCC_541\Debug\bsp_spi.o
 .debug_abbrev  0x00000a1e      0x174 .\CortexM3\ARM_GCC_541\Debug\bmp280.o
 .debug_abbrev  0x00000b92      0x155 .\CortexM3\ARM_GCC_541\Debug\cpu_c.o
 .debug_abbrev  0x00000ce7      0x1fa .\CortexM3\ARM_GCC_541\Debug\cpu_core.o
 .debug_abbrev  0x00000ee1      0x116 .\CortexM3\ARM_GCC_541\Debug\lib_math.o
 .debug_abbrev  0x00000ff7      0x12a .\CortexM3\ARM_GCC_541\Debug\lib_mem.o
 .debug_abbrev  0x00001121      0x19d .\CortexM3\ARM_GCC_541\Debug\lib_str.o
 .debug_abbrev  0x000012be      0x105 .\CortexM3\ARM_GCC_541\Debug\lib_ascii.o
 .debug_abbrev  0x000013c3      0x21d .\CortexM3\ARM_GCC_541\Debug\os_cpu_c.o
 .debug_abbrev  0x000015e0      0x1f0 .\CortexM3\ARM_GCC_541\Debug\os_pend_multi.o
 .debug_abbrev  0x000017d0       0xf1 .\CortexM3\ARM_GCC_541\Debug\os_prio.o
 .debug_abbrev  0x000018c1      0x228 .\CortexM3\ARM_GCC_541\Debug\os_q.o
 .debug_abbrev  0x00001ae9      0x226 .\CortexM3\ARM_GCC_541\Debug\os_sem.o
 .debug_abbrev  0x00001d0f      0x1f6 .\CortexM3\ARM_GCC_541\Debug\os_stat.o
 .debug_abbrev  0x00001f05      0x1f3 .\CortexM3\ARM_GCC_541\Debug\os_task.o
 .debug_abbrev  0x000020f8      0x224 .\CortexM3\ARM_GCC_541\Debug\os_tick.o
 .debug_abbrev  0x0000231c      0x1c8 .\CortexM3\ARM_GCC_541\Debug\os_time.o
 .debug_abbrev  0x000024e4      0x269 .\CortexM3\ARM_GCC_541\Debug\os_tmr.o
 .debug_abbrev  0x0000274d       0xb7 .\CortexM3\ARM_GCC_541\Debug\os_var.o
 .debug_abbrev  0x00002804       0xdc .\CortexM3\ARM_GCC_541\Debug\os_cfg_app.o
 .debug_abbrev  0x000028e0      0x265 .\CortexM3\ARM_GCC_541\Debug\os_core.o
 .debug_abbrev  0x00002b45       0xfa .\CortexM3\ARM_GCC_541\Debug\os_dbg.o
 .debug_abbrev  0x00002c3f      0x226 .\CortexM3\ARM_GCC_541\Debug\os_flag.o
 .debug_abbrev  0x00002e65       0x26 .\CortexM3\ARM_GCC_541\Debug\os_int.o
 .debug_abbrev  0x00002e8b      0x190 .\CortexM3\ARM_GCC_541\Debug\os_mem.o
 .debug_abbrev  0x0000301b      0x184 .\CortexM3\ARM_GCC_541\Debug\os_msg.o
 .debug_abbrev  0x0000319f      0x219 .\CortexM3\ARM_GCC_541\Debug\os_mutex.o
 .debug_abbrev  0x000033b8      0x20d .\CortexM3\ARM_GCC_541\Debug\cyfitter_cfg.o
 .debug_abbrev  0x000035c5       0x77 .\CortexM3\ARM_GCC_541\Debug\cymetadata.o
 .debug_abbrev  0x0000363c      0x1e8 .\CortexM3\ARM_GCC_541\Debug\Cm3Start.o
 .debug_abbrev  0x00003824       0x14 .\CortexM3\ARM_GCC_541\Debug\cpu_a.o
 .debug_abbrev  0x00003838       0x14 .\CortexM3\ARM_GCC_541\Debug\os_cpu_a.o
 .debug_abbrev  0x0000384c      0x16f .\CortexM3\ARM_GCC_541\Debug\BMP280_CY8CKIT_059.a(UART_1.o)
 .debug_abbrev  0x000039bb       0xa2 .\CortexM3\ARM_GCC_541\Debug\BMP280_CY8CKIT_059.a(UART_1_INT.o)
 .debug_abbrev  0x00003a5d       0x90 .\CortexM3\ARM_GCC_541\Debug\BMP280_CY8CKIT_059.a(Pin_1.o)
 .debug_abbrev  0x00003aed      0x139 .\CortexM3\ARM_GCC_541\Debug\BMP280_CY8CKIT_059.a(UART_1_IntClock.o)
 .debug_abbrev  0x00003c26      0x254 .\CortexM3\ARM_GCC_541\Debug\BMP280_CY8CKIT_059.a(CyLib.o)
 .debug_abbrev  0x00003e7a      0x1ab .\CortexM3\ARM_GCC_541\Debug\BMP280_CY8CKIT_059.a(cyPm.o)
 .debug_abbrev  0x00004025      0x162 .\CortexM3\ARM_GCC_541\Debug\BMP280_CY8CKIT_059.a(SPIM_1.o)
 .debug_abbrev  0x00004187       0x8a .\CortexM3\ARM_GCC_541\Debug\BMP280_CY8CKIT_059.a(SPIM_1_INT.o)
 .debug_abbrev  0x00004211      0x139 .\CortexM3\ARM_GCC_541\Debug\BMP280_CY8CKIT_059.a(SPIM_1_IntClock.o)
 .debug_abbrev  0x0000434a       0x90 .\CortexM3\ARM_GCC_541\Debug\BMP280_CY8CKIT_059.a(Pin_2.o)
 .debug_abbrev  0x000043da       0x90 .\CortexM3\ARM_GCC_541\Debug\BMP280_CY8CKIT_059.a(push_button.o)
 .debug_abbrev  0x0000446a       0x14 .\CortexM3\ARM_GCC_541\Debug\BMP280_CY8CKIT_059.a(CyBootAsmGnu.o)
 .debug_abbrev  0x0000447e      0x1a7 .\CortexM3\ARM_GCC_541\Debug\BMP280_CY8CKIT_059.a(CyFlash.o)
 .debug_abbrev  0x00004625      0x194 .\CortexM3\ARM_GCC_541\Debug\BMP280_CY8CKIT_059.a(CySpc.o)

.debug_line     0x00000000     0x61d0
 *(.debug_line)
 .debug_line    0x00000000      0x13c .\CortexM3\ARM_GCC_541\Debug\app.o
 .debug_line    0x0000013c      0x147 .\CortexM3\ARM_GCC_541\Debug\os_app_hooks.o
 .debug_line    0x00000283      0x112 .\CortexM3\ARM_GCC_541\Debug\bsp_os.o
 .debug_line    0x00000395      0x1d6 .\CortexM3\ARM_GCC_541\Debug\bsp.o
 .debug_line    0x0000056b       0xaf .\CortexM3\ARM_GCC_541\Debug\cpu_bsp.o
 .debug_line    0x0000061a      0x16d .\CortexM3\ARM_GCC_541\Debug\bsp_uart.o
 .debug_line    0x00000787      0x114 .\CortexM3\ARM_GCC_541\Debug\bsp_gpio.o
 .debug_line    0x0000089b      0x11f .\CortexM3\ARM_GCC_541\Debug\bsp_spi.o
 .debug_line    0x000009ba      0x16d .\CortexM3\ARM_GCC_541\Debug\bmp280.o
 .debug_line    0x00000b27      0x1a8 .\CortexM3\ARM_GCC_541\Debug\cpu_c.o
 .debug_line    0x00000ccf      0x260 .\CortexM3\ARM_GCC_541\Debug\cpu_core.o
 .debug_line    0x00000f2f       0xb9 .\CortexM3\ARM_GCC_541\Debug\lib_math.o
 .debug_line    0x00000fe8      0x197 .\CortexM3\ARM_GCC_541\Debug\lib_mem.o
 .debug_line    0x0000117f      0x4f8 .\CortexM3\ARM_GCC_541\Debug\lib_str.o
 .debug_line    0x00001677      0x20e .\CortexM3\ARM_GCC_541\Debug\lib_ascii.o
 .debug_line    0x00001885      0x1e6 .\CortexM3\ARM_GCC_541\Debug\os_cpu_c.o
 .debug_line    0x00001a6b      0x191 .\CortexM3\ARM_GCC_541\Debug\os_pend_multi.o
 .debug_line    0x00001bfc       0xf6 .\CortexM3\ARM_GCC_541\Debug\os_prio.o
 .debug_line    0x00001cf2      0x264 .\CortexM3\ARM_GCC_541\Debug\os_q.o
 .debug_line    0x00001f56      0x25e .\CortexM3\ARM_GCC_541\Debug\os_sem.o
 .debug_line    0x000021b4      0x1a7 .\CortexM3\ARM_GCC_541\Debug\os_stat.o
 .debug_line    0x0000235b      0x53b .\CortexM3\ARM_GCC_541\Debug\os_task.o
 .debug_line    0x00002896      0x1f2 .\CortexM3\ARM_GCC_541\Debug\os_tick.o
 .debug_line    0x00002a88      0x198 .\CortexM3\ARM_GCC_541\Debug\os_time.o
 .debug_line    0x00002c20      0x317 .\CortexM3\ARM_GCC_541\Debug\os_tmr.o
 .debug_line    0x00002f37       0x7f .\CortexM3\ARM_GCC_541\Debug\os_var.o
 .debug_line    0x00002fb6       0xaf .\CortexM3\ARM_GCC_541\Debug\os_cfg_app.o
 .debug_line    0x00003065      0x5c9 .\CortexM3\ARM_GCC_541\Debug\os_core.o
 .debug_line    0x0000362e       0xab .\CortexM3\ARM_GCC_541\Debug\os_dbg.o
 .debug_line    0x000036d9      0x301 .\CortexM3\ARM_GCC_541\Debug\os_flag.o
 .debug_line    0x000039da       0x1d .\CortexM3\ARM_GCC_541\Debug\os_int.o
 .debug_line    0x000039f7      0x14a .\CortexM3\ARM_GCC_541\Debug\os_mem.o
 .debug_line    0x00003b41      0x17a .\CortexM3\ARM_GCC_541\Debug\os_msg.o
 .debug_line    0x00003cbb      0x25b .\CortexM3\ARM_GCC_541\Debug\os_mutex.o
 .debug_line    0x00003f16      0x1f5 .\CortexM3\ARM_GCC_541\Debug\cyfitter_cfg.o
 .debug_line    0x0000410b      0x141 .\CortexM3\ARM_GCC_541\Debug\cymetadata.o
 .debug_line    0x0000424c      0x234 .\CortexM3\ARM_GCC_541\Debug\Cm3Start.o
 .debug_line    0x00004480       0x70 .\CortexM3\ARM_GCC_541\Debug\cpu_a.o
 .debug_line    0x000044f0       0x9a .\CortexM3\ARM_GCC_541\Debug\os_cpu_a.o
 .debug_line    0x0000458a      0x33f .\CortexM3\ARM_GCC_541\Debug\BMP280_CY8CKIT_059.a(UART_1.o)
 .debug_line    0x000048c9       0xa9 .\CortexM3\ARM_GCC_541\Debug\BMP280_CY8CKIT_059.a(UART_1_INT.o)
 .debug_line    0x00004972       0x92 .\CortexM3\ARM_GCC_541\Debug\BMP280_CY8CKIT_059.a(Pin_1.o)
 .debug_line    0x00004a04      0x17e .\CortexM3\ARM_GCC_541\Debug\BMP280_CY8CKIT_059.a(UART_1_IntClock.o)
 .debug_line    0x00004b82      0x816 .\CortexM3\ARM_GCC_541\Debug\BMP280_CY8CKIT_059.a(CyLib.o)
 .debug_line    0x00005398      0x367 .\CortexM3\ARM_GCC_541\Debug\BMP280_CY8CKIT_059.a(cyPm.o)
 .debug_line    0x000056ff      0x29e .\CortexM3\ARM_GCC_541\Debug\BMP280_CY8CKIT_059.a(SPIM_1.o)
 .debug_line    0x0000599d       0xaa .\CortexM3\ARM_GCC_541\Debug\BMP280_CY8CKIT_059.a(SPIM_1_INT.o)
 .debug_line    0x00005a47      0x17e .\CortexM3\ARM_GCC_541\Debug\BMP280_CY8CKIT_059.a(SPIM_1_IntClock.o)
 .debug_line    0x00005bc5       0x93 .\CortexM3\ARM_GCC_541\Debug\BMP280_CY8CKIT_059.a(Pin_2.o)
 .debug_line    0x00005c58       0x98 .\CortexM3\ARM_GCC_541\Debug\BMP280_CY8CKIT_059.a(push_button.o)
 .debug_line    0x00005cf0       0x66 .\CortexM3\ARM_GCC_541\Debug\BMP280_CY8CKIT_059.a(CyBootAsmGnu.o)
 .debug_line    0x00005d56      0x21a .\CortexM3\ARM_GCC_541\Debug\BMP280_CY8CKIT_059.a(CyFlash.o)
 .debug_line    0x00005f70      0x260 .\CortexM3\ARM_GCC_541\Debug\BMP280_CY8CKIT_059.a(CySpc.o)

.debug_frame    0x00000000     0x433c
 *(.debug_frame)
 .debug_frame   0x00000000       0xb8 .\CortexM3\ARM_GCC_541\Debug\app.o
 .debug_frame   0x000000b8       0xc8 .\CortexM3\ARM_GCC_541\Debug\os_app_hooks.o
 .debug_frame   0x00000180       0x88 .\CortexM3\ARM_GCC_541\Debug\bsp_os.o
 .debug_frame   0x00000208       0xa0 .\CortexM3\ARM_GCC_541\Debug\bsp.o
 .debug_frame   0x000002a8       0x4c .\CortexM3\ARM_GCC_541\Debug\cpu_bsp.o
 .debug_frame   0x000002f4       0xd0 .\CortexM3\ARM_GCC_541\Debug\bsp_uart.o
 .debug_frame   0x000003c4       0x84 .\CortexM3\ARM_GCC_541\Debug\bsp_gpio.o
 .debug_frame   0x00000448       0xc0 .\CortexM3\ARM_GCC_541\Debug\bsp_spi.o
 .debug_frame   0x00000508      0x138 .\CortexM3\ARM_GCC_541\Debug\bmp280.o
 .debug_frame   0x00000640       0xdc .\CortexM3\ARM_GCC_541\Debug\cpu_c.o
 .debug_frame   0x0000071c      0x208 .\CortexM3\ARM_GCC_541\Debug\cpu_core.o
 .debug_frame   0x00000924       0x78 .\CortexM3\ARM_GCC_541\Debug\lib_math.o
 .debug_frame   0x0000099c       0xcc .\CortexM3\ARM_GCC_541\Debug\lib_mem.o
 .debug_frame   0x00000a68      0x41c .\CortexM3\ARM_GCC_541\Debug\lib_str.o
 .debug_frame   0x00000e84      0x120 .\CortexM3\ARM_GCC_541\Debug\lib_ascii.o
 .debug_frame   0x00000fa4      0x138 .\CortexM3\ARM_GCC_541\Debug\os_cpu_c.o
 .debug_frame   0x000010dc       0xa4 .\CortexM3\ARM_GCC_541\Debug\os_pend_multi.o
 .debug_frame   0x00001180       0x5c .\CortexM3\ARM_GCC_541\Debug\os_prio.o
 .debug_frame   0x000011dc      0x194 .\CortexM3\ARM_GCC_541\Debug\os_q.o
 .debug_frame   0x00001370      0x180 .\CortexM3\ARM_GCC_541\Debug\os_sem.o
 .debug_frame   0x000014f0       0xa4 .\CortexM3\ARM_GCC_541\Debug\os_stat.o
 .debug_frame   0x00001594      0x3b8 .\CortexM3\ARM_GCC_541\Debug\os_task.o
 .debug_frame   0x0000194c       0xd0 .\CortexM3\ARM_GCC_541\Debug\os_tick.o
 .debug_frame   0x00001a1c       0xdc .\CortexM3\ARM_GCC_541\Debug\os_time.o
 .debug_frame   0x00001af8      0x1c0 .\CortexM3\ARM_GCC_541\Debug\os_tmr.o
 .debug_frame   0x00001cb8       0x20 .\CortexM3\ARM_GCC_541\Debug\os_cfg_app.o
 .debug_frame   0x00001cd8      0x424 .\CortexM3\ARM_GCC_541\Debug\os_core.o
 .debug_frame   0x000020fc       0x20 .\CortexM3\ARM_GCC_541\Debug\os_dbg.o
 .debug_frame   0x0000211c      0x1bc .\CortexM3\ARM_GCC_541\Debug\os_flag.o
 .debug_frame   0x000022d8       0x9c .\CortexM3\ARM_GCC_541\Debug\os_mem.o
 .debug_frame   0x00002374       0xb8 .\CortexM3\ARM_GCC_541\Debug\os_msg.o
 .debug_frame   0x0000242c      0x13c .\CortexM3\ARM_GCC_541\Debug\os_mutex.o
 .debug_frame   0x00002568       0xe4 .\CortexM3\ARM_GCC_541\Debug\cyfitter_cfg.o
 .debug_frame   0x0000264c       0xb8 .\CortexM3\ARM_GCC_541\Debug\Cm3Start.o
 .debug_frame   0x00002704      0x25c .\CortexM3\ARM_GCC_541\Debug\BMP280_CY8CKIT_059.a(UART_1.o)
 .debug_frame   0x00002960       0x30 .\CortexM3\ARM_GCC_541\Debug\BMP280_CY8CKIT_059.a(UART_1_INT.o)
 .debug_frame   0x00002990       0x50 .\CortexM3\ARM_GCC_541\Debug\BMP280_CY8CKIT_059.a(Pin_1.o)
 .debug_frame   0x000029e0       0xe0 .\CortexM3\ARM_GCC_541\Debug\BMP280_CY8CKIT_059.a(UART_1_IntClock.o)
 .debug_frame   0x00002ac0      0x738 .\CortexM3\ARM_GCC_541\Debug\BMP280_CY8CKIT_059.a(CyLib.o)
 .debug_frame   0x000031f8      0x1f8 .\CortexM3\ARM_GCC_541\Debug\BMP280_CY8CKIT_059.a(cyPm.o)
 .debug_frame   0x000033f0      0x260 .\CortexM3\ARM_GCC_541\Debug\BMP280_CY8CKIT_059.a(SPIM_1.o)
 .debug_frame   0x00003650       0x30 .\CortexM3\ARM_GCC_541\Debug\BMP280_CY8CKIT_059.a(SPIM_1_INT.o)
 .debug_frame   0x00003680       0xe0 .\CortexM3\ARM_GCC_541\Debug\BMP280_CY8CKIT_059.a(SPIM_1_IntClock.o)
 .debug_frame   0x00003760       0x50 .\CortexM3\ARM_GCC_541\Debug\BMP280_CY8CKIT_059.a(Pin_2.o)
 .debug_frame   0x000037b0       0x50 .\CortexM3\ARM_GCC_541\Debug\BMP280_CY8CKIT_059.a(push_button.o)
 .debug_frame   0x00003800      0x194 .\CortexM3\ARM_GCC_541\Debug\BMP280_CY8CKIT_059.a(CyFlash.o)