Archive member included to satisfy reference by file (symbol)

.\CortexM3\ARM_GCC_541\Debug\esw_bmp280_Petrovic_Wagner.a(UART_1.o)
                              .\CortexM3\ARM_GCC_541\Debug\bsp_uart.o (UART_1_Start)
.\CortexM3\ARM_GCC_541\Debug\esw_bmp280_Petrovic_Wagner.a(UART_1_INT.o)
                              .\CortexM3\ARM_GCC_541\Debug\esw_bmp280_Petrovic_Wagner.a(UART_1.o) (UART_1_RXISR)
.\CortexM3\ARM_GCC_541\Debug\esw_bmp280_Petrovic_Wagner.a(Pin_1.o)
                              .\CortexM3\ARM_GCC_541\Debug\bsp_gpio.o (Pin_1_Write)
.\CortexM3\ARM_GCC_541\Debug\esw_bmp280_Petrovic_Wagner.a(UART_1_IntClock.o)
                              .\CortexM3\ARM_GCC_541\Debug\esw_bmp280_Petrovic_Wagner.a(UART_1.o) (UART_1_IntClock_Start)
.\CortexM3\ARM_GCC_541\Debug\esw_bmp280_Petrovic_Wagner.a(CyLib.o)
                              .\CortexM3\ARM_GCC_541\Debug\Cm3Start.o (CyHalt)
.\CortexM3\ARM_GCC_541\Debug\esw_bmp280_Petrovic_Wagner.a(cyPm.o)
                              .\CortexM3\ARM_GCC_541\Debug\esw_bmp280_Petrovic_Wagner.a(CyLib.o) (CyPmReadStatus)
.\CortexM3\ARM_GCC_541\Debug\esw_bmp280_Petrovic_Wagner.a(Pin_2.o)
                              .\CortexM3\ARM_GCC_541\Debug\bsp_gpio.o (Pin_2_Write)
.\CortexM3\ARM_GCC_541\Debug\esw_bmp280_Petrovic_Wagner.a(push_button.o)
                              .\CortexM3\ARM_GCC_541\Debug\bsp_gpio.o (push_button_Write)
.\CortexM3\ARM_GCC_541\Debug\esw_bmp280_Petrovic_Wagner.a(CyBootAsmGnu.o)
                              .\CortexM3\ARM_GCC_541\Debug\cyfitter_cfg.o (CyDelayCycles)
.\CortexM3\ARM_GCC_541\Debug\esw_bmp280_Petrovic_Wagner.a(CyFlash.o)
                              .\CortexM3\ARM_GCC_541\Debug\esw_bmp280_Petrovic_Wagner.a(cyPm.o) (CyFlash_SetWaitCycles)
.\CortexM3\ARM_GCC_541\Debug\esw_bmp280_Petrovic_Wagner.a(CySpc.o)
                              .\CortexM3\ARM_GCC_541\Debug\esw_bmp280_Petrovic_Wagner.a(CyFlash.o) (CySpcStart)
c:/program files (x86)/cypress/psoc creator/4.2/psoc creator/import/gnu/arm/5.4.1/bin/../lib/gcc/arm-none-eabi/5.4.1/../../../../arm-none-eabi/lib/armv7-m\libm.a(lib_a-s_cos.o)
                              .\CortexM3\ARM_GCC_541\Debug\app.o (cos)
c:/program files (x86)/cypress/psoc creator/4.2/psoc creator/import/gnu/arm/5.4.1/bin/../lib/gcc/arm-none-eabi/5.4.1/../../../../arm-none-eabi/lib/armv7-m\libm.a(lib_a-s_sin.o)
                              .\CortexM3\ARM_GCC_541\Debug\app.o (sin)
c:/program files (x86)/cypress/psoc creator/4.2/psoc creator/import/gnu/arm/5.4.1/bin/../lib/gcc/arm-none-eabi/5.4.1/../../../../arm-none-eabi/lib/armv7-m\libm.a(lib_a-e_rem_pio2.o)
                              c:/program files (x86)/cypress/psoc creator/4.2/psoc creator/import/gnu/arm/5.4.1/bin/../lib/gcc/arm-none-eabi/5.4.1/../../../../arm-none-eabi/lib/armv7-m\libm.a(lib_a-s_cos.o) (__ieee754_rem_pio2)
c:/program files (x86)/cypress/psoc creator/4.2/psoc creator/import/gnu/arm/5.4.1/bin/../lib/gcc/arm-none-eabi/5.4.1/../../../../arm-none-eabi/lib/armv7-m\libm.a(lib_a-k_cos.o)
                              c:/program files (x86)/cypress/psoc creator/4.2/psoc creator/import/gnu/arm/5.4.1/bin/../lib/gcc/arm-none-eabi/5.4.1/../../../../arm-none-eabi/lib/armv7-m\libm.a(lib_a-s_cos.o) (__kernel_cos)
c:/program files (x86)/cypress/psoc creator/4.2/psoc creator/import/gnu/arm/5.4.1/bin/../lib/gcc/arm-none-eabi/5.4.1/../../../../arm-none-eabi/lib/armv7-m\libm.a(lib_a-k_rem_pio2.o)
                              c:/program files (x86)/cypress/psoc creator/4.2/psoc creator/import/gnu/arm/5.4.1/bin/../lib/gcc/arm-none-eabi/5.4.1/../../../../arm-none-eabi/lib/armv7-m\libm.a(lib_a-e_rem_pio2.o) (__kernel_rem_pio2)
c:/program files (x86)/cypress/psoc creator/4.2/psoc creator/import/gnu/arm/5.4.1/bin/../lib/gcc/arm-none-eabi/5.4.1/../../../../arm-none-eabi/lib/armv7-m\libm.a(lib_a-k_sin.o)
                              c:/program files (x86)/cypress/psoc creator/4.2/psoc creator/import/gnu/arm/5.4.1/bin/../lib/gcc/arm-none-eabi/5.4.1/../../../../arm-none-eabi/lib/armv7-m\libm.a(lib_a-s_cos.o) (__kernel_sin)
c:/program files (x86)/cypress/psoc creator/4.2/psoc creator/import/gnu/arm/5.4.1/bin/../lib/gcc/arm-none-eabi/5.4.1/../../../../arm-none-eabi/lib/armv7-m\libm.a(lib_a-s_fabs.o)
                              c:/program files (x86)/cypress/psoc creator/4.2/psoc creator/import/gnu/arm/5.4.1/bin/../lib/gcc/arm-none-eabi/5.4.1/../../../../arm-none-eabi/lib/armv7-m\libm.a(lib_a-e_rem_pio2.o) (fabs)
c:/program files (x86)/cypress/psoc creator/4.2/psoc creator/import/gnu/arm/5.4.1/bin/../lib/gcc/arm-none-eabi/5.4.1/../../../../arm-none-eabi/lib/armv7-m\libm.a(lib_a-s_floor.o)
                              c:/program files (x86)/cypress/psoc creator/4.2/psoc creator/import/gnu/arm/5.4.1/bin/../lib/gcc/arm-none-eabi/5.4.1/../../../../arm-none-eabi/lib/armv7-m\libm.a(lib_a-k_rem_pio2.o) (floor)
[...]
Memory Configuration

Name             Origin             Length             Attributes
rom              0x00000000         0x00040000         xr
ram              0x1fff8000         0x00010000         xrw
*default*        0x00000000         0xffffffff

Linker script and memory map

LOAD c:/program files (x86)/cypress/psoc creator/4.2/psoc creator/import/gnu/arm/5.4.1/bin/../lib/gcc/arm-none-eabi/5.4.1/armv7-m/crti.o
LOAD c:/program files (x86)/cypress/psoc creator/4.2/psoc creator/import/gnu/arm/5.4.1/bin/../lib/gcc/arm-none-eabi/5.4.1/armv7-m/crtbegin.o
LOAD c:/program files (x86)/cypress/psoc creator/4.2/psoc creator/import/gnu/arm/5.4.1/bin/../lib/gcc/arm-none-eabi/5.4.1/../../../../arm-none-eabi/lib/armv7-m/crt0.o
START GROUP
LOAD .\CortexM3\ARM_GCC_541\Debug\app.o
LOAD .\CortexM3\ARM_GCC_541\Debug\os_app_hooks.o
LOAD .\CortexM3\ARM_GCC_541\Debug\bsp_os.o
LOAD .\CortexM3\ARM_GCC_541\Debug\bsp.o
LOAD .\CortexM3\ARM_GCC_541\Debug\cpu_bsp.o
LOAD .\CortexM3\ARM_GCC_541\Debug\bsp_uart.o
LOAD .\CortexM3\ARM_GCC_541\Debug\bsp_gpio.o
LOAD .\CortexM3\ARM_GCC_541\Debug\bsp_spi.o
LOAD .\CortexM3\ARM_GCC_541\Debug\cpu_c.o
LOAD .\CortexM3\ARM_GCC_541\Debug\cpu_core.o
LOAD .\CortexM3\ARM_GCC_541\Debug\lib_math.o
LOAD .\CortexM3\ARM_GCC_541\Debug\lib_mem.o
LOAD .\CortexM3\ARM_GCC_541\Debug\lib_str.o
LOAD .\CortexM3\ARM_GCC_541\Debug\lib_ascii.o
LOAD .\CortexM3\ARM_GCC_541\Debug\os_cpu_c.o
LOAD .\CortexM3\ARM_GCC_541\Debug\os_pend_multi.o
LOAD .\CortexM3\ARM_GCC_541\Debug\os_prio.o
LOAD .\CortexM3\ARM_GCC_541\Debug\os_q.o
LOAD .\CortexM3\ARM_GCC_541\Debug\os_sem.o
LOAD .\CortexM3\ARM_GCC_541\Debug\os_stat.o
LOAD .\CortexM3\ARM_GCC_541\Debug\os_task.o
LOAD .\CortexM3\ARM_GCC_541\Debug\os_tick.o
LOAD .\CortexM3\ARM_GCC_541\Debug\os_time.o
LOAD .\CortexM3\ARM_GCC_541\Debug\os_tmr.o
LOAD .\CortexM3\ARM_GCC_541\Debug\os_var.o
LOAD .\CortexM3\ARM_GCC_541\Debug\os_cfg_app.o
LOAD .\CortexM3\ARM_GCC_541\Debug\os_core.o
LOAD .\CortexM3\ARM_GCC_541\Debug\os_dbg.o
LOAD .\CortexM3\ARM_GCC_541\Debug\os_flag.o
LOAD .\CortexM3\ARM_GCC_541\Debug\os_int.o
LOAD .\CortexM3\ARM_GCC_541\Debug\os_mem.o
LOAD .\CortexM3\ARM_GCC_541\Debug\os_msg.o
LOAD .\CortexM3\ARM_GCC_541\Debug\os_mutex.o
LOAD .\CortexM3\ARM_GCC_541\Debug\cyfitter_cfg.o
LOAD .\CortexM3\ARM_GCC_541\Debug\cymetadata.o
LOAD .\CortexM3\ARM_GCC_541\Debug\Cm3Start.o
LOAD .\CortexM3\ARM_GCC_541\Debug\cpu_a.o
LOAD .\CortexM3\ARM_GCC_541\Debug\os_cpu_a.o
LOAD .\CortexM3\ARM_GCC_541\Debug\esw_bmp280_Petrovic_Wagner.a
LOAD C:\Program Files (x86)\Cypress\PSoC Creator\4.2\PSoC Creator\psoc\content\cycomponentlibrary\CyComponentLibrary.cylib\CortexM3\ARM_GCC_541\Debug\CyComponentLibrary.a
LOAD c:/program files (x86)/cypress/psoc creator/4.2/psoc creator/import/gnu/arm/5.4.1/bin/../lib/gcc/arm-none-eabi/5.4.1/../../../../arm-none-eabi/lib/armv7-m\libm.a
END GROUP
START GROUP
LOAD c:/program files (x86)/cypress/psoc creator/4.2/psoc creator/import/gnu/arm/5.4.1/bin/../lib/gcc/arm-none-eabi/5.4.1/armv7-m\libgcc.a
LOAD c:/program files (x86)/cypress/psoc creator/4.2/psoc creator/import/gnu/arm/5.4.1/bin/../lib/gcc/arm-none-eabi/5.4.1/../../../../arm-none-eabi/lib/armv7-m\libg_nano.a
LOAD c:/program files (x86)/cypress/psoc creator/4.2/psoc creator/import/gnu/arm/5.4.1/bin/../lib/gcc/arm-none-eabi/5.4.1/../../../../arm-none-eabi/lib/armv7-m\libc_nano.a
END GROUP
START GROUP
LOAD c:/program files (x86)/cypress/psoc creator/4.2/psoc creator/import/gnu/arm/5.4.1/bin/../lib/gcc/arm-none-eabi/5.4.1/armv7-m\libgcc.a
LOAD c:/program files (x86)/cypress/psoc creator/4.2/psoc creator/import/gnu/arm/5.4.1/bin/../lib/gcc/arm-none-eabi/5.4.1/../../../../arm-none-eabi/lib/armv7-m\libc_nano.a
END GROUP
LOAD c:/program files (x86)/cypress/psoc creator/4.2/psoc creator/import/gnu/arm/5.4.1/bin/../lib/gcc/arm-none-eabi/5.4.1/armv7-m/crtend.o
LOAD c:/program files (x86)/cypress/psoc creator/4.2/psoc creator/import/gnu/arm/5.4.1/bin/../lib/gcc/arm-none-eabi/5.4.1/armv7-m/crtn.o
START GROUP
LOAD c:/program files (x86)/cypress/psoc creator/4.2/psoc creator/import/gnu/arm/5.4.1/bin/../lib/gcc/arm-none-eabi/5.4.1/armv7-m\libgcc.a
LOAD c:/program files (x86)/cypress/psoc creator/4.2/psoc creator/import/gnu/arm/5.4.1/bin/../lib/gcc/arm-none-eabi/5.4.1/../../../../arm-none-eabi/lib/armv7-m\libc.a
LOAD c:/program files (x86)/cypress/psoc creator/4.2/psoc creator/import/gnu/arm/5.4.1/bin/../lib/gcc/arm-none-eabi/5.4.1/../../../../arm-none-eabi/lib/armv7-m\libnosys.a
END GROUP
                0x00000000                CY_APPL_ORIGIN = 0x0
                0x00000100                CY_FLASH_ROW_SIZE = 0x100
                0x00000020                CY_ECC_ROW_SIZE = 0x20
                0x00000000                CY_EE_IN_BTLDR = 0x0
                0x00000000                CY_APPL_LOADABLE = 0x0
                0x00000800                CY_EE_SIZE = 0x800
                0x00000001                CY_APPL_NUM = 0x1
                0x00000001                CY_APPL_MAX = 0x1
                0x00000040                CY_METADATA_SIZE = 0x40
                0x00000000                CY_APPL_LOADABLE = 0x0
                0x00000000                CY_CHECKSUM_EXCLUDE_SIZE = ALIGN (0x0, CY_FLASH_ROW_SIZE)
                [!provide]                PROVIDE (__cy_heap_start, _end)
                0x00000001                PROVIDE (__cy_region_num, ((__cy_regions_end - __cy_regions) / 0x10))
                0x20008000                PROVIDE (__cy_stack, (ORIGIN (ram) + LENGTH (ram)))
                [!provide]                PROVIDE (__cy_heap_end, (__cy_stack - 0x800))

.cybootloader   0x00000000        0x0
 *(.cybootloader)
                0x00000000                appl1_start = CY_APPL_ORIGIN?CY_APPL_ORIGIN:ALIGN (CY_FLASH_ROW_SIZE)
                0x0001ff00                appl2_start = (appl1_start + ALIGN ((((LENGTH (rom) - appl1_start) - (0x2 * CY_FLASH_ROW_SIZE)) / 0x2), CY_FLASH_ROW_SIZE))
                0x00000000                appl_start = (CY_APPL_NUM == 0x1)?appl1_start:appl2_start
                0x00000000                ecc_offset = ((appl_start / CY_FLASH_ROW_SIZE) * CY_ECC_ROW_SIZE)
                0x00000000                ee_offset = (CY_APPL_LOADABLE && ! (CY_EE_IN_BTLDR))?((CY_EE_SIZE / CY_APPL_MAX) * (CY_APPL_NUM - 0x1)):0x0
                0x00000800                ee_size = (CY_APPL_LOADABLE && ! (CY_EE_IN_BTLDR))?(CY_EE_SIZE / CY_APPL_MAX):CY_EE_SIZE
                [!provide]                PROVIDE (CY_ECC_OFFSET, ecc_offset)

.text           0x00000000     0x73dc
 CREATE_OBJECT_SYMBOLS
                0x00000000                PROVIDE (__cy_interrupt_vector, RomVectors)
 *(.romvectors)
 .romvectors    0x00000000       0x10 .\CortexM3\ARM_GCC_541\Debug\Cm3Start.o
                0x00000000                RomVectors
                0x00000001                ASSERT ((. != __cy_interrupt_vector), No interrupt vector)
                0x00000001                ASSERT (CY_APPL_ORIGIN?(SIZEOF (.cybootloader) <= CY_APPL_ORIGIN):0x1, Wrong image location)
                0x00000010                PROVIDE (__cy_reset, Reset)
 *(.text.Reset)
 .text.Reset    0x00000010       0x18 .\CortexM3\ARM_GCC_541\Debug\Cm3Start.o
                0x00000010                Reset
                0x00000001                ASSERT ((. != __cy_reset), No reset code)
 *(.dma_init)
                0x00000001                ASSERT ((((appl_start + .) <= 0x10000) || 0x1), DMA Init must be within the first 64k of flash)
 *(.text .text.* .gnu.linkonce.t.*)
 .text          0x00000028       0x5c c:/program files (x86)/cypress/psoc creator/4.2/psoc creator/import/gnu/arm/5.4.1/bin/../lib/gcc/arm-none-eabi/5.4.1/armv7-m/crtbegin.o
 .text.App_TaskCreate
                0x00000084       0xb8 .\CortexM3\ARM_GCC_541\Debug\app.o
 .text.App_TaskStart
                0x0000013c       0x30 .\CortexM3\ARM_GCC_541\Debug\app.o
 *fill*         0x0000016c        0x4 
 .text.App_TaskCOSINE
                0x00000170      0x114 .\CortexM3\ARM_GCC_541\Debug\app.o
 *fill*         0x00000284        0x4 
 .text.App_TaskSINE
                0x00000288      0x114 .\CortexM3\ARM_GCC_541\Debug\app.o
 .text.App_TaskCMD
                0x0000039c      0x128 .\CortexM3\ARM_GCC_541\Debug\app.o
 .text.main     0x000004c4       0x60 .\CortexM3\ARM_GCC_541\Debug\app.o
                0x000004c4                main
 .text.BSP_PreInit
                0x00000524       0x20 .\CortexM3\ARM_GCC_541\Debug\bsp.o
                0x00000524                BSP_PreInit
 .text.BSP_PostInit
                0x00000544        0xc .\CortexM3\ARM_GCC_541\Debug\bsp.o
                0x00000544                BSP_PostInit
 .text.BSP_CPU_ClkFreq
                0x00000550        0x8 .\CortexM3\ARM_GCC_541\Debug\bsp.o
                0x00000550                BSP_CPU_ClkFreq
 .text.BSP_CPU_TickInit
                0x00000558       0x18 .\CortexM3\ARM_GCC_541\Debug\bsp.o
                0x00000558                BSP_CPU_TickInit
 .text.BSP_STR_ISBLANC
                0x00000570       0x3c .\CortexM3\ARM_GCC_541\Debug\bsp.o
                0x00000570                BSP_STR_ISBLANC
 .text.BSP_STR_ISNUMBER
                0x000005ac       0x2c .\CortexM3\ARM_GCC_541\Debug\bsp.o
                0x000005ac                BSP_STR_ISNUMBER
 .text.CPU_TS_TmrInit
                0x000005d8       0x28 .\CortexM3\ARM_GCC_541\Debug\cpu_bsp.o
                0x000005d8                CPU_TS_TmrInit
 .text.CPU_TS_TmrRd
                0x00000600        0xc .\CortexM3\ARM_GCC_541\Debug\cpu_bsp.o
                0x00000600                CPU_TS_TmrRd
 .text.init_uart
                0x0000060c        0x8 .\CortexM3\ARM_GCC_541\Debug\bsp_uart.o
                0x0000060c                init_uart
 .text.uart_get_byte
                0x00000614        0x8 .\CortexM3\ARM_GCC_541\Debug\bsp_uart.o
                0x00000614                uart_get_byte
 .text.uart_send_string
                0x0000061c        0x8 .\CortexM3\ARM_GCC_541\Debug\bsp_uart.o
                0x0000061c                uart_send_string
 .text.uart_send_array
                0x00000624        0x8 .\CortexM3\ARM_GCC_541\Debug\bsp_uart.o
                0x00000624                uart_send_array
 .text.uart_send_double
                0x0000062c       0xf8 .\CortexM3\ARM_GCC_541\Debug\bsp_uart.o
                0x0000062c                uart_send_double
 .text.init_gpio
                0x00000724       0x1c .\CortexM3\ARM_GCC_541\Debug\bsp_gpio.o
                0x00000724                init_gpio
 .text.CPU_TS_Init
                0x00000740       0x14 .\CortexM3\ARM_GCC_541\Debug\cpu_core.o
 .text.CPU_NameClr
                0x00000754       0x1c .\CortexM3\ARM_GCC_541\Debug\cpu_core.o
                0x00000754                CPU_NameClr
 .text.CPU_NameInit
                0x00000770        0x8 .\CortexM3\ARM_GCC_541\Debug\cpu_core.o
 .text.CPU_Init
                0x00000778        0xc .\CortexM3\ARM_GCC_541\Debug\cpu_core.o
                0x00000778                CPU_Init
 .text.CPU_TS_TmrFreqSet
                0x00000784        0xc .\CortexM3\ARM_GCC_541\Debug\cpu_core.o
                0x00000784                CPU_TS_TmrFreqSet
 .text.Mem_Set  0x00000790       0x44 .\CortexM3\ARM_GCC_541\Debug\lib_mem.o
                0x00000790                Mem_Set
 .text.Mem_Clr  0x000007d4        0xc .\CortexM3\ARM_GCC_541\Debug\lib_mem.o
                0x000007d4                Mem_Clr
 .text.OSIdleTaskHook
                0x000007e0       0x10 .\CortexM3\ARM_GCC_541\Debug\os_cpu_c.o
                0x000007e0                OSIdleTaskHook
 .text.OSInitHook
                0x000007f0       0x3c .\CortexM3\ARM_GCC_541\Debug\os_cpu_c.o
                0x000007f0                OSInitHook
 .text.OSStatTaskHook
                0x0000082c       0x10 .\CortexM3\ARM_GCC_541\Debug\os_cpu_c.o
                0x0000082c                OSStatTaskHook
 .text.OSTaskCreateHook
                0x0000083c       0x10 .\CortexM3\ARM_GCC_541\Debug\os_cpu_c.o
                0x0000083c                OSTaskCreateHook
 .text.OSTaskDelHook
                0x0000084c       0x10 .\CortexM3\ARM_GCC_541\Debug\os_cpu_c.o
                0x0000084c                OSTaskDelHook
 .text.OSTaskReturnHook
                0x0000085c       0x10 .\CortexM3\ARM_GCC_541\Debug\os_cpu_c.o
                0x0000085c                OSTaskReturnHook
 .text.OSTaskStkInit
                0x0000086c       0x88 .\CortexM3\ARM_GCC_541\Debug\os_cpu_c.o
                0x0000086c                OSTaskStkInit
 .text.OSTaskSwHook
                0x000008f4       0x40 .\CortexM3\ARM_GCC_541\Debug\os_cpu_c.o
                0x000008f4                OSTaskSwHook
 .text.OSTimeTickHook
                0x00000934       0x10 .\CortexM3\ARM_GCC_541\Debug\os_cpu_c.o
                0x00000934                OSTimeTickHook
 .text.OS_CPU_SysTickHandler
                0x00000944       0x20 .\CortexM3\ARM_GCC_541\Debug\os_cpu_c.o
                0x00000944                OS_CPU_SysTickHandler
 .text.OS_CPU_SysTickInit
                0x00000964       0x30 .\CortexM3\ARM_GCC_541\Debug\os_cpu_c.o
                0x00000964                OS_CPU_SysTickInit
 .text.OS_PrioInit
                0x00000994       0x18 .\CortexM3\ARM_GCC_541\Debug\os_prio.o
                0x00000994                OS_PrioInit
 .text.OS_PrioGetHighest
                0x000009ac       0x24 .\CortexM3\ARM_GCC_541\Debug\os_prio.o
                0x000009ac                OS_PrioGetHighest
 .text.OS_PrioInsert
                0x000009d0       0x24 .\CortexM3\ARM_GCC_541\Debug\os_prio.o
                0x000009d0                OS_PrioInsert
 .text.OS_PrioRemove
                0x000009f4       0x24 .\CortexM3\ARM_GCC_541\Debug\os_prio.o
                0x000009f4                OS_PrioRemove
 .text.OS_QInit
                0x00000a18       0x18 .\CortexM3\ARM_GCC_541\Debug\os_q.o
                0x00000a18                OS_QInit
 .text.OS_SemInit
                0x00000a30       0x18 .\CortexM3\ARM_GCC_541\Debug\os_sem.o
                0x00000a30                OS_SemInit
 .text.OSStatReset
                0x00000a48       0xb8 .\CortexM3\ARM_GCC_541\Debug\os_stat.o
                0x00000a48                OSStatReset
 .text.OS_StatTask
                0x00000b00      0x230 .\CortexM3\ARM_GCC_541\Debug\os_stat.o
                0x00000b00                OS_StatTask
 .text.OSStatTaskCPUUsageInit
                0x00000d30       0xbc .\CortexM3\ARM_GCC_541\Debug\os_stat.o
                0x00000d30                OSStatTaskCPUUsageInit
 .text.OS_StatTaskInit
                0x00000dec       0xa8 .\CortexM3\ARM_GCC_541\Debug\os_stat.o
                0x00000dec                OS_StatTaskInit
 .text.OSTaskQPend
                0x00000e94      0x160 .\CortexM3\ARM_GCC_541\Debug\os_task.o
                0x00000e94                OSTaskQPend
 .text.OSTaskSemPend
                0x00000ff4      0x130 .\CortexM3\ARM_GCC_541\Debug\os_task.o
                0x00000ff4                OSTaskSemPend
 .text.OSTaskStkChk
                0x00001124       0x90 .\CortexM3\ARM_GCC_541\Debug\os_task.o
                0x00001124                OSTaskStkChk
 .text.OS_TaskDbgListAdd
                0x000011b4       0x24 .\CortexM3\ARM_GCC_541\Debug\os_task.o
                0x000011b4                OS_TaskDbgListAdd
 .text.OS_TaskDbgListRemove
                0x000011d8       0x44 .\CortexM3\ARM_GCC_541\Debug\os_task.o
                0x000011d8                OS_TaskDbgListRemove
 .text.OS_TaskInit
                0x0000121c       0x20 .\CortexM3\ARM_GCC_541\Debug\os_task.o
                0x0000121c                OS_TaskInit
 .text.OS_TaskInitTCB
                0x0000123c       0xcc .\CortexM3\ARM_GCC_541\Debug\os_task.o
                0x0000123c                OS_TaskInitTCB
 .text.OSTaskCreate
                0x00001308      0x1a8 .\CortexM3\ARM_GCC_541\Debug\os_task.o
                0x00001308                OSTaskCreate
 .text.OSTaskDel
                0x000014b0       0xcc .\CortexM3\ARM_GCC_541\Debug\os_task.o
                0x000014b0                OSTaskDel
 .text.OS_TaskQPost
                0x0000157c       0xac .\CortexM3\ARM_GCC_541\Debug\os_task.o
                0x0000157c                OS_TaskQPost
 .text.OSTaskQPost
                0x00001628       0x48 .\CortexM3\ARM_GCC_541\Debug\os_task.o
                0x00001628                OSTaskQPost
 .text.OS_TaskResume
                0x00001670       0xb8 .\CortexM3\ARM_GCC_541\Debug\os_task.o
                0x00001670                OS_TaskResume
 .text.OSTaskResume
                0x00001728       0x44 .\CortexM3\ARM_GCC_541\Debug\os_task.o
                0x00001728                OSTaskResume
 .text.OS_TaskReturn
                0x0000176c       0x20 .\CortexM3\ARM_GCC_541\Debug\os_task.o
                0x0000176c                OS_TaskReturn
 .text.OS_TaskSemPost
                0x0000178c       0xc0 .\CortexM3\ARM_GCC_541\Debug\os_task.o
                0x0000178c                OS_TaskSemPost
 .text.OSTaskSemPost
                0x0000184c       0x2c .\CortexM3\ARM_GCC_541\Debug\os_task.o
                0x0000184c                OSTaskSemPost
 .text.OS_TaskSuspend
                0x00001878       0xcc .\CortexM3\ARM_GCC_541\Debug\os_task.o
                0x00001878                OS_TaskSuspend
 .text.OSTaskSuspend
                0x00001944       0x2c .\CortexM3\ARM_GCC_541\Debug\os_task.o
                0x00001944                OSTaskSuspend
 .text.OS_TickListInit
                0x00001970       0x2c .\CortexM3\ARM_GCC_541\Debug\os_tick.o
                0x00001970                OS_TickListInit
 .text.OS_TickTaskInit
                0x0000199c       0x98 .\CortexM3\ARM_GCC_541\Debug\os_tick.o
                0x0000199c                OS_TickTaskInit
 .text.OS_TickListInsert
                0x00001a34      0x120 .\CortexM3\ARM_GCC_541\Debug\os_tick.o
                0x00001a34                OS_TickListInsert
 .text.OS_TickListRemove
                0x00001b54       0x38 .\CortexM3\ARM_GCC_541\Debug\os_tick.o
                0x00001b54                OS_TickListRemove
 .text.OS_TickListResetPeak
                0x00001b8c       0x24 .\CortexM3\ARM_GCC_541\Debug\os_tick.o
                0x00001b8c                OS_TickListResetPeak
 .text.OS_TickListUpdate
                0x00001bb0      0x144 .\CortexM3\ARM_GCC_541\Debug\os_tick.o
                0x00001bb0                OS_TickListUpdate
 .text.OS_TickTask
                0x00001cf4       0x2c .\CortexM3\ARM_GCC_541\Debug\os_tick.o
                0x00001cf4                OS_TickTask
 .text.OSTimeDly
                0x00001d20       0x94 .\CortexM3\ARM_GCC_541\Debug\os_time.o
                0x00001d20                OSTimeDly
 .text.OSTimeDlyHMSM
                0x00001db4      0x164 .\CortexM3\ARM_GCC_541\Debug\os_time.o
                0x00001db4                OSTimeDlyHMSM
 .text.OSTimeTick
                0x00001f18       0x64 .\CortexM3\ARM_GCC_541\Debug\os_time.o
                0x00001f18                OSTimeTick
 .text.OS_TmrInit
                0x00001f7c      0x100 .\CortexM3\ARM_GCC_541\Debug\os_tmr.o
                0x00001f7c                OS_TmrInit
 .text.OS_TmrLink
                0x0000207c       0xe8 .\CortexM3\ARM_GCC_541\Debug\os_tmr.o
                0x0000207c                OS_TmrLink
 .text.OS_TmrResetPeak
                0x00002164       0x24 .\CortexM3\ARM_GCC_541\Debug\os_tmr.o
                0x00002164                OS_TmrResetPeak
 .text.OS_TmrUnlink
                0x00002188       0x58 .\CortexM3\ARM_GCC_541\Debug\os_tmr.o
                0x00002188                OS_TmrUnlink
 .text.OS_TmrTask
                0x000021e0       0xb0 .\CortexM3\ARM_GCC_541\Debug\os_tmr.o
                0x000021e0                OS_TmrTask
 .text.OSCfg_Init
                0x00002290        0x4 .\CortexM3\ARM_GCC_541\Debug\os_cfg_app.o
                0x00002290                OSCfg_Init
 .text.OS_IdleTask
                0x00002294       0x28 .\CortexM3\ARM_GCC_541\Debug\os_core.o
                0x00002294                OS_IdleTask
 .text.OSIntExit
                0x000022bc       0xa8 .\CortexM3\ARM_GCC_541\Debug\os_core.o
                0x000022bc                OSIntExit
 .text.OSSched  0x00002364       0x80 .\CortexM3\ARM_GCC_541\Debug\os_core.o
                0x00002364                OSSched
 .text.OSSchedLock
                0x000023e4       0x54 .\CortexM3\ARM_GCC_541\Debug\os_core.o
                0x000023e4                OSSchedLock
 .text.OSSchedUnlock
                0x00002438       0x68 .\CortexM3\ARM_GCC_541\Debug\os_core.o
                0x00002438                OSSchedUnlock
 .text.OSStart  0x000024a0       0x5c .\CortexM3\ARM_GCC_541\Debug\os_core.o
                0x000024a0                OSStart
 .text.OS_IdleTaskInit
                0x000024fc       0x58 .\CortexM3\ARM_GCC_541\Debug\os_core.o
                0x000024fc                OS_IdleTaskInit
 .text.OS_PendDataInit
                0x00002554       0x28 .\CortexM3\ARM_GCC_541\Debug\os_core.o
                0x00002554                OS_PendDataInit
 .text.OS_PendDbgNameAdd
                0x0000257c       0x44 .\CortexM3\ARM_GCC_541\Debug\os_core.o
                0x0000257c                OS_PendDbgNameAdd
 .text.OS_PendDbgNameRemove
                0x000025c0       0x1c .\CortexM3\ARM_GCC_541\Debug\os_core.o
                0x000025c0                OS_PendDbgNameRemove
 .text.OS_PendListInsertPrio
                0x000025dc       0x5c .\CortexM3\ARM_GCC_541\Debug\os_core.o
                0x000025dc                OS_PendListInsertPrio
 .text.OS_PendListRemove1
                0x00002638       0x38 .\CortexM3\ARM_GCC_541\Debug\os_core.o
                0x00002638                OS_PendListRemove1
 .text.OS_PendListRemove
                0x00002670       0x28 .\CortexM3\ARM_GCC_541\Debug\os_core.o
                0x00002670                OS_PendListRemove
 .text.OS_Post1
                0x00002698       0x28 .\CortexM3\ARM_GCC_541\Debug\os_core.o
                0x00002698                OS_Post1
 .text.OS_RdyListInit
                0x000026c0       0x28 .\CortexM3\ARM_GCC_541\Debug\os_core.o
                0x000026c0                OS_RdyListInit
 .text.OSInit   0x000026e8      0x154 .\CortexM3\ARM_GCC_541\Debug\os_core.o
                0x000026e8                OSInit
 .text.OS_RdyListInsertHead
                0x0000283c       0x54 .\CortexM3\ARM_GCC_541\Debug\os_core.o
                0x0000283c                OS_RdyListInsertHead
 .text.OS_RdyListInsertTail
                0x00002890       0x54 .\CortexM3\ARM_GCC_541\Debug\os_core.o
                0x00002890                OS_RdyListInsertTail
 .text.OS_RdyListInsert
                0x000028e4       0x2c .\CortexM3\ARM_GCC_541\Debug\os_core.o
                0x000028e4                OS_RdyListInsert
 .text.OS_RdyListMoveHeadToTail
                0x00002910       0x38 .\CortexM3\ARM_GCC_541\Debug\os_core.o
                0x00002910                OS_RdyListMoveHeadToTail
 .text.OS_RdyListRemove
                0x00002948       0x78 .\CortexM3\ARM_GCC_541\Debug\os_core.o
                0x00002948                OS_RdyListRemove
 .text.OS_SchedRoundRobin
                0x000029c0       0x88 .\CortexM3\ARM_GCC_541\Debug\os_core.o
                0x000029c0                OS_SchedRoundRobin
 .text.OS_TaskBlock
                0x00002a48       0x3c .\CortexM3\ARM_GCC_541\Debug\os_core.o
                0x00002a48                OS_TaskBlock
 .text.OS_Pend  0x00002a84       0x54 .\CortexM3\ARM_GCC_541\Debug\os_core.o
                0x00002a84                OS_Pend
 .text.OS_TaskRdy
                0x00002ad8       0x1c .\CortexM3\ARM_GCC_541\Debug\os_core.o
                0x00002ad8                OS_TaskRdy
 .text.OS_Post  0x00002af4       0xac .\CortexM3\ARM_GCC_541\Debug\os_core.o
                0x00002af4                OS_Post
 .text.OS_Dbg_Init
                0x00002ba0        0x4 .\CortexM3\ARM_GCC_541\Debug\os_dbg.o
                0x00002ba0                OS_Dbg_Init
 .text.OS_FlagInit
                0x00002ba4       0x18 .\CortexM3\ARM_GCC_541\Debug\os_flag.o
                0x00002ba4                OS_FlagInit
 .text.OS_MemInit
                0x00002bbc       0x18 .\CortexM3\ARM_GCC_541\Debug\os_mem.o
                0x00002bbc                OS_MemInit
 .text.OS_MsgPoolInit
                0x00002bd4       0x68 .\CortexM3\ARM_GCC_541\Debug\os_msg.o
                0x00002bd4                OS_MsgPoolInit
 .text.OS_MsgQFreeAll
                0x00002c3c       0x34 .\CortexM3\ARM_GCC_541\Debug\os_msg.o
                0x00002c3c                OS_MsgQFreeAll
 .text.OS_MsgQInit
                0x00002c70       0x10 .\CortexM3\ARM_GCC_541\Debug\os_msg.o
                0x00002c70                OS_MsgQInit
 .text.OS_MsgQGet
                0x00002c80       0x5c .\CortexM3\ARM_GCC_541\Debug\os_msg.o
                0x00002c80                OS_MsgQGet
 .text.OS_MsgQPut
                0x00002cdc       0x94 .\CortexM3\ARM_GCC_541\Debug\os_msg.o
                0x00002cdc                OS_MsgQPut
 .text.OS_MutexInit
                0x00002d70       0x18 .\CortexM3\ARM_GCC_541\Debug\os_mutex.o
                0x00002d70                OS_MutexInit
 .text.CyClockStartupError
                0x00002d88        0x4 .\CortexM3\ARM_GCC_541\Debug\cyfitter_cfg.o
 .text.cfg_write_bytes32
                0x00002d8c       0x34 .\CortexM3\ARM_GCC_541\Debug\cyfitter_cfg.o
 .text.AnalogSetDefault
                0x00002dc0       0x28 .\CortexM3\ARM_GCC_541\Debug\cyfitter_cfg.o
 .text.CYMEMZERO
                0x00002de8        0xc .\CortexM3\ARM_GCC_541\Debug\cyfitter_cfg.o
 .text.ClockSetup
                0x00002df4       0xc4 .\CortexM3\ARM_GCC_541\Debug\cyfitter_cfg.o
 .text.CYCONFIGCPY
                0x00002eb8        0x8 .\CortexM3\ARM_GCC_541\Debug\cyfitter_cfg.o
 .text.cyfitter_cfg
                0x00002ec0      0x110 .\CortexM3\ARM_GCC_541\Debug\cyfitter_cfg.o
                0x00002ec0                cyfitter_cfg
 .text.IntDefaultHandler
                0x00002fd0       0x10 .\CortexM3\ARM_GCC_541\Debug\Cm3Start.o
                0x00002fd0                IntDefaultHandler
 .text._sbrk    0x00002fe0       0x30 .\CortexM3\ARM_GCC_541\Debug\Cm3Start.o
                0x00002fe0                _sbrk
 .text.Start_c  0x00003010       0x4c .\CortexM3\ARM_GCC_541\Debug\Cm3Start.o
                0x00003010                Start_c
 .text.initialize_psoc
                0x0000305c       0x68 .\CortexM3\ARM_GCC_541\Debug\Cm3Start.o
                0x0000305c                initialize_psoc
 .text          0x000030c4       0x34 .\CortexM3\ARM_GCC_541\Debug\cpu_a.o
                0x000030c4                CPU_IntDis
                0x000030c8                CPU_IntEn
                0x000030cc                CPU_SR_Save
                0x000030d4                CPU_SR_Restore
                0x000030da                CPU_WaitForInt
                0x000030de                CPU_WaitForExcept
                0x000030e2                CPU_CntLeadZeros
                0x000030e8                CPU_CntTrailZeros
                0x000030f2                CPU_RevBits
 .text          0x000030f8       0x84 .\CortexM3\ARM_GCC_541\Debug\os_cpu_a.o
                0x000030f8                OSStartHighRdy
                0x00003118                OS_CPU_PendSVHandler
 .text.UART_1_Init
                0x0000317c       0x60 .\CortexM3\ARM_GCC_541\Debug\esw_bmp280_Petrovic_Wagner.a(UART_1.o)
                0x0000317c                UART_1_Init
 .text.UART_1_Enable
                0x000031dc       0x50 .\CortexM3\ARM_GCC_541\Debug\esw_bmp280_Petrovic_Wagner.a(UART_1.o)
                0x000031dc                UART_1_Enable
 .text.UART_1_Start
                0x0000322c       0x1c .\CortexM3\ARM_GCC_541\Debug\esw_bmp280_Petrovic_Wagner.a(UART_1.o)
                0x0000322c                UART_1_Start
 .text.UART_1_GetChar
                0x00003248       0x80 .\CortexM3\ARM_GCC_541\Debug\esw_bmp280_Petrovic_Wagner.a(UART_1.o)
                0x00003248                UART_1_GetChar
 .text.UART_1_PutChar
                0x000032c8       0x70 .\CortexM3\ARM_GCC_541\Debug\esw_bmp280_Petrovic_Wagner.a(UART_1.o)
                0x000032c8                UART_1_PutChar
 .text.UART_1_PutString
                0x00003338       0x24 .\CortexM3\ARM_GCC_541\Debug\esw_bmp280_Petrovic_Wagner.a(UART_1.o)
                0x00003338                UART_1_PutString
 .text.UART_1_PutArray
                0x0000335c       0x28 .\CortexM3\ARM_GCC_541\Debug\esw_bmp280_Petrovic_Wagner.a(UART_1.o)
                0x0000335c                UART_1_PutArray
 .text.UART_1_RXISR
                0x00003384       0x98 .\CortexM3\ARM_GCC_541\Debug\esw_bmp280_Petrovic_Wagner.a(UART_1_INT.o)
                0x00003384                UART_1_RXISR
 .text.UART_1_TXISR
                0x0000341c       0x58 .\CortexM3\ARM_GCC_541\Debug\esw_bmp280_Petrovic_Wagner.a(UART_1_INT.o)
                0x0000341c                UART_1_TXISR
 .text.Pin_1_SetDriveMode
                0x00003474       0x18 .\CortexM3\ARM_GCC_541\Debug\esw_bmp280_Petrovic_Wagner.a(Pin_1.o)
                0x00003474                Pin_1_SetDriveMode
 .text.UART_1_IntClock_Start
                0x0000348c       0x1c .\CortexM3\ARM_GCC_541\Debug\esw_bmp280_Petrovic_Wagner.a(UART_1_IntClock.o)
                0x0000348c                UART_1_IntClock_Start
 .text.CyHalt   0x000034a8        0x4 .\CortexM3\ARM_GCC_541\Debug\esw_bmp280_Petrovic_Wagner.a(CyLib.o)
                0x000034a8                CyHalt
 .text.CyIntSetVector
                0x000034ac       0x28 .\CortexM3\ARM_GCC_541\Debug\esw_bmp280_Petrovic_Wagner.a(CyLib.o)
                0x000034ac                CyIntSetVector
 .text.CyIntSetPriority
                0x000034d4       0x30 .\CortexM3\ARM_GCC_541\Debug\esw_bmp280_Petrovic_Wagner.a(CyLib.o)
                0x000034d4                CyIntSetPriority
 .text.Pin_2_SetDriveMode
                0x00003504       0x24 .\CortexM3\ARM_GCC_541\Debug\esw_bmp280_Petrovic_Wagner.a(Pin_2.o)
                0x00003504                Pin_2_SetDriveMode
 .text.push_button_Write
                0x00003528       0x18 .\CortexM3\ARM_GCC_541\Debug\esw_bmp280_Petrovic_Wagner.a(push_button.o)
                0x00003528                push_button_Write
 .text.push_button_SetDriveMode
                0x00003540       0x18 .\CortexM3\ARM_GCC_541\Debug\esw_bmp280_Petrovic_Wagner.a(push_button.o)
                0x00003540                push_button_SetDriveMode
 .text          0x00003558       0x20 .\CortexM3\ARM_GCC_541\Debug\esw_bmp280_Petrovic_Wagner.a(CyBootAsmGnu.o)
                0x00003558                CyDelayCycles
                0x00003568                CyEnterCriticalSection
                0x00003570                CyExitCriticalSection
 .text.cos      0x00003578       0x90 c:/program files (x86)/cypress/psoc creator/4.2/psoc creator/import/gnu/arm/5.4.1/bin/../lib/gcc/arm-none-eabi/5.4.1/../../../../arm-none-eabi/lib/armv7-m\libm.a(lib_a-s_cos.o)
                0x00003578                cos
 .text.sin      0x00003608       0x90 c:/program files (x86)/cypress/psoc creator/4.2/psoc creator/import/gnu/arm/5.4.1/bin/../lib/gcc/arm-none-eabi/5.4.1/../../../../arm-none-eabi/lib/armv7-m\libm.a(lib_a-s_sin.o)
                0x00003608                sin
 .text.__ieee754_rem_pio2
                0x00003698      0x42c c:/program files (x86)/cypress/psoc creator/4.2/psoc creator/import/gnu/arm/5.4.1/bin/../lib/gcc/arm-none-eabi/5.4.1/../../../../arm-none-eabi/lib/armv7-m\libm.a(lib_a-e_rem_pio2.o)
                0x00003698                __ieee754_rem_pio2
 *fill*         0x00003ac4        0x4 
 .text.__kernel_cos
                0x00003ac8      0x248 c:/program files (x86)/cypress/psoc creator/4.2/psoc creator/import/gnu/arm/5.4.1/bin/../lib/gcc/arm-none-eabi/5.4.1/../../../../arm-none-eabi/lib/armv7-m\libm.a(lib_a-k_cos.o)
                0x00003ac8                __kernel_cos
 .text.__kernel_rem_pio2
                0x00003d10      0x7f0 c:/program files (x86)/cypress/psoc creator/4.2/psoc creator/import/gnu/arm/5.4.1/bin/../lib/gcc/arm-none-eabi/5.4.1/../../../../arm-none-eabi/lib/armv7-m\libm.a(lib_a-k_rem_pio2.o)
                0x00003d10                __kernel_rem_pio2
 .text.__kernel_sin
                0x00004500      0x16c c:/program files (x86)/cypress/psoc creator/4.2/psoc creator/import/gnu/arm/5.4.1/bin/../lib/gcc/arm-none-eabi/5.4.1/../../../../arm-none-eabi/lib/armv7-m\libm.a(lib_a-k_sin.o)
                0x00004500                __kernel_sin
 .text.fabs     0x0000466c        0x8 c:/program files (x86)/cypress/psoc creator/4.2/psoc creator/import/gnu/arm/5.4.1/bin/../lib/gcc/arm-none-eabi/5.4.1/../../../../arm-none-eabi/lib/armv7-m\libm.a(lib_a-s_fabs.o)
                0x0000466c                fabs
 *fill*         0x00004674        0x4 
 .text.floor    0x00004678      0x110 c:/program files (x86)/cypress/psoc creator/4.2/psoc creator/import/gnu/arm/5.4.1/bin/../lib/gcc/arm-none-eabi/5.4.1/../../../../arm-none-eabi/lib/armv7-m\libm.a(lib_a-s_floor.o)
                0x00004678                floor
 .text.scalbn   0x00004788       0xe4 c:/program files (x86)/cypress/psoc creator/4.2/psoc creator/import/gnu/arm/5.4.1/bin/../lib/gcc/arm-none-eabi/5.4.1/../../../../arm-none-eabi/lib/armv7-m\libm.a(lib_a-s_scalbn.o)
                0x00004788                scalbn
 .text.copysign
                0x0000486c       0x10 c:/program files (x86)/cypress/psoc creator/4.2/psoc creator/import/gnu/arm/5.4.1/bin/../lib/gcc/arm-none-eabi/5.4.1/../../../../arm-none-eabi/lib/armv7-m\libm.a(lib_a-s_copysign.o)
                0x0000486c                copysign
 .text          0x0000487c      0x370 c:/program files (x86)/cypress/psoc creator/4.2/psoc creator/import/gnu/arm/5.4.1/bin/../lib/gcc/arm-none-eabi/5.4.1/armv7-m\libgcc.a(_arm_addsubdf3.o)
                0x0000487c                __aeabi_drsub
                0x00004884                __aeabi_dsub
                0x00004884                __subdf3
                0x00004888                __aeabi_dadd
                0x00004888                __adddf3
                0x00004b00                __floatunsidf
                0x00004b00                __aeabi_ui2d
                0x00004b20                __floatsidf
                0x00004b20                __aeabi_i2d
                0x00004b44                __aeabi_f2d
                0x00004b44                __extendsfdf2
                0x00004b80                __floatundidf
                0x00004b80                __aeabi_ul2d
                0x00004b90                __floatdidf
                0x00004b90                __aeabi_l2d
 .text          0x00004bec      0x424 c:/program files (x86)/cypress/psoc creator/4.2/psoc creator/import/gnu/arm/5.4.1/bin/../lib/gcc/arm-none-eabi/5.4.1/armv7-m\libgcc.a(_arm_muldivdf3.o)
                0x00004bec                __aeabi_dmul
                0x00004bec                __muldf3
                0x00004e40                __divdf3
                0x00004e40                __aeabi_ddiv
 .text          0x00005010      0x110 c:/program files (x86)/cypress/psoc creator/4.2/psoc creator/import/gnu/arm/5.4.1/bin/../lib/gcc/arm-none-eabi/5.4.1/armv7-m\libgcc.a(_arm_cmpdf2.o)
                0x00005010                __gtdf2
                0x00005010                __gedf2
                0x00005018                __ltdf2
                0x00005018                __ledf2
                0x00005020                __nedf2
                0x00005020                __eqdf2
                0x00005020                __cmpdf2
                0x0000509c                __aeabi_cdrcmple
                0x000050ac                __aeabi_cdcmpeq
                0x000050ac                __aeabi_cdcmple
                0x000050bc                __aeabi_dcmpeq
                0x000050d0                __aeabi_dcmplt
                0x000050e4                __aeabi_dcmple
                0x000050f8                __aeabi_dcmpge
                0x0000510c                __aeabi_dcmpgt
 .text          0x00005120       0x50 c:/program files (x86)/cypress/psoc creator/4.2/psoc creator/import/gnu/arm/5.4.1/bin/../lib/gcc/arm-none-eabi/5.4.1/armv7-m\libgcc.a(_arm_fixdfsi.o)
                0x00005120                __aeabi_d2iz
                0x00005120                __fixdfsi
 .text.atoi     0x00005170        0x8 c:/program files (x86)/cypress/psoc creator/4.2/psoc creator/import/gnu/arm/5.4.1/bin/../lib/gcc/arm-none-eabi/5.4.1/../../../../arm-none-eabi/lib/armv7-m\libg_nano.a(lib_a-atoi.o)
                0x00005170                atoi
 .text.__errno  0x00005178        0xc c:/program files (x86)/cypress/psoc creator/4.2/psoc creator/import/gnu/arm/5.4.1/bin/../lib/gcc/arm-none-eabi/5.4.1/../../../../arm-none-eabi/lib/armv7-m\libg_nano.a(lib_a-errno.o)
                0x00005178                __errno
 .text.__libc_init_array
                0x00005184       0x4c c:/program files (x86)/cypress/psoc creator/4.2/psoc creator/import/gnu/arm/5.4.1/bin/../lib/gcc/arm-none-eabi/5.4.1/../../../../arm-none-eabi/lib/armv7-m\libg_nano.a(lib_a-init.o)
                0x00005184                __libc_init_array
 .text.memcpy   0x000051d0       0x16 c:/program files (x86)/cypress/psoc creator/4.2/psoc creator/import/gnu/arm/5.4.1/bin/../lib/gcc/arm-none-eabi/5.4.1/../../../../arm-none-eabi/lib/armv7-m\libg_nano.a(lib_a-memcpy-stub.o)
                0x000051d0                memcpy
 .text.memset   0x000051e6       0x10 c:/program files (x86)/cypress/psoc creator/4.2/psoc creator/import/gnu/arm/5.4.1/bin/../lib/gcc/arm-none-eabi/5.4.1/../../../../arm-none-eabi/lib/armv7-m\libg_nano.a(lib_a-memset.o)
                0x000051e6                memset
 .text.__cvt    0x000051f6       0xc0 c:/program files (x86)/cypress/psoc creator/4.2/psoc creator/import/gnu/arm/5.4.1/bin/../lib/gcc/arm-none-eabi/5.4.1/../../../../arm-none-eabi/lib/armv7-m\libg_nano.a(lib_a-nano-vfprintf_float.o)
                0x000051f6                __cvt
 .text.__exponent
                0x000052b6       0x62 c:/program files (x86)/cypress/psoc creator/4.2/psoc creator/import/gnu/arm/5.4.1/bin/../lib/gcc/arm-none-eabi/5.4.1/../../../../arm-none-eabi/lib/armv7-m\libg_nano.a(lib_a-nano-vfprintf_float.o)
                0x000052b6                __exponent
 .text._printf_float
                0x00005318      0x488 c:/program files (x86)/cypress/psoc creator/4.2/psoc creator/import/gnu/arm/5.4.1/bin/../lib/gcc/arm-none-eabi/5.4.1/../../../../arm-none-eabi/lib/armv7-m\libg_nano.a(lib_a-nano-vfprintf_float.o)
                0x00005318                _printf_float
 .text._printf_common
                0x000057a0       0xec c:/program files (x86)/cypress/psoc creator/4.2/psoc creator/import/gnu/arm/5.4.1/bin/../lib/gcc/arm-none-eabi/5.4.1/../../../../arm-none-eabi/lib/armv7-m\libg_nano.a(lib_a-nano-vfprintf_i.o)
                0x000057a0                _printf_common
 .text._printf_i
                0x0000588c      0x24c c:/program files (x86)/cypress/psoc creator/4.2/psoc creator/import/gnu/arm/5.4.1/bin/../lib/gcc/arm-none-eabi/5.4.1/../../../../arm-none-eabi/lib/armv7-m\libg_nano.a(lib_a-nano-vfprintf_i.o)
                0x0000588c                _printf_i
 .text.snprintf
                0x00005ad8       0x64 c:/program files (x86)/cypress/psoc creator/4.2/psoc creator/import/gnu/arm/5.4.1/bin/../lib/gcc/arm-none-eabi/5.4.1/../../../../arm-none-eabi/lib/armv7-m\libg_nano.a(lib_a-snprintf.o)
                0x00005ad8                sniprintf
                0x00005ad8                snprintf
 .text          0x00005b3c       0x10 c:/program files (x86)/cypress/psoc creator/4.2/psoc creator/import/gnu/arm/5.4.1/bin/../lib/gcc/arm-none-eabi/5.4.1/../../../../arm-none-eabi/lib/armv7-m\libg_nano.a(lib_a-strlen.o)
                0x00005b3c                strlen
 .text.strncmp  0x00005b4c       0x2a c:/program files (x86)/cypress/psoc creator/4.2/psoc creator/import/gnu/arm/5.4.1/bin/../lib/gcc/arm-none-eabi/5.4.1/../../../../arm-none-eabi/lib/armv7-m\libg_nano.a(lib_a-strncmp.o)
                0x00005b4c                strncmp
 .text.strncpy  0x00005b76       0x26 c:/program files (x86)/cypress/psoc creator/4.2/psoc creator/import/gnu/arm/5.4.1/bin/../lib/gcc/arm-none-eabi/5.4.1/../../../../arm-none-eabi/lib/armv7-m\libg_nano.a(lib_a-strncpy.o)
                0x00005b76                strncpy
 .text._strtol_r
                0x00005b9c      0x10c c:/program files (x86)/cypress/psoc creator/4.2/psoc creator/import/gnu/arm/5.4.1/bin/../lib/gcc/arm-none-eabi/5.4.1/../../../../arm-none-eabi/lib/armv7-m\libg_nano.a(lib_a-strtol.o)
                0x00005b9c                _strtol_r
 .text.strtol   0x00005ca8       0x14 c:/program files (x86)/cypress/psoc creator/4.2/psoc creator/import/gnu/arm/5.4.1/bin/../lib/gcc/arm-none-eabi/5.4.1/../../../../arm-none-eabi/lib/armv7-m\libg_nano.a(lib_a-strtol.o)
                0x00005ca8                strtol
 .text.quorem   0x00005cbc      0x116 c:/program files (x86)/cypress/psoc creator/4.2/psoc creator/import/gnu/arm/5.4.1/bin/../lib/gcc/arm-none-eabi/5.4.1/../../../../arm-none-eabi/lib/armv7-m\libg_nano.a(lib_a-dtoa.o)
 *fill*         0x00005dd2        0x6 
 .text._dtoa_r  0x00005dd8      0xb30 c:/program files (x86)/cypress/psoc creator/4.2/psoc creator/import/gnu/arm/5.4.1/bin/../lib/gcc/arm-none-eabi/5.4.1/../../../../arm-none-eabi/lib/armv7-m\libg_nano.a(lib_a-dtoa.o)
                0x00005dd8                _dtoa_r
 .text._localeconv_r
                0x00006908        0x8 c:/program files (x86)/cypress/psoc creator/4.2/psoc creator/import/gnu/arm/5.4.1/bin/../lib/gcc/arm-none-eabi/5.4.1/../../../../arm-none-eabi/lib/armv7-m\libg_nano.a(lib_a-locale.o)
                0x00006908                _localeconv_r
 .text.malloc   0x00006910       0x10 c:/program files (x86)/cypress/psoc creator/4.2/psoc creator/import/gnu/arm/5.4.1/bin/../lib/gcc/arm-none-eabi/5.4.1/../../../../arm-none-eabi/lib/armv7-m\libg_nano.a(lib_a-malloc.o)
                0x00006910                malloc
 .text.memchr   0x00006920       0x1c c:/program files (x86)/cypress/psoc creator/4.2/psoc creator/import/gnu/arm/5.4.1/bin/../lib/gcc/arm-none-eabi/5.4.1/../../../../arm-none-eabi/lib/armv7-m\libg_nano.a(lib_a-memchr-stub.o)
                0x00006920                memchr
 .text._Balloc  0x0000693c       0x6a c:/program files (x86)/cypress/psoc creator/4.2/psoc creator/import/gnu/arm/5.4.1/bin/../lib/gcc/arm-none-eabi/5.4.1/../../../../arm-none-eabi/lib/armv7-m\libg_nano.a(lib_a-mprec.o)
                0x0000693c                _Balloc
 .text._Bfree   0x000069a6       0x2e c:/program files (x86)/cypress/psoc creator/4.2/psoc creator/import/gnu/arm/5.4.1/bin/../lib/gcc/arm-none-eabi/5.4.1/../../../../arm-none-eabi/lib/armv7-m\libg_nano.a(lib_a-mprec.o)
                0x000069a6                _Bfree
 .text.__multadd
                0x000069d4       0x76 c:/program files (x86)/cypress/psoc creator/4.2/psoc creator/import/gnu/arm/5.4.1/bin/../lib/gcc/arm-none-eabi/5.4.1/../../../../arm-none-eabi/lib/armv7-m\libg_nano.a(lib_a-mprec.o)
                0x000069d4                __multadd
 .text.__hi0bits
                0x00006a4a       0x40 c:/program files (x86)/cypress/psoc creator/4.2/psoc creator/import/gnu/arm/5.4.1/bin/../lib/gcc/arm-none-eabi/5.4.1/../../../../arm-none-eabi/lib/armv7-m\libg_nano.a(lib_a-mprec.o)
                0x00006a4a                __hi0bits
 .text.__lo0bits
                0x00006a8a       0x5a c:/program files (x86)/cypress/psoc creator/4.2/psoc creator/import/gnu/arm/5.4.1/bin/../lib/gcc/arm-none-eabi/5.4.1/../../../../arm-none-eabi/lib/armv7-m\libg_nano.a(lib_a-mprec.o)
                0x00006a8a                __lo0bits
 .text.__i2b    0x00006ae4       0x12 c:/program files (x86)/cypress/psoc creator/4.2/psoc creator/import/gnu/arm/5.4.1/bin/../lib/gcc/arm-none-eabi/5.4.1/../../../../arm-none-eabi/lib/armv7-m\libg_nano.a(lib_a-mprec.o)
                0x00006ae4                __i2b
 .text.__multiply
                0x00006af6      0x120 c:/program files (x86)/cypress/psoc creator/4.2/psoc creator/import/gnu/arm/5.4.1/bin/../lib/gcc/arm-none-eabi/5.4.1/../../../../arm-none-eabi/lib/armv7-m\libg_nano.a(lib_a-mprec.o)
                0x00006af6                __multiply
 *fill*         0x00006c16        0x2 
 .text.__pow5mult
                0x00006c18       0x9c c:/program files (x86)/cypress/psoc creator/4.2/psoc creator/import/gnu/arm/5.4.1/bin/../lib/gcc/arm-none-eabi/5.4.1/../../../../arm-none-eabi/lib/armv7-m\libg_nano.a(lib_a-mprec.o)
                0x00006c18                __pow5mult
 .text.__lshift
                0x00006cb4       0xa2 c:/program files (x86)/cypress/psoc creator/4.2/psoc creator/import/gnu/arm/5.4.1/bin/../lib/gcc/arm-none-eabi/5.4.1/../../../../arm-none-eabi/lib/armv7-m\libg_nano.a(lib_a-mprec.o)
                0x00006cb4                __lshift
 .text.__mcmp   0x00006d56       0x38 c:/program files (x86)/cypress/psoc creator/4.2/psoc creator/import/gnu/arm/5.4.1/bin/../lib/gcc/arm-none-eabi/5.4.1/../../../../arm-none-eabi/lib/armv7-m\libg_nano.a(lib_a-mprec.o)
                0x00006d56                __mcmp
 .text.__mdiff  0x00006d8e       0xbe c:/program files (x86)/cypress/psoc creator/4.2/psoc creator/import/gnu/arm/5.4.1/bin/../lib/gcc/arm-none-eabi/5.4.1/../../../../arm-none-eabi/lib/armv7-m\libg_nano.a(lib_a-mprec.o)
                0x00006d8e                __mdiff
 .text.__d2b    0x00006e4c       0x9c c:/program files (x86)/cypress/psoc creator/4.2/psoc creator/import/gnu/arm/5.4.1/bin/../lib/gcc/arm-none-eabi/5.4.1/../../../../arm-none-eabi/lib/armv7-m\libg_nano.a(lib_a-mprec.o)
                0x00006e4c                __d2b
 .text._calloc_r
                0x00006ee8       0x1c c:/program files (x86)/cypress/psoc creator/4.2/psoc creator/import/gnu/arm/5.4.1/bin/../lib/gcc/arm-none-eabi/5.4.1/../../../../arm-none-eabi/lib/armv7-m\libg_nano.a(lib_a-nano-callocr.o)
                0x00006ee8                _calloc_r
 .text._free_r  0x00006f04       0x98 c:/program files (x86)/cypress/psoc creator/4.2/psoc creator/import/gnu/arm/5.4.1/bin/../lib/gcc/arm-none-eabi/5.4.1/../../../../arm-none-eabi/lib/armv7-m\libg_nano.a(lib_a-nano-freer.o)
                0x00006f04                _free_r
 .text._malloc_r
                0x00006f9c       0xbc c:/program files (x86)/cypress/psoc creator/4.2/psoc creator/import/gnu/arm/5.4.1/bin/../lib/gcc/arm-none-eabi/5.4.1/../../../../arm-none-eabi/lib/armv7-m\libg_nano.a(lib_a-nano-mallocr.o)
                0x00006f9c                _malloc_r
 .text.__ssputs_r
                0x00007058       0xb2 c:/program files (x86)/cypress/psoc creator/4.2/psoc creator/import/gnu/arm/5.4.1/bin/../lib/gcc/arm-none-eabi/5.4.1/../../../../arm-none-eabi/lib/armv7-m\libg_nano.a(lib_a-nano-svfprintf.o)
                0x00007058                __ssputs_r
 *fill*         0x0000710a        0x2 
 .text._svfprintf_r
                0x0000710c      0x1e8 c:/program files (x86)/cypress/psoc creator/4.2/psoc creator/import/gnu/arm/5.4.1/bin/../lib/gcc/arm-none-eabi/5.4.1/../../../../arm-none-eabi/lib/armv7-m\libg_nano.a(lib_a-nano-svfprintf.o)
                0x0000710c                _svfiprintf_r
                0x0000710c                _svfprintf_r
 .text._sbrk_r  0x000072f4       0x20 c:/program files (x86)/cypress/psoc creator/4.2/psoc creator/import/gnu/arm/5.4.1/bin/../lib/gcc/arm-none-eabi/5.4.1/../../../../arm-none-eabi/lib/armv7-m\libg_nano.a(lib_a-sbrkr.o)
                0x000072f4                _sbrk_r
 .text.memmove  0x00007314       0x36 c:/program files (x86)/cypress/psoc creator/4.2/psoc creator/import/gnu/arm/5.4.1/bin/../lib/gcc/arm-none-eabi/5.4.1/../../../../arm-none-eabi/lib/armv7-m\libg_nano.a(lib_a-memmove.o)
                0x00007314                memmove
 .text.__malloc_lock
                0x0000734a        0x2 c:/program files (x86)/cypress/psoc creator/4.2/psoc creator/import/gnu/arm/5.4.1/bin/../lib/gcc/arm-none-eabi/5.4.1/../../../../arm-none-eabi/lib/armv7-m\libg_nano.a(lib_a-mlock.o)
                0x0000734a                __malloc_lock
 .text.__malloc_unlock
                0x0000734c        0x2 c:/program files (x86)/cypress/psoc creator/4.2/psoc creator/import/gnu/arm/5.4.1/bin/../lib/gcc/arm-none-eabi/5.4.1/../../../../arm-none-eabi/lib/armv7-m\libg_nano.a(lib_a-mlock.o)
                0x0000734c                __malloc_unlock
 .text._realloc_r
                0x0000734e       0x4c c:/program files (x86)/cypress/psoc creator/4.2/psoc creator/import/gnu/arm/5.4.1/bin/../lib/gcc/arm-none-eabi/5.4.1/../../../../arm-none-eabi/lib/armv7-m\libg_nano.a(lib_a-nano-reallocr.o)
                0x0000734e                _realloc_r
 .text._malloc_usable_size_r
                0x0000739a       0x14 c:/program files (x86)/cypress/psoc creator/4.2/psoc creator/import/gnu/arm/5.4.1/bin/../lib/gcc/arm-none-eabi/5.4.1/../../../../arm-none-eabi/lib/armv7-m\libg_nano.a(lib_a-nano-msizer.o)
                0x0000739a                _malloc_usable_size_r
 *fill*         0x000073ae        0x2 
 .text          0x000073b0       0x2c c:/program files (x86)/cypress/psoc creator/4.2/psoc creator/import/gnu/arm/5.4.1/bin/../lib/gcc/arm-none-eabi/5.4.1/armv7-m\libgcc.a(_arm_unorddf2.o)
                0x000073b0                __unorddf2
                0x000073b0                __aeabi_dcmpun
 *(.plt)
 *(.gnu.warning)
 *(.glue_7t)
 .glue_7t       0x000073dc        0x0 linker stubs
 *(.glue_7)
 .glue_7        0x000073dc        0x0 linker stubs
 *(.vfp11_veneer)
 .vfp11_veneer  0x000073dc        0x0 linker stubs
 *(.bootloader)
 *(.ARM.extab* .gnu.linkonce.armextab.*)
 *(.gcc_except_table)

.v4_bx          0x000073dc        0x0
 .v4_bx         0x000073dc        0x0 linker stubs

.iplt           0x000073dc        0x0
 .iplt          0x000073dc        0x0 c:/program files (x86)/cypress/psoc creator/4.2/psoc creator/import/gnu/arm/5.4.1/bin/../lib/gcc/arm-none-eabi/5.4.1/armv7-m/crtbegin.o

.eh_frame_hdr
 *(.eh_frame_hdr)

.eh_frame       0x000073dc        0x4
 *(.eh_frame)
 .eh_frame      0x000073dc        0x0 c:/program files (x86)/cypress/psoc creator/4.2/psoc creator/import/gnu/arm/5.4.1/bin/../lib/gcc/arm-none-eabi/5.4.1/armv7-m/crtbegin.o
 .eh_frame      0x000073dc        0x4 c:/program files (x86)/cypress/psoc creator/4.2/psoc creator/import/gnu/arm/5.4.1/bin/../lib/gcc/arm-none-eabi/5.4.1/armv7-m/crtend.o
                [!provide]                PROVIDE (__exidx_start, .)

.ARM.exidx
 *(.ARM.exidx* .gnu.linkonce.armexidx.*)
                0x000073e0                __exidx_end = .

.rodata         0x000073e0      0x748
 *(.rodata .rodata.* .gnu.linkonce.r.*)
 .rodata.str1.4
                0x000073e0      0x162 .\CortexM3\ARM_GCC_541\Debug\app.o
 *fill*         0x00007542        0x2 
 .rodata.str1.4
                0x00007544       0x15 .\CortexM3\ARM_GCC_541\Debug\bsp_uart.o
 *fill*         0x00007559        0x3 
 .rodata.str1.4
                0x0000755c       0x14 .\CortexM3\ARM_GCC_541\Debug\os_stat.o
 .rodata.str1.4
                0x00007570        0xa .\CortexM3\ARM_GCC_541\Debug\os_task.o
 *fill*         0x0000757a        0x2 
 .rodata.str1.4
                0x0000757c       0x14 .\CortexM3\ARM_GCC_541\Debug\os_tick.o
 .rodata.str1.4
                0x00007590       0x1d .\CortexM3\ARM_GCC_541\Debug\os_tmr.o
 *fill*         0x000075ad        0x3 
 .rodata        0x000075b0       0xa4 .\CortexM3\ARM_GCC_541\Debug\os_cfg_app.o
                0x000075b0                OSCfg_DataSizeRAM
                0x000075b4                OSCfg_TmrWheelSizeRAM
                0x000075b8                OSCfg_TmrWheelSize
                0x000075bc                OSCfg_TmrTaskStkSizeRAM
                0x000075c0                OSCfg_TmrTaskStkSize
                0x000075c4                OSCfg_TmrTaskStkLimit
                0x000075c8                OSCfg_TmrTaskStkBasePtr
                0x000075cc                OSCfg_TmrTaskRate_Hz
                0x000075d0                OSCfg_TmrTaskPrio
                0x000075d4                OSCfg_TickWheelSizeRAM
                0x000075d8                OSCfg_TickWheelSize
                0x000075dc                OSCfg_TickTaskStkSizeRAM
                0x000075e0                OSCfg_TickTaskStkSize
                0x000075e4                OSCfg_TickTaskStkLimit
                0x000075e8                OSCfg_TickTaskStkBasePtr
                0x000075ec                OSCfg_TickTaskPrio
                0x000075f0                OSCfg_TickRate_Hz
                0x000075f4                OSCfg_StkSizeMin
                0x000075f8                OSCfg_StatTaskStkSizeRAM
                0x000075fc                OSCfg_StatTaskStkSize
                0x00007600                OSCfg_StatTaskStkLimit
                0x00007604                OSCfg_StatTaskStkBasePtr
                0x00007608                OSCfg_StatTaskRate_Hz
                0x0000760c                OSCfg_StatTaskPrio
                0x00007610                OSCfg_MsgPoolBasePtr
                0x00007614                OSCfg_MsgPoolSizeRAM
                0x00007618                OSCfg_MsgPoolSize
                0x0000761c                OSCfg_ISRStkSizeRAM
                0x00007620                OSCfg_ISRStkSize
                0x00007624                OSCfg_ISRStkBasePtr
                0x00007628                OSCfg_IntQTaskStkSizeRAM
                0x0000762c                OSCfg_IntQTaskStkSize
                0x00007630                OSCfg_IntQTaskStkLimit
                0x00007634                OSCfg_IntQTaskStkBasePtr
                0x00007638                OSCfg_IntQSizeRAM
                0x0000763c                OSCfg_IntQSize
                0x00007640                OSCfg_IntQBasePtr
                0x00007644                OSCfg_IdleTaskStkSizeRAM
                0x00007648                OSCfg_IdleTaskStkSize
                0x0000764c                OSCfg_IdleTaskStkLimit
                0x00007650                OSCfg_IdleTaskStkBasePtr
 .rodata.str1.4
                0x00007654       0x28 .\CortexM3\ARM_GCC_541\Debug\os_core.o
                                 0x2a (size before relaxing)
 .rodata        0x0000767c       0x3a .\CortexM3\ARM_GCC_541\Debug\cyfitter_cfg.o
 *fill*         0x000076b6        0x2 
 .rodata.npio2_hw
                0x000076b8       0x80 c:/program files (x86)/cypress/psoc creator/4.2/psoc creator/import/gnu/arm/5.4.1/bin/../lib/gcc/arm-none-eabi/5.4.1/../../../../arm-none-eabi/lib/armv7-m\libm.a(lib_a-e_rem_pio2.o)
 .rodata.two_over_pi
                0x00007738      0x108 c:/program files (x86)/cypress/psoc creator/4.2/psoc creator/import/gnu/arm/5.4.1/bin/../lib/gcc/arm-none-eabi/5.4.1/../../../../arm-none-eabi/lib/armv7-m\libm.a(lib_a-e_rem_pio2.o)
 .rodata.init_jk
                0x00007840       0x10 c:/program files (x86)/cypress/psoc creator/4.2/psoc creator/import/gnu/arm/5.4.1/bin/../lib/gcc/arm-none-eabi/5.4.1/../../../../arm-none-eabi/lib/armv7-m\libm.a(lib_a-k_rem_pio2.o)
 .rodata.PIo2   0x00007850       0x40 c:/program files (x86)/cypress/psoc creator/4.2/psoc creator/import/gnu/arm/5.4.1/bin/../lib/gcc/arm-none-eabi/5.4.1/../../../../arm-none-eabi/lib/armv7-m\libm.a(lib_a-k_rem_pio2.o)
 .rodata._ctype_
                0x00007890      0x101 c:/program files (x86)/cypress/psoc creator/4.2/psoc creator/import/gnu/arm/5.4.1/bin/../lib/gcc/arm-none-eabi/5.4.1/../../../../arm-none-eabi/lib/armv7-m\libg_nano.a(lib_a-ctype_.o)
                0x00007890                _ctype_
 .rodata.str1.1
                0x00007991        0x2 c:/program files (x86)/cypress/psoc creator/4.2/psoc creator/import/gnu/arm/5.4.1/bin/../lib/gcc/arm-none-eabi/5.4.1/../../../../arm-none-eabi/lib/armv7-m\libg_nano.a(lib_a-impure.o)
 .rodata.str1.1
                0x00007993       0x12 c:/program files (x86)/cypress/psoc creator/4.2/psoc creator/import/gnu/arm/5.4.1/bin/../lib/gcc/arm-none-eabi/5.4.1/../../../../arm-none-eabi/lib/armv7-m\libg_nano.a(lib_a-nano-vfprintf_float.o)
 .rodata.str1.1
                0x000079a5       0x22 c:/program files (x86)/cypress/psoc creator/4.2/psoc creator/import/gnu/arm/5.4.1/bin/../lib/gcc/arm-none-eabi/5.4.1/../../../../arm-none-eabi/lib/armv7-m\libg_nano.a(lib_a-nano-vfprintf_i.o)
 .rodata.str1.1
                0x000079c7        0xd c:/program files (x86)/cypress/psoc creator/4.2/psoc creator/import/gnu/arm/5.4.1/bin/../lib/gcc/arm-none-eabi/5.4.1/../../../../arm-none-eabi/lib/armv7-m\libg_nano.a(lib_a-dtoa.o)
                                  0xf (size before relaxing)
 .rodata.str1.1
                0x000079d4        0x8 c:/program files (x86)/cypress/psoc creator/4.2/psoc creator/import/gnu/arm/5.4.1/bin/../lib/gcc/arm-none-eabi/5.4.1/../../../../arm-none-eabi/lib/armv7-m\libg_nano.a(lib_a-locale.o)
                                  0xb (size before relaxing)
 *fill*         0x000079dc        0x4 
 .rodata.__mprec_tens
                0x000079e0       0xc8 c:/program files (x86)/cypress/psoc creator/4.2/psoc creator/import/gnu/arm/5.4.1/bin/../lib/gcc/arm-none-eabi/5.4.1/../../../../arm-none-eabi/lib/armv7-m\libg_nano.a(lib_a-mprec.o)
                0x000079e0                __mprec_tens
 .rodata.p05.5408
                0x00007aa8        0xc c:/program files (x86)/cypress/psoc creator/4.2/psoc creator/import/gnu/arm/5.4.1/bin/../lib/gcc/arm-none-eabi/5.4.1/../../../../arm-none-eabi/lib/armv7-m\libg_nano.a(lib_a-mprec.o)
 *fill*         0x00007ab4        0x4 
 .rodata.__mprec_bigtens
                0x00007ab8       0x28 c:/program files (x86)/cypress/psoc creator/4.2/psoc creator/import/gnu/arm/5.4.1/bin/../lib/gcc/arm-none-eabi/5.4.1/../../../../arm-none-eabi/lib/armv7-m\libg_nano.a(lib_a-mprec.o)
                0x00007ab8                __mprec_bigtens
 .rodata.str1.1
                0x00007ae0       0x11 c:/program files (x86)/cypress/psoc creator/4.2/psoc creator/import/gnu/arm/5.4.1/bin/../lib/gcc/arm-none-eabi/5.4.1/../../../../arm-none-eabi/lib/armv7-m\libg_nano.a(lib_a-nano-svfprintf.o)
                0x00007af4                . = ALIGN (0x4)
 *fill*         0x00007af1        0x3 
 *(.init)
 .init          0x00007af4        0x4 c:/program files (x86)/cypress/psoc creator/4.2/psoc creator/import/gnu/arm/5.4.1/bin/../lib/gcc/arm-none-eabi/5.4.1/armv7-m/crti.o
                0x00007af4                _init
 .init          0x00007af8        0x8 c:/program files (x86)/cypress/psoc creator/4.2/psoc creator/import/gnu/arm/5.4.1/bin/../lib/gcc/arm-none-eabi/5.4.1/armv7-m/crtn.o
                0x00007b00                . = ALIGN (0x4)
                0x00007b00                __preinit_array_start = .
 *(.preinit_array)
                0x00007b00                __preinit_array_end = .
                0x00007b00                . = ALIGN (0x4)
                0x00007b00                __init_array_start = .
 *(SORT(.init_array.*))
 *(.init_array)
 .init_array    0x00007b00        0x4 c:/program files (x86)/cypress/psoc creator/4.2/psoc creator/import/gnu/arm/5.4.1/bin/../lib/gcc/arm-none-eabi/5.4.1/armv7-m/crtbegin.o
 .init_array    0x00007b04        0x4 .\CortexM3\ARM_GCC_541\Debug\Cm3Start.o
                0x00007b08                __init_array_end = .
                0x00007b08                . = ALIGN (0x4)
 *(.fini)
 .fini          0x00007b08        0x4 c:/program files (x86)/cypress/psoc creator/4.2/psoc creator/import/gnu/arm/5.4.1/bin/../lib/gcc/arm-none-eabi/5.4.1/armv7-m/crti.o
                0x00007b08                _fini
 .fini          0x00007b0c        0x8 c:/program files (x86)/cypress/psoc creator/4.2/psoc creator/import/gnu/arm/5.4.1/bin/../lib/gcc/arm-none-eabi/5.4.1/armv7-m/crtn.o
                0x00007b14                . = ALIGN (0x4)
                0x00007b14                __fini_array_start = .
 *(.fini_array)
 .fini_array    0x00007b14        0x4 c:/program files (x86)/cypress/psoc creator/4.2/psoc creator/import/gnu/arm/5.4.1/bin/../lib/gcc/arm-none-eabi/5.4.1/armv7-m/crtbegin.o
 *(SORT(.fini_array.*))
                0x00007b18                __fini_array_end = .
                0x00007b18                . = ALIGN (0x4)
 *crtbegin.o(.ctors)
 *(EXCLUDE_FILE(*crtend.o) .ctors)
 *(SORT(.ctors.*))
 *crtend.o(.ctors)
                0x00007b18                . = ALIGN (0x4)
 *crtbegin.o(.dtors)
 *(EXCLUDE_FILE(*crtend.o) .dtors)
 *(SORT(.dtors.*))
 *crtend.o(.dtors)
                0x00007b18                . = ALIGN (0x4)
                0x00007b18                __cy_regions = .
                0x00007b18        0x4 LONG 0x7b28 __cy_region_init_ram
                0x00007b1c        0x4 LONG 0x1fff80c8 __cy_region_start_data
                0x00007b20        0x4 LONG 0xa8 __cy_region_init_size_ram
                0x00007b24        0x4 LONG 0x27f8 __cy_region_zero_size_ram
                0x00007b28                __cy_regions_end = .
                0x00007b28                . = ALIGN (0x8)
                0x00007b28                _etext = .

.cy_checksum_exclude
                0x00007b28        0x0
 *(.cy_checksum_exclude)

.ramvectors     0x1fff8000       0xc0
                0x1fff8000                __cy_region_start_ram = .
 *(.ramvectors)
 .ramvectors    0x1fff8000       0xc0 .\CortexM3\ARM_GCC_541\Debug\Cm3Start.o
                0x1fff8000                CyRamVectors

.noinit         0x1fff80c0        0x1
 *(.noinit)
 .noinit        0x1fff80c0        0x1 .\CortexM3\ARM_GCC_541\Debug\esw_bmp280_Petrovic_Wagner.a(CyLib.o)
                0x1fff80c0                CyResetStatus

.data           0x1fff80c8       0xa8 load address 0x00007b28
                0x1fff80c8                __cy_region_start_data = .
 *(.jcr)
 .jcr           0x1fff80c8        0x0 c:/program files (x86)/cypress/psoc creator/4.2/psoc creator/import/gnu/arm/5.4.1/bin/../lib/gcc/arm-none-eabi/5.4.1/armv7-m/crtbegin.o
 .jcr           0x1fff80c8        0x4 c:/program files (x86)/cypress/psoc creator/4.2/psoc creator/import/gnu/arm/5.4.1/bin/../lib/gcc/arm-none-eabi/5.4.1/armv7-m/crtend.o
 *(.got.plt)
 *(.got)
 *(.shdata)
 *(.data .data.* .gnu.linkonce.d.*)
 .data          0x1fff80cc        0x4 .\CortexM3\ARM_GCC_541\Debug\Cm3Start.o
 .data.__ctype_ptr__
                0x1fff80d0        0x4 c:/program files (x86)/cypress/psoc creator/4.2/psoc creator/import/gnu/arm/5.4.1/bin/../lib/gcc/arm-none-eabi/5.4.1/../../../../arm-none-eabi/lib/armv7-m\libg_nano.a(lib_a-ctype_.o)
                0x1fff80d0                __ctype_ptr__
 .data.impure_data
                0x1fff80d4       0x60 c:/program files (x86)/cypress/psoc creator/4.2/psoc creator/import/gnu/arm/5.4.1/bin/../lib/gcc/arm-none-eabi/5.4.1/../../../../arm-none-eabi/lib/armv7-m\libg_nano.a(lib_a-impure.o)
 .data._impure_ptr
                0x1fff8134        0x4 c:/program files (x86)/cypress/psoc creator/4.2/psoc creator/import/gnu/arm/5.4.1/bin/../lib/gcc/arm-none-eabi/5.4.1/../../../../arm-none-eabi/lib/armv7-m\libg_nano.a(lib_a-impure.o)
                0x1fff8134                _impure_ptr
 .data.lconv    0x1fff8138       0x38 c:/program files (x86)/cypress/psoc creator/4.2/psoc creator/import/gnu/arm/5.4.1/bin/../lib/gcc/arm-none-eabi/5.4.1/../../../../arm-none-eabi/lib/armv7-m\libg_nano.a(lib_a-locale.o)
                0x1fff8170                . = ALIGN (0x8)
 *(.ram)
                0x1fff8170                _edata = .

.igot.plt       0x1fff8170        0x0 load address 0x00007bd0
 .igot.plt      0x1fff8170        0x0 c:/program files (x86)/cypress/psoc creator/4.2/psoc creator/import/gnu/arm/5.4.1/bin/../lib/gcc/arm-none-eabi/5.4.1/armv7-m/crtbegin.o

.bss            0x1fff8170     0x27f8 load address 0x00007bd0
                0x1fff8170                PROVIDE (__bss_start__, .)
 *(.shbss)
 *(.bss .bss.* .gnu.linkonce.b.*)
 .bss           0x1fff8170       0x1c c:/program files (x86)/cypress/psoc creator/4.2/psoc creator/import/gnu/arm/5.4.1/bin/../lib/gcc/arm-none-eabi/5.4.1/armv7-m/crtbegin.o
 .bss           0x1fff818c     0x1100 .\CortexM3\ARM_GCC_541\Debug\app.o
 .bss           0x1fff928c        0x9 .\CortexM3\ARM_GCC_541\Debug\esw_bmp280_Petrovic_Wagner.a(UART_1.o)
                0x1fff928c                UART_1_errorStatus
                0x1fff928d                UART_1_initVar
                0x1fff928e                UART_1_rxBufferRead
                0x1fff928f                UART_1_rxBufferWrite
                0x1fff9290                UART_1_rxBufferLoopDetect
                0x1fff9291                UART_1_rxBufferOverflow
                0x1fff9292                UART_1_txBufferRead
                0x1fff9293                UART_1_txBufferWrite
 *fill*         0x1fff9295        0x3 
 .bss.__malloc_sbrk_start
                0x1fff9298        0x4 c:/program files (x86)/cypress/psoc creator/4.2/psoc creator/import/gnu/arm/5.4.1/bin/../lib/gcc/arm-none-eabi/5.4.1/../../../../arm-none-eabi/lib/armv7-m\libg_nano.a(lib_a-nano-mallocr.o)
                0x1fff9298                __malloc_sbrk_start
 .bss.__malloc_free_list
                0x1fff929c        0x4 c:/program files (x86)/cypress/psoc creator/4.2/psoc creator/import/gnu/arm/5.4.1/bin/../lib/gcc/arm-none-eabi/5.4.1/../../../../arm-none-eabi/lib/armv7-m\libg_nano.a(lib_a-nano-mallocr.o)
                0x1fff929c                __malloc_free_list
 *(COMMON)
 COMMON         0x1fff92a0       0x14 .\CortexM3\ARM_GCC_541\Debug\cpu_core.o
                0x1fff92a0                CPU_TS_TmrFreq_Hz
                0x1fff92a4                CPU_Name
 COMMON         0x1fff92b4        0x4 .\CortexM3\ARM_GCC_541\Debug\os_cpu_c.o
                0x1fff92b4                OS_CPU_ExceptStkBase
 COMMON         0x1fff92b8        0x4 .\CortexM3\ARM_GCC_541\Debug\os_prio.o
                0x1fff92b8                OSPrioTbl
 COMMON         0x1fff92bc      0x418 .\CortexM3\ARM_GCC_541\Debug\os_var.o
                0x1fff92bc                OSSchedLockNestingCtr
                0x1fff92c0                OS_AppTaskReturnHookPtr
                0x1fff92c4                OSStatTaskTimeMax
                0x1fff92c8                OSStatTaskCtr
                0x1fff92cc                OSTaskRegNextAvailID
                0x1fff92cd                OSRunning
                0x1fff92d0                OSRdyList
                0x1fff9330                OSPrioHighRdy
                0x1fff9331                OSStatTaskRdy
                0x1fff9334                OSSemDbgListPtr
                0x1fff9338                OS_AppTaskCreateHookPtr
                0x1fff933c                OSPrioCur
                0x1fff9340                OSTickTaskTCB
                0x1fff9400                OSTmrTickCtr
                0x1fff9404                OSTCBCurPtr
                0x1fff9408                OSQQty
                0x1fff940a                OSStatTaskCPUUsageMax
                0x1fff940c                OSPrioSaved
                0x1fff9410                OSTCBHighRdyPtr
                0x1fff9414                OSTaskDbgListPtr
                0x1fff9418                OSTmrTaskTimeMax
                0x1fff941c                OS_AppTaskDelHookPtr
                0x1fff9420                OS_AppTimeTickHookPtr
                0x1fff9424                OSTaskCtxSwCtr
                0x1fff9428                OSStatTaskCPUUsage
                0x1fff942a                OSIntNestingCtr
                0x1fff942c                OSTaskQty
                0x1fff9430                OSTmrTaskTCB
                0x1fff94f0                OSMsgPool
                0x1fff94fc                OSIdleTaskTCB
                0x1fff95bc                OSQDbgListPtr
                0x1fff95c0                OSSemQty
                0x1fff95c4                OSMemDbgListPtr
                0x1fff95c8                OSSchedRoundRobinDfltTimeQuanta
                0x1fff95cc                OS_AppIdleTaskHookPtr
                0x1fff95d0                OSStatTaskCtrMax
                0x1fff95d4                OSTickCtr
                0x1fff95d8                OS_AppTaskSwHookPtr
                0x1fff95dc                OSTmrQty
                0x1fff95e0                OSIdleTaskCtr
                0x1fff95e4                OSStatTaskCtrRun
                0x1fff95e8                OS_AppStatTaskHookPtr
                0x1fff95ec                OSFlagQty
                0x1fff95f0                OSFlagDbgListPtr
                0x1fff95f4                OSStatResetFlag
                0x1fff95f6                OSMemQty
                0x1fff95f8                OSMutexQty
                0x1fff95fc                OSStatTaskTCB
                0x1fff96bc                OSTmrDbgListPtr
                0x1fff96c0                OSTickTaskTimeMax
                0x1fff96c4                OSTmrUpdateCnt
                0x1fff96c8                OSSchedRoundRobinEn
                0x1fff96cc                OSMutexDbgListPtr
                0x1fff96d0                OSTmrUpdateCtr
 COMMON         0x1fff96d4     0x1150 .\CortexM3\ARM_GCC_541\Debug\os_cfg_app.o
                0x1fff96d4                OSCfg_StatTaskStk
                0x1fff98d4                OSCfg_TickWheel
                0x1fff995c                OSCfg_MsgPool
                0x1fff9f9c                OSCfg_TmrTaskStk
                0x1fffa19c                OSCfg_TmrWheel
                0x1fffa224                OSCfg_ISRStk
                0x1fffa424                OSCfg_TickTaskStk
                0x1fffa624                OSCfg_IdleTaskStk
 COMMON         0x1fffa824      0x140 .\CortexM3\ARM_GCC_541\Debug\esw_bmp280_Petrovic_Wagner.a(UART_1.o)
                0x1fffa824                UART_1_txBuffer
                0x1fffa924                UART_1_rxBuffer
 COMMON         0x1fffa964        0x4 c:/program files (x86)/cypress/psoc creator/4.2/psoc creator/import/gnu/arm/5.4.1/bin/../lib/gcc/arm-none-eabi/5.4.1/../../../../arm-none-eabi/lib/armv7-m\libg_nano.a(lib_a-reent.o)
                0x1fffa964                errno
                0x1fffa968                . = ALIGN (0x8)
 *(.ram.b)
                0x1fffa968                _end = .
                0x1fffa968                __end = .
                0x1fffa968                PROVIDE (end, .)
                0x1fffa968                PROVIDE (__bss_end__, .)
                0x00007b28                __cy_region_init_ram = LOADADDR (.data)
                0x000000a8                __cy_region_init_size_ram = (_edata - ADDR (.data))
                0x000027f8                __cy_region_zero_size_ram = (_end - _edata)

.heap           0x1fffa968       0x80 load address 0x00007bd0
                0x1fffa968                . = _end
                0x1fffa9e8                . = (. + 0x80)
 *fill*         0x1fffa968       0x80 
                0x1fffa9e8                __cy_heap_limit = .

.stack          0x20007800      0x800
                0x20007800                __cy_stack_limit = .
                0x20008000                . = (. + 0x800)
 *fill*         0x20007800      0x800 
                0x00000001                ASSERT ((__cy_stack_limit >= __cy_heap_limit), region RAM overflowed with stack)
                0x00000000                cy_checksum_exclude_size = (CY_APPL_LOADABLE == 0x1)?SIZEOF (.cy_checksum_exclude):0x0
                0x00000001                ASSERT ((cy_checksum_exclude_size <= CY_CHECKSUM_EXCLUDE_SIZE), CY_BOOT: Section .cy_checksum_exclude size exceedes specified limit.)

.cyloadermeta
 *(.cyloadermeta)

.cyloadablemeta
 *(.cyloadablemeta)

.cyconfigecc    0x80000000      0x598
 *(.cyconfigecc)
 .cyconfigecc   0x80000000      0x598 .\CortexM3\ARM_GCC_541\Debug\cymetadata.o
                0x80000000                cy_meta_configecc

.cycustnvl      0x90000000        0x4
 *(.cycustnvl)
 .cycustnvl     0x90000000        0x4 .\CortexM3\ARM_GCC_541\Debug\cymetadata.o
                0x90000000                cy_meta_custnvl

.cywolatch      0x90100000        0x4
 *(.cywolatch)
 .cywolatch     0x90100000        0x4 .\CortexM3\ARM_GCC_541\Debug\cymetadata.o
                0x90100000                cy_meta_wonvl

.cyeeprom       0x90200000        0x0
 *(.cyeeprom)
                0x00000001                ASSERT ((. <= ((0x90200000 + ee_offset) + ee_size)), .cyeeprom data will not fit in EEPROM)

.cyflashprotect
                0x90400000      0x100
 *(.cyflashprotect)
 .cyflashprotect
                0x90400000      0x100 .\CortexM3\ARM_GCC_541\Debug\cymetadata.o
                0x90400000                cy_meta_flashprotect

.cymeta         0x90500000        0xc
 *(.cymeta)
 .cymeta        0x90500000        0xc .\CortexM3\ARM_GCC_541\Debug\cymetadata.o
                0x90500000                cy_metadata

.rel.dyn        0x00007bd0        0x0 load address 0x9050000c
 .rel.iplt      0x00007bd0        0x0 c:/program files (x86)/cypress/psoc creator/4.2/psoc creator/import/gnu/arm/5.4.1/bin/../lib/gcc/arm-none-eabi/5.4.1/armv7-m/crtbegin.o

.stab
 *(.stab)

.stabstr
 *(.stabstr)

.debug
 *(.debug)

.line
 *(.line)

.debug_srcinfo
 *(.debug_srcinfo)

.debug_sfnames
 *(.debug_sfnames)

.debug_aranges  0x00000000     0x1388
 *(.debug_aranges)
 .debug_aranges
                0x00000000       0x48 .\CortexM3\ARM_GCC_541\Debug\app.o
 .debug_aranges
                0x00000048       0x68 .\CortexM3\ARM_GCC_541\Debug\os_app_hooks.o
 .debug_aranges
                0x000000b0       0x38 .\CortexM3\ARM_GCC_541\Debug\bsp_os.o
 .debug_aranges
                0x000000e8       0x48 .\CortexM3\ARM_GCC_541\Debug\bsp.o
 .debug_aranges
                0x00000130       0x30 .\CortexM3\ARM_GCC_541\Debug\cpu_bsp.o
 .debug_aranges
                0x00000160       0x48 .\CortexM3\ARM_GCC_541\Debug\bsp_uart.o
 .debug_aranges
                0x000001a8       0x38 .\CortexM3\ARM_GCC_541\Debug\bsp_gpio.o
 .debug_aranges
                0x000001e0       0x18 .\CortexM3\ARM_GCC_541\Debug\bsp_spi.o
 .debug_aranges
                0x000001f8       0x50 .\CortexM3\ARM_GCC_541\Debug\cpu_c.o
 .debug_aranges
                0x00000248       0xb0 .\CortexM3\ARM_GCC_541\Debug\cpu_core.o
 .debug_aranges
                0x000002f8       0x38 .\CortexM3\ARM_GCC_541\Debug\lib_math.o
 .debug_aranges
                0x00000330       0x48 .\CortexM3\ARM_GCC_541\Debug\lib_mem.o
 .debug_aranges
                0x00000378       0xd8 .\CortexM3\ARM_GCC_541\Debug\lib_str.o
 .debug_aranges
                0x00000450       0x98 .\CortexM3\ARM_GCC_541\Debug\lib_ascii.o
 .debug_aranges
                0x000004e8       0x70 .\CortexM3\ARM_GCC_541\Debug\os_cpu_c.o
 .debug_aranges
                0x00000558       0x38 .\CortexM3\ARM_GCC_541\Debug\os_pend_multi.o
 .debug_aranges
                0x00000590       0x38 .\CortexM3\ARM_GCC_541\Debug\os_prio.o
 .debug_aranges
                0x000005c8       0x70 .\CortexM3\ARM_GCC_541\Debug\os_q.o
 .debug_aranges
                0x00000638       0x70 .\CortexM3\ARM_GCC_541\Debug\os_sem.o
 .debug_aranges
                0x000006a8       0x38 .\CortexM3\ARM_GCC_541\Debug\os_stat.o
 .debug_aranges
                0x000006e0       0xf0 .\CortexM3\ARM_GCC_541\Debug\os_task.o
 .debug_aranges
                0x000007d0       0x50 .\CortexM3\ARM_GCC_541\Debug\os_tick.o
 .debug_aranges
                0x00000820       0x48 .\CortexM3\ARM_GCC_541\Debug\os_time.o
 .debug_aranges
                0x00000868       0x88 .\CortexM3\ARM_GCC_541\Debug\os_tmr.o
 .debug_aranges
                0x000008f0       0x18 .\CortexM3\ARM_GCC_541\Debug\os_var.o
 .debug_aranges
                0x00000908       0x20 .\CortexM3\ARM_GCC_541\Debug\os_cfg_app.o
 .debug_aranges
                0x00000928      0x140 .\CortexM3\ARM_GCC_541\Debug\os_core.o
 .debug_aranges
                0x00000a68       0x20 .\CortexM3\ARM_GCC_541\Debug\os_dbg.o
 .debug_aranges
                0x00000a88       0x80 .\CortexM3\ARM_GCC_541\Debug\os_flag.o
 .debug_aranges
                0x00000b08       0x18 .\CortexM3\ARM_GCC_541\Debug\os_int.o
 .debug_aranges
                0x00000b20       0x40 .\CortexM3\ARM_GCC_541\Debug\os_mem.o
 .debug_aranges
                0x00000b60       0x40 .\CortexM3\ARM_GCC_541\Debug\os_msg.o
 .debug_aranges
                0x00000ba0       0x60 .\CortexM3\ARM_GCC_541\Debug\os_mutex.o
 .debug_aranges
                0x00000c00       0x58 .\CortexM3\ARM_GCC_541\Debug\cyfitter_cfg.o
 .debug_aranges
                0x00000c58       0x18 .\CortexM3\ARM_GCC_541\Debug\cymetadata.o
 .debug_aranges
                0x00000c70       0x48 .\CortexM3\ARM_GCC_541\Debug\Cm3Start.o
 .debug_aranges
                0x00000cb8       0x20 .\CortexM3\ARM_GCC_541\Debug\cpu_a.o
 .debug_aranges
                0x00000cd8       0x20 .\CortexM3\ARM_GCC_541\Debug\os_cpu_a.o
 .debug_aranges
                0x00000cf8       0xf0 .\CortexM3\ARM_GCC_541\Debug\esw_bmp280_Petrovic_Wagner.a(UART_1.o)
 .debug_aranges
                0x00000de8       0x28 .\CortexM3\ARM_GCC_541\Debug\esw_bmp280_Petrovic_Wagner.a(UART_1_INT.o)
 .debug_aranges
                0x00000e10       0x38 .\CortexM3\ARM_GCC_541\Debug\esw_bmp280_Petrovic_Wagner.a(Pin_1.o)
 .debug_aranges
                0x00000e48       0x70 .\CortexM3\ARM_GCC_541\Debug\esw_bmp280_Petrovic_Wagner.a(UART_1_IntClock.o)
 .debug_aranges
                0x00000eb8      0x2a0 .\CortexM3\ARM_GCC_541\Debug\esw_bmp280_Petrovic_Wagner.a(CyLib.o)
 .debug_aranges
                0x00001158       0x98 .\CortexM3\ARM_GCC_541\Debug\esw_bmp280_Petrovic_Wagner.a(cyPm.o)
 .debug_aranges
                0x000011f0       0x38 .\CortexM3\ARM_GCC_541\Debug\esw_bmp280_Petrovic_Wagner.a(Pin_2.o)
 .debug_aranges
                0x00001228       0x38 .\CortexM3\ARM_GCC_541\Debug\esw_bmp280_Petrovic_Wagner.a(push_button.o)
 .debug_aranges
                0x00001260       0x20 .\CortexM3\ARM_GCC_541\Debug\esw_bmp280_Petrovic_Wagner.a(CyBootAsmGnu.o)
 .debug_aranges
                0x00001280       0x88 .\CortexM3\ARM_GCC_541\Debug\esw_bmp280_Petrovic_Wagner.a(CyFlash.o)
 .debug_aranges
                0x00001308       0x80 .\CortexM3\ARM_GCC_541\Debug\esw_bmp280_Petrovic_Wagner.a(CySpc.o)

.debug_pubnames
 *(.debug_pubnames)

.debug_info     0x00000000    0x1df1b
 *(.debug_info .gnu.linkonce.wi.*)
 .debug_info    0x00000000     0x1645 .\CortexM3\ARM_GCC_541\Debug\app.o
 .debug_info    0x00001645      0x894 .\CortexM3\ARM_GCC_541\Debug\os_app_hooks.o
 .debug_info    0x00001ed9      0xe09 .\CortexM3\ARM_GCC_541\Debug\bsp_os.o
 .debug_info    0x00002ce2      0x29b .\CortexM3\ARM_GCC_541\Debug\bsp.o
 .debug_info    0x00002f7d      0x178 .\CortexM3\ARM_GCC_541\Debug\cpu_bsp.o
 .debug_info    0x000030f5      0x3b9 .\CortexM3\ARM_GCC_541\Debug\bsp_uart.o
 .debug_info    0x000034ae      0x28c .\CortexM3\ARM_GCC_541\Debug\bsp_gpio.o
 .debug_info    0x0000373a       0x87 .\CortexM3\ARM_GCC_541\Debug\bsp_spi.o
 .debug_info    0x000037c1      0x5f2 .\CortexM3\ARM_GCC_541\Debug\cpu_c.o
 .debug_info    0x00003db3      0x71b .\CortexM3\ARM_GCC_541\Debug\cpu_core.o
 .debug_info    0x000044ce      0x1e9 .\CortexM3\ARM_GCC_541\Debug\lib_math.o
 .debug_info    0x000046b7      0x4df .\CortexM3\ARM_GCC_541\Debug\lib_mem.o
 .debug_info    0x00004b96     0x10d7 .\CortexM3\ARM_GCC_541\Debug\lib_str.o
 .debug_info    0x00005c6d      0x43b .\CortexM3\ARM_GCC_541\Debug\lib_ascii.o
 .debug_info    0x000060a8      0xa1f .\CortexM3\ARM_GCC_541\Debug\os_cpu_c.o
 .debug_info    0x00006ac7     0x1032 .\CortexM3\ARM_GCC_541\Debug\os_pend_multi.o
 .debug_info    0x00007af9      0x1f0 .\CortexM3\ARM_GCC_541\Debug\os_prio.o
 .debug_info    0x00007ce9     0x14dd .\CortexM3\ARM_GCC_541\Debug\os_q.o
 .debug_info    0x000091c6     0x13bd .\CortexM3\ARM_GCC_541\Debug\os_sem.o
 .debug_info    0x0000a583     0x1219 .\CortexM3\ARM_GCC_541\Debug\os_stat.o
 .debug_info    0x0000b79c     0x20a8 .\CortexM3\ARM_GCC_541\Debug\os_task.o
 .debug_info    0x0000d844      0xfe0 .\CortexM3\ARM_GCC_541\Debug\os_tick.o
 .debug_info    0x0000e824     0x10d8 .\CortexM3\ARM_GCC_541\Debug\os_time.o
 .debug_info    0x0000f8fc     0x16b7 .\CortexM3\ARM_GCC_541\Debug\os_tmr.o
 .debug_info    0x00010fb3      0xf4c .\CortexM3\ARM_GCC_541\Debug\os_var.o
 .debug_info    0x00011eff      0xbda .\CortexM3\ARM_GCC_541\Debug\os_cfg_app.o
 .debug_info    0x00012ad9     0x1f24 .\CortexM3\ARM_GCC_541\Debug\os_core.o
 .debug_info    0x000149fd     0x1379 .\CortexM3\ARM_GCC_541\Debug\os_dbg.o
 .debug_info    0x00015d76     0x178f .\CortexM3\ARM_GCC_541\Debug\os_flag.o
 .debug_info    0x00017505       0x87 .\CortexM3\ARM_GCC_541\Debug\os_int.o
 .debug_info    0x0001758c      0x89b .\CortexM3\ARM_GCC_541\Debug\os_mem.o
 .debug_info    0x00017e27      0x87b .\CortexM3\ARM_GCC_541\Debug\os_msg.o
 .debug_info    0x000186a2     0x13bd .\CortexM3\ARM_GCC_541\Debug\os_mutex.o
 .debug_info    0x00019a5f      0x594 .\CortexM3\ARM_GCC_541\Debug\cyfitter_cfg.o
 .debug_info    0x00019ff3      0x136 .\CortexM3\ARM_GCC_541\Debug\cymetadata.o
 .debug_info    0x0001a129      0x3bb .\CortexM3\ARM_GCC_541\Debug\Cm3Start.o
 .debug_info    0x0001a4e4       0x90 .\CortexM3\ARM_GCC_541\Debug\cpu_a.o
 .debug_info    0x0001a574       0xa3 .\CortexM3\ARM_GCC_541\Debug\os_cpu_a.o
 .debug_info    0x0001a617      0x7be .\CortexM3\ARM_GCC_541\Debug\esw_bmp280_Petrovic_Wagner.a(UART_1.o)
 .debug_info    0x0001add5      0x196 .\CortexM3\ARM_GCC_541\Debug\esw_bmp280_Petrovic_Wagner.a(UART_1_INT.o)
 .debug_info    0x0001af6b      0x11f .\CortexM3\ARM_GCC_541\Debug\esw_bmp280_Petrovic_Wagner.a(Pin_1.o)
 .debug_info    0x0001b08a      0x283 .\CortexM3\ARM_GCC_541\Debug\esw_bmp280_Petrovic_Wagner.a(UART_1_IntClock.o)
 .debug_info    0x0001b30d     0x1374 .\CortexM3\ARM_GCC_541\Debug\esw_bmp280_Petrovic_Wagner.a(CyLib.o)
 .debug_info    0x0001c681      0xa2a .\CortexM3\ARM_GCC_541\Debug\esw_bmp280_Petrovic_Wagner.a(cyPm.o)
 .debug_info    0x0001d0ab      0x11f .\CortexM3\ARM_GCC_541\Debug\esw_bmp280_Petrovic_Wagner.a(Pin_2.o)
 .debug_info    0x0001d1ca      0x11f .\CortexM3\ARM_GCC_541\Debug\esw_bmp280_Petrovic_Wagner.a(push_button.o)
 .debug_info    0x0001d2e9       0x95 .\CortexM3\ARM_GCC_541\Debug\esw_bmp280_Petrovic_Wagner.a(CyBootAsmGnu.o)
 .debug_info    0x0001d37e      0x64d .\CortexM3\ARM_GCC_541\Debug\esw_bmp280_Petrovic_Wagner.a(CyFlash.o)
 .debug_info    0x0001d9cb      0x550 .\CortexM3\ARM_GCC_541\Debug\esw_bmp280_Petrovic_Wagner.a(CySpc.o)

.debug_abbrev   0x00000000     0x42b5
 *(.debug_abbrev)
 .debug_abbrev  0x00000000      0x277 .\CortexM3\ARM_GCC_541\Debug\app.o
 .debug_abbrev  0x00000277      0x127 .\CortexM3\ARM_GCC_541\Debug\os_app_hooks.o
 .debug_abbrev  0x0000039e      0x187 .\CortexM3\ARM_GCC_541\Debug\bsp_os.o
 .debug_abbrev  0x00000525      0x188 .\CortexM3\ARM_GCC_541\Debug\bsp.o
 .debug_abbrev  0x000006ad       0xce .\CortexM3\ARM_GCC_541\Debug\cpu_bsp.o
 .debug_abbrev  0x0000077b      0x12b .\CortexM3\ARM_GCC_541\Debug\bsp_uart.o
 .debug_abbrev  0x000008a6       0xe7 .\CortexM3\ARM_GCC_541\Debug\bsp_gpio.o
 .debug_abbrev  0x0000098d       0x26 .\CortexM3\ARM_GCC_541\Debug\bsp_spi.o
 .debug_abbrev  0x000009b3      0x155 .\CortexM3\ARM_GCC_541\Debug\cpu_c.o
 .debug_abbrev  0x00000b08      0x1fa .\CortexM3\ARM_GCC_541\Debug\cpu_core.o
 .debug_abbrev  0x00000d02      0x116 .\CortexM3\ARM_GCC_541\Debug\lib_math.o
 .debug_abbrev  0x00000e18      0x12a .\CortexM3\ARM_GCC_541\Debug\lib_mem.o
 .debug_abbrev  0x00000f42      0x19d .\CortexM3\ARM_GCC_541\Debug\lib_str.o
 .debug_abbrev  0x000010df      0x105 .\CortexM3\ARM_GCC_541\Debug\lib_ascii.o
 .debug_abbrev  0x000011e4      0x21d .\CortexM3\ARM_GCC_541\Debug\os_cpu_c.o
 .debug_abbrev  0x00001401      0x1f0 .\CortexM3\ARM_GCC_541\Debug\os_pend_multi.o
 .debug_abbrev  0x000015f1       0xf1 .\CortexM3\ARM_GCC_541\Debug\os_prio.o
 .debug_abbrev  0x000016e2      0x228 .\CortexM3\ARM_GCC_541\Debug\os_q.o
 .debug_abbrev  0x0000190a      0x226 .\CortexM3\ARM_GCC_541\Debug\os_sem.o
 .debug_abbrev  0x00001b30      0x1f6 .\CortexM3\ARM_GCC_541\Debug\os_stat.o
 .debug_abbrev  0x00001d26      0x1f3 .\CortexM3\ARM_GCC_541\Debug\os_task.o
 .debug_abbrev  0x00001f19      0x224 .\CortexM3\ARM_GCC_541\Debug\os_tick.o
 .debug_abbrev  0x0000213d      0x1c8 .\CortexM3\ARM_GCC_541\Debug\os_time.o
 .debug_abbrev  0x00002305      0x269 .\CortexM3\ARM_GCC_541\Debug\os_tmr.o
 .debug_abbrev  0x0000256e       0xb7 .\CortexM3\ARM_GCC_541\Debug\os_var.o
 .debug_abbrev  0x00002625       0xdc .\CortexM3\ARM_GCC_541\Debug\os_cfg_app.o
 .debug_abbrev  0x00002701      0x265 .\CortexM3\ARM_GCC_541\Debug\os_core.o
 .debug_abbrev  0x00002966       0xfa .\CortexM3\ARM_GCC_541\Debug\os_dbg.o
 .debug_abbrev  0x00002a60      0x226 .\CortexM3\ARM_GCC_541\Debug\os_flag.o
 .debug_abbrev  0x00002c86       0x26 .\CortexM3\ARM_GCC_541\Debug\os_int.o
 .debug_abbrev  0x00002cac      0x190 .\CortexM3\ARM_GCC_541\Debug\os_mem.o
 .debug_abbrev  0x00002e3c      0x184 .\CortexM3\ARM_GCC_541\Debug\os_msg.o
 .debug_abbrev  0x00002fc0      0x219 .\CortexM3\ARM_GCC_541\Debug\os_mutex.o
 .debug_abbrev  0x000031d9      0x20d .\CortexM3\ARM_GCC_541\Debug\cyfitter_cfg.o
 .debug_abbrev  0x000033e6       0x77 .\CortexM3\ARM_GCC_541\Debug\cymetadata.o
 .debug_abbrev  0x0000345d      0x1e8 .\CortexM3\ARM_GCC_541\Debug\Cm3Start.o
 .debug_abbrev  0x00003645       0x14 .\CortexM3\ARM_GCC_541\Debug\cpu_a.o
 .debug_abbrev  0x00003659       0x14 .\CortexM3\ARM_GCC_541\Debug\os_cpu_a.o
 .debug_abbrev  0x0000366d      0x16f .\CortexM3\ARM_GCC_541\Debug\esw_bmp280_Petrovic_Wagner.a(UART_1.o)
 .debug_abbrev  0x000037dc       0xa2 .\CortexM3\ARM_GCC_541\Debug\esw_bmp280_Petrovic_Wagner.a(UART_1_INT.o)
 .debug_abbrev  0x0000387e       0x90 .\CortexM3\ARM_GCC_541\Debug\esw_bmp280_Petrovic_Wagner.a(Pin_1.o)
 .debug_abbrev  0x0000390e      0x139 .\CortexM3\ARM_GCC_541\Debug\esw_bmp280_Petrovic_Wagner.a(UART_1_IntClock.o)
 .debug_abbrev  0x00003a47      0x254 .\CortexM3\ARM_GCC_541\Debug\esw_bmp280_Petrovic_Wagner.a(CyLib.o)
 .debug_abbrev  0x00003c9b      0x1ab .\CortexM3\ARM_GCC_541\Debug\esw_bmp280_Petrovic_Wagner.a(cyPm.o)
 .debug_abbrev  0x00003e46       0x90 .\CortexM3\ARM_GCC_541\Debug\esw_bmp280_Petrovic_Wagner.a(Pin_2.o)
 .debug_abbrev  0x00003ed6       0x90 .\CortexM3\ARM_GCC_541\Debug\esw_bmp280_Petrovic_Wagner.a(push_button.o)
 .debug_abbrev  0x00003f66       0x14 .\CortexM3\ARM_GCC_541\Debug\esw_bmp280_Petrovic_Wagner.a(CyBootAsmGnu.o)
 .debug_abbrev  0x00003f7a      0x1a7 .\CortexM3\ARM_GCC_541\Debug\esw_bmp280_Petrovic_Wagner.a(CyFlash.o)
 .debug_abbrev  0x00004121      0x194 .\CortexM3\ARM_GCC_541\Debug\esw_bmp280_Petrovic_Wagner.a(CySpc.o)

.debug_line     0x00000000     0x5ba3
 *(.debug_line)
 .debug_line    0x00000000      0x24c .\CortexM3\ARM_GCC_541\Debug\app.o
 .debug_line    0x0000024c      0x147 .\CortexM3\ARM_GCC_541\Debug\os_app_hooks.o
 .debug_line    0x00000393      0x112 .\CortexM3\ARM_GCC_541\Debug\bsp_os.o
 .debug_line    0x000004a5      0x1c6 .\CortexM3\ARM_GCC_541\Debug\bsp.o
 .debug_line    0x0000066b       0xaf .\CortexM3\ARM_GCC_541\Debug\cpu_bsp.o
 .debug_line    0x0000071a      0x175 .\CortexM3\ARM_GCC_541\Debug\bsp_uart.o
 .debug_line    0x0000088f      0x114 .\CortexM3\ARM_GCC_541\Debug\bsp_gpio.o
 .debug_line    0x000009a3       0x1d .\CortexM3\ARM_GCC_541\Debug\bsp_spi.o
 .debug_line    0x000009c0      0x1a8 .\CortexM3\ARM_GCC_541\Debug\cpu_c.o
 .debug_line    0x00000b68      0x260 .\CortexM3\ARM_GCC_541\Debug\cpu_core.o
 .debug_line    0x00000dc8       0xb9 .\CortexM3\ARM_GCC_541\Debug\lib_math.o
 .debug_line    0x00000e81      0x197 .\CortexM3\ARM_GCC_541\Debug\lib_mem.o
 .debug_line    0x00001018      0x4f8 .\CortexM3\ARM_GCC_541\Debug\lib_str.o
 .debug_line    0x00001510      0x20e .\CortexM3\ARM_GCC_541\Debug\lib_ascii.o
 .debug_line    0x0000171e      0x1e6 .\CortexM3\ARM_GCC_541\Debug\os_cpu_c.o
 .debug_line    0x00001904      0x191 .\CortexM3\ARM_GCC_541\Debug\os_pend_multi.o
 .debug_line    0x00001a95       0xf6 .\CortexM3\ARM_GCC_541\Debug\os_prio.o
 .debug_line    0x00001b8b      0x264 .\CortexM3\ARM_GCC_541\Debug\os_q.o
 .debug_line    0x00001def      0x25e .\CortexM3\ARM_GCC_541\Debug\os_sem.o
 .debug_line    0x0000204d      0x1a7 .\CortexM3\ARM_GCC_541\Debug\os_stat.o
 .debug_line    0x000021f4      0x53b .\CortexM3\ARM_GCC_541\Debug\os_task.o
 .debug_line    0x0000272f      0x1f2 .\CortexM3\ARM_GCC_541\Debug\os_tick.o
 .debug_line    0x00002921      0x198 .\CortexM3\ARM_GCC_541\Debug\os_time.o
 .debug_line    0x00002ab9      0x317 .\CortexM3\ARM_GCC_541\Debug\os_tmr.o
 .debug_line    0x00002dd0       0x7f .\CortexM3\ARM_GCC_541\Debug\os_var.o
 .debug_line    0x00002e4f       0xaf .\CortexM3\ARM_GCC_541\Debug\os_cfg_app.o
 .debug_line    0x00002efe      0x5c9 .\CortexM3\ARM_GCC_541\Debug\os_core.o
 .debug_line    0x000034c7       0xab .\CortexM3\ARM_GCC_541\Debug\os_dbg.o
 .debug_line    0x00003572      0x301 .\CortexM3\ARM_GCC_541\Debug\os_flag.o
 .debug_line    0x00003873       0x1d .\CortexM3\ARM_GCC_541\Debug\os_int.o
 .debug_line    0x00003890      0x14a .\CortexM3\ARM_GCC_541\Debug\os_mem.o
 .debug_line    0x000039da      0x17a .\CortexM3\ARM_GCC_541\Debug\os_msg.o
 .debug_line    0x00003b54      0x25b .\CortexM3\ARM_GCC_541\Debug\os_mutex.o
 .debug_line    0x00003daf      0x1f5 .\CortexM3\ARM_GCC_541\Debug\cyfitter_cfg.o
 .debug_line    0x00003fa4      0x141 .\CortexM3\ARM_GCC_541\Debug\cymetadata.o
 .debug_line    0x000040e5      0x234 .\CortexM3\ARM_GCC_541\Debug\Cm3Start.o
 .debug_line    0x00004319       0x70 .\CortexM3\ARM_GCC_541\Debug\cpu_a.o
 .debug_line    0x00004389       0x9a .\CortexM3\ARM_GCC_541\Debug\os_cpu_a.o
 .debug_line    0x00004423      0x33f .\CortexM3\ARM_GCC_541\Debug\esw_bmp280_Petrovic_Wagner.a(UART_1.o)
 .debug_line    0x00004762       0xa9 .\CortexM3\ARM_GCC_541\Debug\esw_bmp280_Petrovic_Wagner.a(UART_1_INT.o)
 .debug_line    0x0000480b       0x92 .\CortexM3\ARM_GCC_541\Debug\esw_bmp280_Petrovic_Wagner.a(Pin_1.o)
 .debug_line    0x0000489d      0x17e .\CortexM3\ARM_GCC_541\Debug\esw_bmp280_Petrovic_Wagner.a(UART_1_IntClock.o)
 .debug_line    0x00004a1b      0x816 .\CortexM3\ARM_GCC_541\Debug\esw_bmp280_Petrovic_Wagner.a(CyLib.o)
 .debug_line    0x00005231      0x367 .\CortexM3\ARM_GCC_541\Debug\esw_bmp280_Petrovic_Wagner.a(cyPm.o)
 .debug_line    0x00005598       0x93 .\CortexM3\ARM_GCC_541\Debug\esw_bmp280_Petrovic_Wagner.a(Pin_2.o)
 .debug_line    0x0000562b       0x98 .\CortexM3\ARM_GCC_541\Debug\esw_bmp280_Petrovic_Wagner.a(push_button.o)
 .debug_line    0x000056c3       0x66 .\CortexM3\ARM_GCC_541\Debug\esw_bmp280_Petrovic_Wagner.a(CyBootAsmGnu.o)
 .debug_line    0x00005729      0x21a .\CortexM3\ARM_GCC_541\Debug\esw_bmp280_Petrovic_Wagner.a(CyFlash.o)
 .debug_line    0x00005943      0x260 .\CortexM3\ARM_GCC_541\Debug\esw_bmp280_Petrovic_Wagner.a(CySpc.o)

.debug_frame    0x00000000     0x40fc
 *(.debug_frame)
 .debug_frame   0x00000000       0xdc .\CortexM3\ARM_GCC_541\Debug\app.o
 .debug_frame   0x000000dc       0xc8 .\CortexM3\ARM_GCC_541\Debug\os_app_hooks.o
 .debug_frame   0x000001a4       0x88 .\CortexM3\ARM_GCC_541\Debug\bsp_os.o
 .debug_frame   0x0000022c       0xa0 .\CortexM3\ARM_GCC_541\Debug\bsp.o
 .debug_frame   0x000002cc       0x4c .\CortexM3\ARM_GCC_541\Debug\cpu_bsp.o
 .debug_frame   0x00000318       0xcc .\CortexM3\ARM_GCC_541\Debug\bsp_uart.o
 .debug_frame   0x000003e4       0x84 .\CortexM3\ARM_GCC_541\Debug\bsp_gpio.o
 .debug_frame   0x00000468       0xdc .\CortexM3\ARM_GCC_541\Debug\cpu_c.o
 .debug_frame   0x00000544      0x208 .\CortexM3\ARM_GCC_541\Debug\cpu_core.o
 .debug_frame   0x0000074c       0x78 .\CortexM3\ARM_GCC_541\Debug\lib_math.o
 .debug_frame   0x000007c4       0xcc .\CortexM3\ARM_GCC_541\Debug\lib_mem.o
 .debug_frame   0x00000890      0x41c .\CortexM3\ARM_GCC_541\Debug\lib_str.o
 .debug_frame   0x00000cac      0x120 .\CortexM3\ARM_GCC_541\Debug\lib_ascii.o
 .debug_frame   0x00000dcc      0x138 .\CortexM3\ARM_GCC_541\Debug\os_cpu_c.o
 .debug_frame   0x00000f04       0xa4 .\CortexM3\ARM_GCC_541\Debug\os_pend_multi.o
 .debug_frame   0x00000fa8       0x5c .\CortexM3\ARM_GCC_541\Debug\os_prio.o
 .debug_frame   0x00001004      0x194 .\CortexM3\ARM_GCC_541\Debug\os_q.o
 .debug_frame   0x00001198      0x180 .\CortexM3\ARM_GCC_541\Debug\os_sem.o
 .debug_frame   0x00001318       0xa4 .\CortexM3\ARM_GCC_541\Debug\os_stat.o
 .debug_frame   0x000013bc      0x3b8 .\CortexM3\ARM_GCC_541\Debug\os_task.o
 .debug_frame   0x00001774       0xd0 .\CortexM3\ARM_GCC_541\Debug\os_tick.o
 .debug_frame   0x00001844       0xdc .\CortexM3\ARM_GCC_541\Debug\os_time.o
 .debug_frame   0x00001920      0x1c0 .\CortexM3\ARM_GCC_541\Debug\os_tmr.o
 .debug_frame   0x00001ae0       0x20 .\CortexM3\ARM_GCC_541\Debug\os_cfg_app.o
 .debug_frame   0x00001b00      0x424 .\CortexM3\ARM_GCC_541\Debug\os_core.o
 .debug_frame   0x00001f24       0x20 .\CortexM3\ARM_GCC_541\Debug\os_dbg.o
 .debug_frame   0x00001f44      0x1bc .\CortexM3\ARM_GCC_541\Debug\os_flag.o
 .debug_frame   0x00002100       0x9c .\CortexM3\ARM_GCC_541\Debug\os_mem.o
 .debug_frame   0x0000219c       0xb8 .\CortexM3\ARM_GCC_541\Debug\os_msg.o
 .debug_frame   0x00002254      0x13c .\CortexM3\ARM_GCC_541\Debug\os_mutex.o
 .debug_frame   0x00002390       0xe4 .\CortexM3\ARM_GCC_541\Debug\cyfitter_cfg.o
 .debug_frame   0x00002474       0xb8 .\CortexM3\ARM_GCC_541\Debug\Cm3Start.o
 .debug_frame   0x0000252c      0x25c .\CortexM3\ARM_GCC_541\Debug\esw_bmp280_Petrovic_Wagner.a(UART_1.o)
 .debug_frame   0x00002788       0x30 .\CortexM3\ARM_GCC_541\Debug\esw_bmp280_Petrovic_Wagner.a(UART_1_INT.o)
 .debug_frame   0x000027b8       0x50 .\CortexM3\ARM_GCC_541\Debug\esw_bmp280_Petrovic_Wagner.a(Pin_1.o)
 .debug_frame   0x00002808       0xe0 .\CortexM3\ARM_GCC_541\Debug\esw_bmp280_Petrovic_Wagner.a(UART_1_IntClock.o)
 .debug_frame   0x000028e8      0x738 .\CortexM3\ARM_GCC_541\Debug\esw_bmp280_Petrovic_Wagner.a(CyLib.o)
 .debug_frame   0x00003020      0x1f8 .\CortexM3\ARM_GCC_541\Debug\esw_bmp280_Petrovic_Wagner.a(cyPm.o)
 .debug_frame   0x00003218       0x50 .\CortexM3\ARM_GCC_541\Debug\esw_bmp280_Petrovic_Wagner.a(Pin_2.o)
 .debug_frame   0x00003268       0x50 .\CortexM3\ARM_GCC_541\Debug\esw_bmp280_Petrovic_Wagner.a(push_button.o)
 .debug_frame   0x000032b8      0x194 .\CortexM3\ARM_GCC_541\Debug\esw_bmp280_Petrovic_Wagner.a(CyFlash.o)
 .debug_frame   0x0000344c      0x180 .\CortexM3\ARM_GCC_541\Debug\esw_bmp280_Petrovic_Wagner.a(CySpc.o)
 .debug_frame   0x000035cc       0x38 c:/program files (x86)/cypress/psoc creator/4.2/psoc creator/import/gnu/arm/5.4.1/bin/../lib/gcc/arm-none-eabi/5.4.1/../../../../arm-none-eabi/lib/armv7-m\libm.a(lib_a-s_cos.o)
 .debug_frame   0x00003604       0x38 c:/program files (x86)/cypress/psoc creator/4.2/psoc creator/import/gnu/arm/5.4.1/bin/../lib/gcc/arm-none-eabi/5.4.1/../../../../arm-none-eabi/lib/armv7-m\libm.a(lib_a-s_sin.o)
 .debug_frame   0x0000363c       0x48 c:/program files (x86)/cypress/psoc creator/4.2/psoc creator/import/gnu/arm/5.4.1/bin/../lib/gcc/arm-none-eabi/5.4.1/../../../../arm-none-eabi/lib/armv7-m\libm.a(lib_a-e_rem_pio2.o)